Last login: Sun Jun 27 01:56:02 on ttys000
ppradyoth@Pradyoths-MacBook-Air ~ % mysql -u root -p
Enter password: 
Welcome to the MySQL monitor.  Commands end with ; or \g.
Your MySQL connection id is 9
Server version: 8.0.24 MySQL Community Server - GPL

Copyright (c) 2000, 2021, Oracle and/or its affiliates.

Oracle is a registered trademark of Oracle Corporation and/or its
affiliates. Other names may be trademarks of their respective
owners.

Type 'help;' or '\h' for help. Type '\c' to clear the current input statement.

mysql> use psychmytrip;
Reading table information for completion of table and column names
You can turn off this feature to get a quicker startup with -A

Database changed
mysql> insert into Employee values(1,'Akash',45,50000,'Manager','1982-08-16',1,5);
Query OK, 1 row affected (0.02 sec)

mysql> insert into Employee values(2,'Ramesh',42,50000,'Manager','1987-03-04',2,5);
Query OK, 1 row affected (0.01 sec)

mysql> insert into Employee values(3,'Suresh',40,50000,'Manager','1990-02-12',3,5);
Query OK, 1 row affected (0.00 sec)

mysql> insert into Employee values(4,'Ganesh',35,5000,'Security','1998-09-12',1,5);
Query OK, 1 row affected (0.00 sec)

mysql> insert into Employee values(5,'Govinda',30,12000,'Travels Agent','2010-08-22',2,4);
Query OK, 1 row affected (0.00 sec)

mysql> insert into Employee values(6,'Sebastian',27,11000,'Travel Agent','2015-06-30',3,3);
Query OK, 1 row affected (0.00 sec)

mysql> insert into Employee values(7,'Anvitha',25,10000,'Receptionist','2017-06-30',1,4);
Query OK, 1 row affected (0.00 sec)

mysql> insert into Employee values(8,'Suzie',29,35000,'Trip Planner','2018-04-06',2,4);
Query OK, 1 row affected (0.00 sec)

mysql> insert into Employee values(9,'Arun',22,29000,'Trip Manager','2020-01-25',1,3);
Query OK, 1 row affected (0.00 sec)

mysql> insert into Employee values(10,'Ansari',32,41000,'Customer Executive','2013-02-19',3,5);
Query OK, 1 row affected (0.00 sec)

mysql> update Employee set Date_of_join='2005-05-10' where Date_of_join<'2000';
ERROR 1292 (22007): Incorrect date value: '2000' for column 'Date_of_join' at row 1
mysql> update Employee set Date_of_join='2005-05-10' where Date_of_join like '2000';
Query OK, 0 rows affected (0.01 sec)
Rows matched: 0  Changed: 0  Warnings: 0

mysql> select * from Employee;
+--------+-----------+------+--------+--------------------+--------------+------------+------------+
| Emp_ID | Emp_Name  | Age  | Salary | Designation        | Date_of_Join | Manager_ID | Emp_Rating |
+--------+-----------+------+--------+--------------------+--------------+------------+------------+
|      1 | Akash     |   45 |  50000 | Manager            | 1982-08-16   |          1 |          5 |
|      2 | Ramesh    |   42 |  50000 | Manager            | 1987-03-04   |          2 |          5 |
|      3 | Suresh    |   40 |  50000 | Manager            | 1990-02-12   |          3 |          5 |
|      4 | Ganesh    |   35 |   5000 | Security           | 1998-09-12   |          1 |          5 |
|      5 | Govinda   |   30 |  12000 | Travels Agent      | 2010-08-22   |          2 |          4 |
|      6 | Sebastian |   27 |  11000 | Travel Agent       | 2015-06-30   |          3 |          3 |
|      7 | Anvitha   |   25 |  10000 | Receptionist       | 2017-06-30   |          1 |          4 |
|      8 | Suzie     |   29 |  35000 | Trip Planner       | 2018-04-06   |          2 |          4 |
|      9 | Arun      |   22 |  29000 | Trip Manager       | 2020-01-25   |          1 |          3 |
|     10 | Ansari    |   32 |  41000 | Customer Executive | 2013-02-19   |          3 |          5 |
+--------+-----------+------+--------+--------------------+--------------+------------+------------+
10 rows in set (0.00 sec)

mysql> update Employee set Date_of_join='2005-05-10' where Emp_ID=1;
Query OK, 1 row affected (0.01 sec)
Rows matched: 1  Changed: 1  Warnings: 0

mysql> update Employee set Date_of_join='2005-05-10' where Emp_ID=2;
Query OK, 1 row affected (0.01 sec)
Rows matched: 1  Changed: 1  Warnings: 0

mysql> update Employee set Date_of_join='2005-05-10' where Emp_ID=3;
Query OK, 1 row affected (0.00 sec)
Rows matched: 1  Changed: 1  Warnings: 0

mysql> update Employee set Date_of_join='2009-09-12' where Emp_ID=4;
Query OK, 1 row affected (0.00 sec)
Rows matched: 1  Changed: 1  Warnings: 0

mysql> update Employee set Designation='Travel Agent' where Emp_ID=5;
Query OK, 1 row affected (0.00 sec)
Rows matched: 1  Changed: 1  Warnings: 0

mysql> select * from Employee;
+--------+-----------+------+--------+--------------------+--------------+------------+------------+
| Emp_ID | Emp_Name  | Age  | Salary | Designation        | Date_of_Join | Manager_ID | Emp_Rating |
+--------+-----------+------+--------+--------------------+--------------+------------+------------+
|      1 | Akash     |   45 |  50000 | Manager            | 2005-05-10   |          1 |          5 |
|      2 | Ramesh    |   42 |  50000 | Manager            | 2005-05-10   |          2 |          5 |
|      3 | Suresh    |   40 |  50000 | Manager            | 2005-05-10   |          3 |          5 |
|      4 | Ganesh    |   35 |   5000 | Security           | 2009-09-12   |          1 |          5 |
|      5 | Govinda   |   30 |  12000 | Travel Agent       | 2010-08-22   |          2 |          4 |
|      6 | Sebastian |   27 |  11000 | Travel Agent       | 2015-06-30   |          3 |          3 |
|      7 | Anvitha   |   25 |  10000 | Receptionist       | 2017-06-30   |          1 |          4 |
|      8 | Suzie     |   29 |  35000 | Trip Planner       | 2018-04-06   |          2 |          4 |
|      9 | Arun      |   22 |  29000 | Trip Manager       | 2020-01-25   |          1 |          3 |
|     10 | Ansari    |   32 |  41000 | Customer Executive | 2013-02-19   |          3 |          5 |
+--------+-----------+------+--------+--------------------+--------------+------------+------------+
10 rows in set (0.01 sec)

mysql> desc TripPackages;
+----------------+-------------+------+-----+---------+-------+
| Field          | Type        | Null | Key | Default | Extra |
+----------------+-------------+------+-----+---------+-------+
| P_ID           | int         | NO   | PRI | NULL    |       |
| P_Name         | varchar(20) | YES  |     | NULL    |       |
| Destination    | varchar(20) | YES  |     | NULL    |       |
| Number_of_Days | int         | YES  |     | NULL    |       |
| Price          | int         | YES  |     | NULL    |       |
| Profit         | int         | YES  |     | NULL    |       |
+----------------+-------------+------+-----+---------+-------+
6 rows in set (0.01 sec)

mysql> insert into trippackages values(1,'4P:Dandeli','Dandeli',5,60000,20000);
Query OK, 1 row affected (0.00 sec)

mysql> insert into trippackages values(2,'6P:Dandeli','Dandeli',5,84000,30000);
Query OK, 1 row affected (0.00 sec)

mysql> insert into trippackages values(3,'Honeymoon:Paris','Paris',480000,180000);
ERROR 1136 (21S01): Column count doesn't match value count at row 1
mysql> insert into trippackages values(3,'HM:Paris','Paris',480000,180000);
ERROR 1136 (21S01): Column count doesn't match value count at row 1
mysql> insert into trippackages values(3,'Honeymoon:Paris','Paris',9,480000,180000);
Query OK, 1 row affected (0.01 sec)

mysql> insert into trippackages values(4,'Honeymoon:Andaman','Andaman&Nicobar',9,300000,110000);
Query OK, 1 row affected (0.01 sec)

mysql> insert into trippackages values(5,'Honeymoon:Bali','Bali,Indonesia',9,400000,190000);
Query OK, 1 row affected (0.00 sec)

mysql> insert into trippackages values(6,'Honeymoon:Maldives','Maldives',9,340000,160000);
Query OK, 1 row affected (0.00 sec)

mysql> insert into trippackages values(7,'Honeymoon:Monaco','Monaco',9,500000,230000);
Query OK, 1 row affected (0.01 sec)

mysql> insert into trippackages values(8,'2P:Manali','Kulu-Manali',6,50000,10000);
Query OK, 1 row affected (0.00 sec)

mysql> insert into trippackages values(9,'2P:Kedarnath','Kedarnath',5,40000,9000);
Query OK, 1 row affected (0.00 sec)

mysql> insert into trippackages values(10,'2P:Mumbai','Mumbai',5,70000,14000);
Query OK, 1 row affected (0.01 sec)

mysql> insert into trippackages values(11,'2P:Delhi','Delhi',5,65000,15000);
Query OK, 1 row affected (0.01 sec)

mysql> insert into trippackages values(12,'10P:HimalayaTrek','Himachal Pradesh',10,800000,300000);
Query OK, 1 row affected (0.00 sec)

mysql> insert into trippackages values(13,'2P:HimalayaTrek','Himachal Pradesh',10,200000,50000);
Query OK, 1 row affected (0.00 sec)

mysql> insert into trippackages values(14,'2P:Goa','Goa',6,18000,4000);
Query OK, 1 row affected (0.00 sec)

mysql> insert into trippackages values(15,'4P:Shirdi','Shirdi',4,20000,5000);
Query OK, 1 row affected (0.00 sec)

mysql> insert into trippackages values(16,'2P:Ooty','Ooty',3,10000,3000);
Query OK, 1 row affected (0.01 sec)

mysql> insert into trippackages values(17,'2P:Kodaikanal','Kodaikanal',4,16000,5000);
Query OK, 1 row affected (0.00 sec)

mysql> insert into trippackages values(18,'2P:MysuruLocalTour','Mysuru',3,8000,4000);
Query OK, 1 row affected (0.00 sec)

mysql> select * from trippackages;
+------+--------------------+------------------+----------------+--------+--------+
| P_ID | P_Name             | Destination      | Number_of_Days | Price  | Profit |
+------+--------------------+------------------+----------------+--------+--------+
|    1 | 4P:Dandeli         | Dandeli          |              5 |  60000 |  20000 |
|    2 | 6P:Dandeli         | Dandeli          |              5 |  84000 |  30000 |
|    3 | Honeymoon:Paris    | Paris            |              9 | 480000 | 180000 |
|    4 | Honeymoon:Andaman  | Andaman&Nicobar  |              9 | 300000 | 110000 |
|    5 | Honeymoon:Bali     | Bali,Indonesia   |              9 | 400000 | 190000 |
|    6 | Honeymoon:Maldives | Maldives         |              9 | 340000 | 160000 |
|    7 | Honeymoon:Monaco   | Monaco           |              9 | 500000 | 230000 |
|    8 | 2P:Manali          | Kulu-Manali      |              6 |  50000 |  10000 |
|    9 | 2P:Kedarnath       | Kedarnath        |              5 |  40000 |   9000 |
|   10 | 2P:Mumbai          | Mumbai           |              5 |  70000 |  14000 |
|   11 | 2P:Delhi           | Delhi            |              5 |  65000 |  15000 |
|   12 | 10P:HimalayaTrek   | Himachal Pradesh |             10 | 800000 | 300000 |
|   13 | 2P:HimalayaTrek    | Himachal Pradesh |             10 | 200000 |  50000 |
|   14 | 2P:Goa             | Goa              |              6 |  18000 |   4000 |
|   15 | 4P:Shirdi          | Shirdi           |              4 |  20000 |   5000 |
|   16 | 2P:Ooty            | Ooty             |              3 |  10000 |   3000 |
|   17 | 2P:Kodaikanal      | Kodaikanal       |              4 |  16000 |   5000 |
|   18 | 2P:MysuruLocalTour | Mysuru           |              3 |   8000 |   4000 |
+------+--------------------+------------------+----------------+--------+--------+
18 rows in set (0.00 sec)

mysql> select sum(profit) from trippackages;
+-------------+
| sum(profit) |
+-------------+
|     1339000 |
+-------------+
1 row in set (0.01 sec)

mysql> select sum(salary) from Employee;
+-------------+
| sum(salary) |
+-------------+
|      293000 |
+-------------+
1 row in set (0.00 sec)

mysql> select sum(price) from trippackages;
+------------+
| sum(price) |
+------------+
|    3461000 |
+------------+
1 row in set (0.00 sec)

mysql> s
mysql> create table Expenses(Sl_no int(10),Exp_name varchar(20), Cost_per_year int(10));
Query OK, 0 rows affected, 2 warnings (0.05 sec)

mysql> insert into expenses(1,'Electricity',18000);
ERROR 1064 (42000): You have an error in your SQL syntax; check the manual that corresponds to your MySQL server version for the right syntax to use near '1,'Electricity',18000)' at line 1
mysql> insert into expenses values(1,'Electricity',18000);
Query OK, 1 row affected (0.01 sec)

mysql> insert into expenses values(2,'Water Bill',3000);
Query OK, 1 row affected (0.00 sec)

mysql> insert into expenses values(3,'WiFi',14400);
Query OK, 1 row affected (0.00 sec)

mysql> insert into expenses values(4,'Rent',240000);
Query OK, 1 row affected (0.00 sec)

mysql> insert into expenses values(5,'Food&misc',400000);
Query OK, 1 row affected (0.01 sec)

mysql> insert into expenses values(6,'Tax',100000);
Query OK, 1 row affected (0.00 sec)

mysql> insert into expenses values(7,'Phone Bill',6000);
Query OK, 1 row affected (0.01 sec)

mysql> insert into expenses values(8,'New items',100000);
Query OK, 1 row affected (0.00 sec)

mysql> select * from expenses;
+-------+-------------+---------------+
| Sl_no | Exp_name    | Cost_per_year |
+-------+-------------+---------------+
|     1 | Electricity |         18000 |
|     2 | Water Bill  |          3000 |
|     3 | WiFi        |         14400 |
|     4 | Rent        |        240000 |
|     5 | Food&misc   |        400000 |
|     6 | Tax         |        100000 |
|     7 | Phone Bill  |          6000 |
|     8 | New items   |        100000 |
+-------+-------------+---------------+
8 rows in set (0.00 sec)

mysql> desc Customers;
ERROR 1146 (42S02): Table 'psychmytrip.customers' doesn't exist
mysql> desc Customer;
+------------------+-------------+------+-----+---------+-------+
| Field            | Type        | Null | Key | Default | Extra |
+------------------+-------------+------+-----+---------+-------+
| Cust_No          | int         | NO   | PRI | NULL    |       |
| Cust_Name        | varchar(20) | YES  |     | NULL    |       |
| Cust_Destination | int         | YES  |     | NULL    |       |
| P_ID             | int         | YES  | MUL | NULL    |       |
| Emp_ID           | int         | YES  | MUL | NULL    |       |
+------------------+-------------+------+-----+---------+-------+
5 rows in set (0.01 sec)

mysql> drop Emp_ID from Customer;
ERROR 1064 (42000): You have an error in your SQL syntax; check the manual that corresponds to your MySQL server version for the right syntax to use near 'Emp_ID from Customer' at line 1
mysql> insert into Employee values(11,'Angel',31,40000,'Customer Executive','2014-04-19',1,5);
Query OK, 1 row affected (0.00 sec)

mysql> insert into Employee values(12,'Bharath',28,39000,'Customer Executive','2019-04-22',2,3);
Query OK, 1 row affected (0.00 sec)

mysql> alter table Customer drop Column Cust_Destination;
Query OK, 0 rows affected (0.05 sec)
Records: 0  Duplicates: 0  Warnings: 0

mysql> desc Customer;
+-----------+-------------+------+-----+---------+-------+
| Field     | Type        | Null | Key | Default | Extra |
+-----------+-------------+------+-----+---------+-------+
| Cust_No   | int         | NO   | PRI | NULL    |       |
| Cust_Name | varchar(20) | YES  |     | NULL    |       |
| P_ID      | int         | YES  | MUL | NULL    |       |
| Emp_ID    | int         | YES  | MUL | NULL    |       |
+-----------+-------------+------+-----+---------+-------+
4 rows in set (0.00 sec)

mysql> insert into Customer(1,'Manjesh',16,12);
ERROR 1064 (42000): You have an error in your SQL syntax; check the manual that corresponds to your MySQL server version for the right syntax to use near '1,'Manjesh',16,12)' at line 1
mysql> insert into Customer values(1,'Manjesh',16,12);
Query OK, 1 row affected (0.00 sec)

mysql> insert into Customer values(2,'Yadayurappa',18,11);
Query OK, 1 row affected (0.00 sec)

mysql> insert into Customer values(3,'Kumar',7,10);
Query OK, 1 row affected (0.01 sec)

mysql> insert into Customer values(4,'Joshi',14,12);
Query OK, 1 row affected (0.01 sec)

mysql> insert into Customer values(5,'Nidhima',5,11);
Query OK, 1 row affected (0.00 sec)

mysql> insert into Customer values(6,'Diya',12,10);
Query OK, 1 row affected (0.00 sec)

mysql> insert into Customer values(7,'Eshaan',15,10);
Query OK, 1 row affected (0.01 sec)

mysql> insert into Customer values(8,'Jitendra',2,11);
Query OK, 1 row affected (0.00 sec)

mysql> insert into Customer values(9,'Madhushree',17,12);
Query OK, 1 row affected (0.01 sec)

mysql> insert into Customer values(10,'Binod',11,10);
Query OK, 1 row affected (0.00 sec)

mysql> insert into Customer values(11,'Vaishnavi',13,12);
Query OK, 1 row affected (0.00 sec)

mysql> insert into Customer values(12,'Rakshith',13,11);
Query OK, 1 row affected (0.00 sec)

mysql> insert into Customer values(13,'Hrishikesh',3,10);
Query OK, 1 row affected (0.00 sec)

mysql> insert into Customer values(14,'Chandan',9,11);
Query OK, 1 row affected (0.01 sec)

mysql> insert into Customer values(15,'Naveen',6,12);
Query OK, 1 row affected (0.00 sec)

mysql> insert into Customer values(16,'Rajesh',1,10);
Query OK, 1 row affected (0.00 sec)

mysql> insert into Customer values(17,'Sharath',6,11);
Query OK, 1 row affected (0.00 sec)

mysql> insert into Customer values(18,'Pratima',7,12);
Query OK, 1 row affected (0.00 sec)

mysql> insert into Customer values(19,'Raghavendra',15,10);
Query OK, 1 row affected (0.00 sec)

mysql> insert into Customer values(20,'Adeep',16,11);
Query OK, 1 row affected (0.01 sec)

mysql> insert into Customer values(21,'Holla',4,12);
Query OK, 1 row affected (0.00 sec)

mysql> insert into Customer values(22,'Amaan',7,10);
Query OK, 1 row affected (0.00 sec)

mysql> insert into Customer values(23,'Arya',4,11);
Query OK, 1 row affected (0.00 sec)

mysql> insert into Customer values(24,'Srushti',12,12);
Query OK, 1 row affected (0.00 sec)

mysql> insert into Customer values(25,'Bhat',18,10);
Query OK, 1 row affected (0.01 sec)

mysql> insert into Customer values(26,'Sindhu',8,11);
Query OK, 1 row affected (0.01 sec)

mysql> insert into Customer values(27,'Bindu',9,12);
Query OK, 1 row affected (0.00 sec)

mysql> insert into Customer values(28,'Mary',10,10);
Query OK, 1 row affected (0.00 sec)

mysql> insert into Customer values(29,'Goku',11,11);
Query OK, 1 row affected (0.01 sec)

mysql> insert into Customer values(30,'Vegeta',14,12);
Query OK, 1 row affected (0.00 sec)

mysql> insert into Customer values(31,'Sujan',4,10);
Query OK, 1 row affected (0.00 sec)

mysql> select * from Customer;
+---------+-------------+------+--------+
| Cust_No | Cust_Name   | P_ID | Emp_ID |
+---------+-------------+------+--------+
|       1 | Manjesh     |   16 |     12 |
|       2 | Yadayurappa |   18 |     11 |
|       3 | Kumar       |    7 |     10 |
|       4 | Joshi       |   14 |     12 |
|       5 | Nidhima     |    5 |     11 |
|       6 | Diya        |   12 |     10 |
|       7 | Eshaan      |   15 |     10 |
|       8 | Jitendra    |    2 |     11 |
|       9 | Madhushree  |   17 |     12 |
|      10 | Binod       |   11 |     10 |
|      11 | Vaishnavi   |   13 |     12 |
|      12 | Rakshith    |   13 |     11 |
|      13 | Hrishikesh  |    3 |     10 |
|      14 | Chandan     |    9 |     11 |
|      15 | Naveen      |    6 |     12 |
|      16 | Rajesh      |    1 |     10 |
|      17 | Sharath     |    6 |     11 |
|      18 | Pratima     |    7 |     12 |
|      19 | Raghavendra |   15 |     10 |
|      20 | Adeep       |   16 |     11 |
|      21 | Holla       |    4 |     12 |
|      22 | Amaan       |    7 |     10 |
|      23 | Arya        |    4 |     11 |
|      24 | Srushti     |   12 |     12 |
|      25 | Bhat        |   18 |     10 |
|      26 | Sindhu      |    8 |     11 |
|      27 | Bindu       |    9 |     12 |
|      28 | Mary        |   10 |     10 |
|      29 | Goku        |   11 |     11 |
|      30 | Vegeta      |   14 |     12 |
|      31 | Sujan       |    4 |     10 |
+---------+-------------+------+--------+
31 rows in set (0.00 sec)

mysql> select * from Customer group by P_ID;
ERROR 1055 (42000): Expression #1 of SELECT list is not in GROUP BY clause and contains nonaggregated column 'psychmytrip.Customer.Cust_No' which is not functionally dependent on columns in GROUP BY clause; this is incompatible with sql_mode=only_full_group_by
mysql> select * from Customer order by P_ID ;
+---------+-------------+------+--------+
| Cust_No | Cust_Name   | P_ID | Emp_ID |
+---------+-------------+------+--------+
|      16 | Rajesh      |    1 |     10 |
|       8 | Jitendra    |    2 |     11 |
|      13 | Hrishikesh  |    3 |     10 |
|      31 | Sujan       |    4 |     10 |
|      21 | Holla       |    4 |     12 |
|      23 | Arya        |    4 |     11 |
|       5 | Nidhima     |    5 |     11 |
|      15 | Naveen      |    6 |     12 |
|      17 | Sharath     |    6 |     11 |
|       3 | Kumar       |    7 |     10 |
|      18 | Pratima     |    7 |     12 |
|      22 | Amaan       |    7 |     10 |
|      26 | Sindhu      |    8 |     11 |
|      14 | Chandan     |    9 |     11 |
|      27 | Bindu       |    9 |     12 |
|      28 | Mary        |   10 |     10 |
|      10 | Binod       |   11 |     10 |
|      29 | Goku        |   11 |     11 |
|       6 | Diya        |   12 |     10 |
|      24 | Srushti     |   12 |     12 |
|      11 | Vaishnavi   |   13 |     12 |
|      12 | Rakshith    |   13 |     11 |
|       4 | Joshi       |   14 |     12 |
|      30 | Vegeta      |   14 |     12 |
|       7 | Eshaan      |   15 |     10 |
|      19 | Raghavendra |   15 |     10 |
|      20 | Adeep       |   16 |     11 |
|       1 | Manjesh     |   16 |     12 |
|       9 | Madhushree  |   17 |     12 |
|       2 | Yadayurappa |   18 |     11 |
|      25 | Bhat        |   18 |     10 |
+---------+-------------+------+--------+
31 rows in set (0.00 sec)

mysql> insert into Customer values(32,'Neha',3,11);
Query OK, 1 row affected (0.01 sec)

mysql> select * from Customer;
+---------+-------------+------+--------+
| Cust_No | Cust_Name   | P_ID | Emp_ID |
+---------+-------------+------+--------+
|       1 | Manjesh     |   16 |     12 |
|       2 | Yadayurappa |   18 |     11 |
|       3 | Kumar       |    7 |     10 |
|       4 | Joshi       |   14 |     12 |
|       5 | Nidhima     |    5 |     11 |
|       6 | Diya        |   12 |     10 |
|       7 | Eshaan      |   15 |     10 |
|       8 | Jitendra    |    2 |     11 |
|       9 | Madhushree  |   17 |     12 |
|      10 | Binod       |   11 |     10 |
|      11 | Vaishnavi   |   13 |     12 |
|      12 | Rakshith    |   13 |     11 |
|      13 | Hrishikesh  |    3 |     10 |
|      14 | Chandan     |    9 |     11 |
|      15 | Naveen      |    6 |     12 |
|      16 | Rajesh      |    1 |     10 |
|      17 | Sharath     |    6 |     11 |
|      18 | Pratima     |    7 |     12 |
|      19 | Raghavendra |   15 |     10 |
|      20 | Adeep       |   16 |     11 |
|      21 | Holla       |    4 |     12 |
|      22 | Amaan       |    7 |     10 |
|      23 | Arya        |    4 |     11 |
|      24 | Srushti     |   12 |     12 |
|      25 | Bhat        |   18 |     10 |
|      26 | Sindhu      |    8 |     11 |
|      27 | Bindu       |    9 |     12 |
|      28 | Mary        |   10 |     10 |
|      29 | Goku        |   11 |     11 |
|      30 | Vegeta      |   14 |     12 |
|      31 | Sujan       |    4 |     10 |
|      32 | Neha        |    3 |     11 |
+---------+-------------+------+--------+
32 rows in set (0.00 sec)

mysql> update Customer set Cust_name='Yadava' where Cust_No=2;
Query OK, 1 row affected (0.00 sec)
Rows matched: 1  Changed: 1  Warnings: 0

mysql> select * from Customer;
+---------+-------------+------+--------+
| Cust_No | Cust_Name   | P_ID | Emp_ID |
+---------+-------------+------+--------+
|       1 | Manjesh     |   16 |     12 |
|       2 | Yadava      |   18 |     11 |
|       3 | Kumar       |    7 |     10 |
|       4 | Joshi       |   14 |     12 |
|       5 | Nidhima     |    5 |     11 |
|       6 | Diya        |   12 |     10 |
|       7 | Eshaan      |   15 |     10 |
|       8 | Jitendra    |    2 |     11 |
|       9 | Madhushree  |   17 |     12 |
|      10 | Binod       |   11 |     10 |
|      11 | Vaishnavi   |   13 |     12 |
|      12 | Rakshith    |   13 |     11 |
|      13 | Hrishikesh  |    3 |     10 |
|      14 | Chandan     |    9 |     11 |
|      15 | Naveen      |    6 |     12 |
|      16 | Rajesh      |    1 |     10 |
|      17 | Sharath     |    6 |     11 |
|      18 | Pratima     |    7 |     12 |
|      19 | Raghavendra |   15 |     10 |
|      20 | Adeep       |   16 |     11 |
|      21 | Holla       |    4 |     12 |
|      22 | Amaan       |    7 |     10 |
|      23 | Arya        |    4 |     11 |
|      24 | Srushti     |   12 |     12 |
|      25 | Bhat        |   18 |     10 |
|      26 | Sindhu      |    8 |     11 |
|      27 | Bindu       |    9 |     12 |
|      28 | Mary        |   10 |     10 |
|      29 | Goku        |   11 |     11 |
|      30 | Vegeta      |   14 |     12 |
|      31 | Sujan       |    4 |     10 |
|      32 | Neha        |    3 |     11 |
+---------+-------------+------+--------+
32 rows in set (0.00 sec)

mysql> select * from Customer where P_ID=4;
+---------+-----------+------+--------+
| Cust_No | Cust_Name | P_ID | Emp_ID |
+---------+-----------+------+--------+
|      21 | Holla     |    4 |     12 |
|      23 | Arya      |    4 |     11 |
|      31 | Sujan     |    4 |     10 |
+---------+-----------+------+--------+
3 rows in set (0.01 sec)

mysql> select * from Customer where P_ID=13;
+---------+-----------+------+--------+
| Cust_No | Cust_Name | P_ID | Emp_ID |
+---------+-----------+------+--------+
|      11 | Vaishnavi |   13 |     12 |
|      12 | Rakshith  |   13 |     11 |
+---------+-----------+------+--------+
2 rows in set (0.00 sec)

mysql> select * ,P_Name from Customer,trippackages;
+---------+-------------+------+--------+------+--------------------+------------------+----------------+--------+--------+--------------------+
| Cust_No | Cust_Name   | P_ID | Emp_ID | P_ID | P_Name             | Destination      | Number_of_Days | Price  | Profit | P_Name             |
+---------+-------------+------+--------+------+--------------------+------------------+----------------+--------+--------+--------------------+
|       1 | Manjesh     |   16 |     12 |   18 | 2P:MysuruLocalTour | Mysuru           |              3 |   8000 |   4000 | 2P:MysuruLocalTour |
|       1 | Manjesh     |   16 |     12 |   17 | 2P:Kodaikanal      | Kodaikanal       |              4 |  16000 |   5000 | 2P:Kodaikanal      |
|       1 | Manjesh     |   16 |     12 |   16 | 2P:Ooty            | Ooty             |              3 |  10000 |   3000 | 2P:Ooty            |
|       1 | Manjesh     |   16 |     12 |   15 | 4P:Shirdi          | Shirdi           |              4 |  20000 |   5000 | 4P:Shirdi          |
|       1 | Manjesh     |   16 |     12 |   14 | 2P:Goa             | Goa              |              6 |  18000 |   4000 | 2P:Goa             |
|       1 | Manjesh     |   16 |     12 |   13 | 2P:HimalayaTrek    | Himachal Pradesh |             10 | 200000 |  50000 | 2P:HimalayaTrek    |
|       1 | Manjesh     |   16 |     12 |   12 | 10P:HimalayaTrek   | Himachal Pradesh |             10 | 800000 | 300000 | 10P:HimalayaTrek   |
|       1 | Manjesh     |   16 |     12 |   11 | 2P:Delhi           | Delhi            |              5 |  65000 |  15000 | 2P:Delhi           |
|       1 | Manjesh     |   16 |     12 |   10 | 2P:Mumbai          | Mumbai           |              5 |  70000 |  14000 | 2P:Mumbai          |
|       1 | Manjesh     |   16 |     12 |    9 | 2P:Kedarnath       | Kedarnath        |              5 |  40000 |   9000 | 2P:Kedarnath       |
|       1 | Manjesh     |   16 |     12 |    8 | 2P:Manali          | Kulu-Manali      |              6 |  50000 |  10000 | 2P:Manali          |
|       1 | Manjesh     |   16 |     12 |    7 | Honeymoon:Monaco   | Monaco           |              9 | 500000 | 230000 | Honeymoon:Monaco   |
|       1 | Manjesh     |   16 |     12 |    6 | Honeymoon:Maldives | Maldives         |              9 | 340000 | 160000 | Honeymoon:Maldives |
|       1 | Manjesh     |   16 |     12 |    5 | Honeymoon:Bali     | Bali,Indonesia   |              9 | 400000 | 190000 | Honeymoon:Bali     |
|       1 | Manjesh     |   16 |     12 |    4 | Honeymoon:Andaman  | Andaman&Nicobar  |              9 | 300000 | 110000 | Honeymoon:Andaman  |
|       1 | Manjesh     |   16 |     12 |    3 | Honeymoon:Paris    | Paris            |              9 | 480000 | 180000 | Honeymoon:Paris    |
|       1 | Manjesh     |   16 |     12 |    2 | 6P:Dandeli         | Dandeli          |              5 |  84000 |  30000 | 6P:Dandeli         |
|       1 | Manjesh     |   16 |     12 |    1 | 4P:Dandeli         | Dandeli          |              5 |  60000 |  20000 | 4P:Dandeli         |
|       2 | Yadava      |   18 |     11 |   18 | 2P:MysuruLocalTour | Mysuru           |              3 |   8000 |   4000 | 2P:MysuruLocalTour |
|       2 | Yadava      |   18 |     11 |   17 | 2P:Kodaikanal      | Kodaikanal       |              4 |  16000 |   5000 | 2P:Kodaikanal      |
|       2 | Yadava      |   18 |     11 |   16 | 2P:Ooty            | Ooty             |              3 |  10000 |   3000 | 2P:Ooty            |
|       2 | Yadava      |   18 |     11 |   15 | 4P:Shirdi          | Shirdi           |              4 |  20000 |   5000 | 4P:Shirdi          |
|       2 | Yadava      |   18 |     11 |   14 | 2P:Goa             | Goa              |              6 |  18000 |   4000 | 2P:Goa             |
|       2 | Yadava      |   18 |     11 |   13 | 2P:HimalayaTrek    | Himachal Pradesh |             10 | 200000 |  50000 | 2P:HimalayaTrek    |
|       2 | Yadava      |   18 |     11 |   12 | 10P:HimalayaTrek   | Himachal Pradesh |             10 | 800000 | 300000 | 10P:HimalayaTrek   |
|       2 | Yadava      |   18 |     11 |   11 | 2P:Delhi           | Delhi            |              5 |  65000 |  15000 | 2P:Delhi           |
|       2 | Yadava      |   18 |     11 |   10 | 2P:Mumbai          | Mumbai           |              5 |  70000 |  14000 | 2P:Mumbai          |
|       2 | Yadava      |   18 |     11 |    9 | 2P:Kedarnath       | Kedarnath        |              5 |  40000 |   9000 | 2P:Kedarnath       |
|       2 | Yadava      |   18 |     11 |    8 | 2P:Manali          | Kulu-Manali      |              6 |  50000 |  10000 | 2P:Manali          |
|       2 | Yadava      |   18 |     11 |    7 | Honeymoon:Monaco   | Monaco           |              9 | 500000 | 230000 | Honeymoon:Monaco   |
|       2 | Yadava      |   18 |     11 |    6 | Honeymoon:Maldives | Maldives         |              9 | 340000 | 160000 | Honeymoon:Maldives |
|       2 | Yadava      |   18 |     11 |    5 | Honeymoon:Bali     | Bali,Indonesia   |              9 | 400000 | 190000 | Honeymoon:Bali     |
|       2 | Yadava      |   18 |     11 |    4 | Honeymoon:Andaman  | Andaman&Nicobar  |              9 | 300000 | 110000 | Honeymoon:Andaman  |
|       2 | Yadava      |   18 |     11 |    3 | Honeymoon:Paris    | Paris            |              9 | 480000 | 180000 | Honeymoon:Paris    |
|       2 | Yadava      |   18 |     11 |    2 | 6P:Dandeli         | Dandeli          |              5 |  84000 |  30000 | 6P:Dandeli         |
|       2 | Yadava      |   18 |     11 |    1 | 4P:Dandeli         | Dandeli          |              5 |  60000 |  20000 | 4P:Dandeli         |
|       3 | Kumar       |    7 |     10 |   18 | 2P:MysuruLocalTour | Mysuru           |              3 |   8000 |   4000 | 2P:MysuruLocalTour |
|       3 | Kumar       |    7 |     10 |   17 | 2P:Kodaikanal      | Kodaikanal       |              4 |  16000 |   5000 | 2P:Kodaikanal      |
|       3 | Kumar       |    7 |     10 |   16 | 2P:Ooty            | Ooty             |              3 |  10000 |   3000 | 2P:Ooty            |
|       3 | Kumar       |    7 |     10 |   15 | 4P:Shirdi          | Shirdi           |              4 |  20000 |   5000 | 4P:Shirdi          |
|       3 | Kumar       |    7 |     10 |   14 | 2P:Goa             | Goa              |              6 |  18000 |   4000 | 2P:Goa             |
|       3 | Kumar       |    7 |     10 |   13 | 2P:HimalayaTrek    | Himachal Pradesh |             10 | 200000 |  50000 | 2P:HimalayaTrek    |
|       3 | Kumar       |    7 |     10 |   12 | 10P:HimalayaTrek   | Himachal Pradesh |             10 | 800000 | 300000 | 10P:HimalayaTrek   |
|       3 | Kumar       |    7 |     10 |   11 | 2P:Delhi           | Delhi            |              5 |  65000 |  15000 | 2P:Delhi           |
|       3 | Kumar       |    7 |     10 |   10 | 2P:Mumbai          | Mumbai           |              5 |  70000 |  14000 | 2P:Mumbai          |
|       3 | Kumar       |    7 |     10 |    9 | 2P:Kedarnath       | Kedarnath        |              5 |  40000 |   9000 | 2P:Kedarnath       |
|       3 | Kumar       |    7 |     10 |    8 | 2P:Manali          | Kulu-Manali      |              6 |  50000 |  10000 | 2P:Manali          |
|       3 | Kumar       |    7 |     10 |    7 | Honeymoon:Monaco   | Monaco           |              9 | 500000 | 230000 | Honeymoon:Monaco   |
|       3 | Kumar       |    7 |     10 |    6 | Honeymoon:Maldives | Maldives         |              9 | 340000 | 160000 | Honeymoon:Maldives |
|       3 | Kumar       |    7 |     10 |    5 | Honeymoon:Bali     | Bali,Indonesia   |              9 | 400000 | 190000 | Honeymoon:Bali     |
|       3 | Kumar       |    7 |     10 |    4 | Honeymoon:Andaman  | Andaman&Nicobar  |              9 | 300000 | 110000 | Honeymoon:Andaman  |
|       3 | Kumar       |    7 |     10 |    3 | Honeymoon:Paris    | Paris            |              9 | 480000 | 180000 | Honeymoon:Paris    |
|       3 | Kumar       |    7 |     10 |    2 | 6P:Dandeli         | Dandeli          |              5 |  84000 |  30000 | 6P:Dandeli         |
|       3 | Kumar       |    7 |     10 |    1 | 4P:Dandeli         | Dandeli          |              5 |  60000 |  20000 | 4P:Dandeli         |
|       4 | Joshi       |   14 |     12 |   18 | 2P:MysuruLocalTour | Mysuru           |              3 |   8000 |   4000 | 2P:MysuruLocalTour |
|       4 | Joshi       |   14 |     12 |   17 | 2P:Kodaikanal      | Kodaikanal       |              4 |  16000 |   5000 | 2P:Kodaikanal      |
|       4 | Joshi       |   14 |     12 |   16 | 2P:Ooty            | Ooty             |              3 |  10000 |   3000 | 2P:Ooty            |
|       4 | Joshi       |   14 |     12 |   15 | 4P:Shirdi          | Shirdi           |              4 |  20000 |   5000 | 4P:Shirdi          |
|       4 | Joshi       |   14 |     12 |   14 | 2P:Goa             | Goa              |              6 |  18000 |   4000 | 2P:Goa             |
|       4 | Joshi       |   14 |     12 |   13 | 2P:HimalayaTrek    | Himachal Pradesh |             10 | 200000 |  50000 | 2P:HimalayaTrek    |
|       4 | Joshi       |   14 |     12 |   12 | 10P:HimalayaTrek   | Himachal Pradesh |             10 | 800000 | 300000 | 10P:HimalayaTrek   |
|       4 | Joshi       |   14 |     12 |   11 | 2P:Delhi           | Delhi            |              5 |  65000 |  15000 | 2P:Delhi           |
|       4 | Joshi       |   14 |     12 |   10 | 2P:Mumbai          | Mumbai           |              5 |  70000 |  14000 | 2P:Mumbai          |
|       4 | Joshi       |   14 |     12 |    9 | 2P:Kedarnath       | Kedarnath        |              5 |  40000 |   9000 | 2P:Kedarnath       |
|       4 | Joshi       |   14 |     12 |    8 | 2P:Manali          | Kulu-Manali      |              6 |  50000 |  10000 | 2P:Manali          |
|       4 | Joshi       |   14 |     12 |    7 | Honeymoon:Monaco   | Monaco           |              9 | 500000 | 230000 | Honeymoon:Monaco   |
|       4 | Joshi       |   14 |     12 |    6 | Honeymoon:Maldives | Maldives         |              9 | 340000 | 160000 | Honeymoon:Maldives |
|       4 | Joshi       |   14 |     12 |    5 | Honeymoon:Bali     | Bali,Indonesia   |              9 | 400000 | 190000 | Honeymoon:Bali     |
|       4 | Joshi       |   14 |     12 |    4 | Honeymoon:Andaman  | Andaman&Nicobar  |              9 | 300000 | 110000 | Honeymoon:Andaman  |
|       4 | Joshi       |   14 |     12 |    3 | Honeymoon:Paris    | Paris            |              9 | 480000 | 180000 | Honeymoon:Paris    |
|       4 | Joshi       |   14 |     12 |    2 | 6P:Dandeli         | Dandeli          |              5 |  84000 |  30000 | 6P:Dandeli         |
|       4 | Joshi       |   14 |     12 |    1 | 4P:Dandeli         | Dandeli          |              5 |  60000 |  20000 | 4P:Dandeli         |
|       5 | Nidhima     |    5 |     11 |   18 | 2P:MysuruLocalTour | Mysuru           |              3 |   8000 |   4000 | 2P:MysuruLocalTour |
|       5 | Nidhima     |    5 |     11 |   17 | 2P:Kodaikanal      | Kodaikanal       |              4 |  16000 |   5000 | 2P:Kodaikanal      |
|       5 | Nidhima     |    5 |     11 |   16 | 2P:Ooty            | Ooty             |              3 |  10000 |   3000 | 2P:Ooty            |
|       5 | Nidhima     |    5 |     11 |   15 | 4P:Shirdi          | Shirdi           |              4 |  20000 |   5000 | 4P:Shirdi          |
|       5 | Nidhima     |    5 |     11 |   14 | 2P:Goa             | Goa              |              6 |  18000 |   4000 | 2P:Goa             |
|       5 | Nidhima     |    5 |     11 |   13 | 2P:HimalayaTrek    | Himachal Pradesh |             10 | 200000 |  50000 | 2P:HimalayaTrek    |
|       5 | Nidhima     |    5 |     11 |   12 | 10P:HimalayaTrek   | Himachal Pradesh |             10 | 800000 | 300000 | 10P:HimalayaTrek   |
|       5 | Nidhima     |    5 |     11 |   11 | 2P:Delhi           | Delhi            |              5 |  65000 |  15000 | 2P:Delhi           |
|       5 | Nidhima     |    5 |     11 |   10 | 2P:Mumbai          | Mumbai           |              5 |  70000 |  14000 | 2P:Mumbai          |
|       5 | Nidhima     |    5 |     11 |    9 | 2P:Kedarnath       | Kedarnath        |              5 |  40000 |   9000 | 2P:Kedarnath       |
|       5 | Nidhima     |    5 |     11 |    8 | 2P:Manali          | Kulu-Manali      |              6 |  50000 |  10000 | 2P:Manali          |
|       5 | Nidhima     |    5 |     11 |    7 | Honeymoon:Monaco   | Monaco           |              9 | 500000 | 230000 | Honeymoon:Monaco   |
|       5 | Nidhima     |    5 |     11 |    6 | Honeymoon:Maldives | Maldives         |              9 | 340000 | 160000 | Honeymoon:Maldives |
|       5 | Nidhima     |    5 |     11 |    5 | Honeymoon:Bali     | Bali,Indonesia   |              9 | 400000 | 190000 | Honeymoon:Bali     |
|       5 | Nidhima     |    5 |     11 |    4 | Honeymoon:Andaman  | Andaman&Nicobar  |              9 | 300000 | 110000 | Honeymoon:Andaman  |
|       5 | Nidhima     |    5 |     11 |    3 | Honeymoon:Paris    | Paris            |              9 | 480000 | 180000 | Honeymoon:Paris    |
|       5 | Nidhima     |    5 |     11 |    2 | 6P:Dandeli         | Dandeli          |              5 |  84000 |  30000 | 6P:Dandeli         |
|       5 | Nidhima     |    5 |     11 |    1 | 4P:Dandeli         | Dandeli          |              5 |  60000 |  20000 | 4P:Dandeli         |
|       6 | Diya        |   12 |     10 |   18 | 2P:MysuruLocalTour | Mysuru           |              3 |   8000 |   4000 | 2P:MysuruLocalTour |
|       6 | Diya        |   12 |     10 |   17 | 2P:Kodaikanal      | Kodaikanal       |              4 |  16000 |   5000 | 2P:Kodaikanal      |
|       6 | Diya        |   12 |     10 |   16 | 2P:Ooty            | Ooty             |              3 |  10000 |   3000 | 2P:Ooty            |
|       6 | Diya        |   12 |     10 |   15 | 4P:Shirdi          | Shirdi           |              4 |  20000 |   5000 | 4P:Shirdi          |
|       6 | Diya        |   12 |     10 |   14 | 2P:Goa             | Goa              |              6 |  18000 |   4000 | 2P:Goa             |
|       6 | Diya        |   12 |     10 |   13 | 2P:HimalayaTrek    | Himachal Pradesh |             10 | 200000 |  50000 | 2P:HimalayaTrek    |
|       6 | Diya        |   12 |     10 |   12 | 10P:HimalayaTrek   | Himachal Pradesh |             10 | 800000 | 300000 | 10P:HimalayaTrek   |
|       6 | Diya        |   12 |     10 |   11 | 2P:Delhi           | Delhi            |              5 |  65000 |  15000 | 2P:Delhi           |
|       6 | Diya        |   12 |     10 |   10 | 2P:Mumbai          | Mumbai           |              5 |  70000 |  14000 | 2P:Mumbai          |
|       6 | Diya        |   12 |     10 |    9 | 2P:Kedarnath       | Kedarnath        |              5 |  40000 |   9000 | 2P:Kedarnath       |
|       6 | Diya        |   12 |     10 |    8 | 2P:Manali          | Kulu-Manali      |              6 |  50000 |  10000 | 2P:Manali          |
|       6 | Diya        |   12 |     10 |    7 | Honeymoon:Monaco   | Monaco           |              9 | 500000 | 230000 | Honeymoon:Monaco   |
|       6 | Diya        |   12 |     10 |    6 | Honeymoon:Maldives | Maldives         |              9 | 340000 | 160000 | Honeymoon:Maldives |
|       6 | Diya        |   12 |     10 |    5 | Honeymoon:Bali     | Bali,Indonesia   |              9 | 400000 | 190000 | Honeymoon:Bali     |
|       6 | Diya        |   12 |     10 |    4 | Honeymoon:Andaman  | Andaman&Nicobar  |              9 | 300000 | 110000 | Honeymoon:Andaman  |
|       6 | Diya        |   12 |     10 |    3 | Honeymoon:Paris    | Paris            |              9 | 480000 | 180000 | Honeymoon:Paris    |
|       6 | Diya        |   12 |     10 |    2 | 6P:Dandeli         | Dandeli          |              5 |  84000 |  30000 | 6P:Dandeli         |
|       6 | Diya        |   12 |     10 |    1 | 4P:Dandeli         | Dandeli          |              5 |  60000 |  20000 | 4P:Dandeli         |
|       7 | Eshaan      |   15 |     10 |   18 | 2P:MysuruLocalTour | Mysuru           |              3 |   8000 |   4000 | 2P:MysuruLocalTour |
|       7 | Eshaan      |   15 |     10 |   17 | 2P:Kodaikanal      | Kodaikanal       |              4 |  16000 |   5000 | 2P:Kodaikanal      |
|       7 | Eshaan      |   15 |     10 |   16 | 2P:Ooty            | Ooty             |              3 |  10000 |   3000 | 2P:Ooty            |
|       7 | Eshaan      |   15 |     10 |   15 | 4P:Shirdi          | Shirdi           |              4 |  20000 |   5000 | 4P:Shirdi          |
|       7 | Eshaan      |   15 |     10 |   14 | 2P:Goa             | Goa              |              6 |  18000 |   4000 | 2P:Goa             |
|       7 | Eshaan      |   15 |     10 |   13 | 2P:HimalayaTrek    | Himachal Pradesh |             10 | 200000 |  50000 | 2P:HimalayaTrek    |
|       7 | Eshaan      |   15 |     10 |   12 | 10P:HimalayaTrek   | Himachal Pradesh |             10 | 800000 | 300000 | 10P:HimalayaTrek   |
|       7 | Eshaan      |   15 |     10 |   11 | 2P:Delhi           | Delhi            |              5 |  65000 |  15000 | 2P:Delhi           |
|       7 | Eshaan      |   15 |     10 |   10 | 2P:Mumbai          | Mumbai           |              5 |  70000 |  14000 | 2P:Mumbai          |
|       7 | Eshaan      |   15 |     10 |    9 | 2P:Kedarnath       | Kedarnath        |              5 |  40000 |   9000 | 2P:Kedarnath       |
|       7 | Eshaan      |   15 |     10 |    8 | 2P:Manali          | Kulu-Manali      |              6 |  50000 |  10000 | 2P:Manali          |
|       7 | Eshaan      |   15 |     10 |    7 | Honeymoon:Monaco   | Monaco           |              9 | 500000 | 230000 | Honeymoon:Monaco   |
|       7 | Eshaan      |   15 |     10 |    6 | Honeymoon:Maldives | Maldives         |              9 | 340000 | 160000 | Honeymoon:Maldives |
|       7 | Eshaan      |   15 |     10 |    5 | Honeymoon:Bali     | Bali,Indonesia   |              9 | 400000 | 190000 | Honeymoon:Bali     |
|       7 | Eshaan      |   15 |     10 |    4 | Honeymoon:Andaman  | Andaman&Nicobar  |              9 | 300000 | 110000 | Honeymoon:Andaman  |
|       7 | Eshaan      |   15 |     10 |    3 | Honeymoon:Paris    | Paris            |              9 | 480000 | 180000 | Honeymoon:Paris    |
|       7 | Eshaan      |   15 |     10 |    2 | 6P:Dandeli         | Dandeli          |              5 |  84000 |  30000 | 6P:Dandeli         |
|       7 | Eshaan      |   15 |     10 |    1 | 4P:Dandeli         | Dandeli          |              5 |  60000 |  20000 | 4P:Dandeli         |
|       8 | Jitendra    |    2 |     11 |   18 | 2P:MysuruLocalTour | Mysuru           |              3 |   8000 |   4000 | 2P:MysuruLocalTour |
|       8 | Jitendra    |    2 |     11 |   17 | 2P:Kodaikanal      | Kodaikanal       |              4 |  16000 |   5000 | 2P:Kodaikanal      |
|       8 | Jitendra    |    2 |     11 |   16 | 2P:Ooty            | Ooty             |              3 |  10000 |   3000 | 2P:Ooty            |
|       8 | Jitendra    |    2 |     11 |   15 | 4P:Shirdi          | Shirdi           |              4 |  20000 |   5000 | 4P:Shirdi          |
|       8 | Jitendra    |    2 |     11 |   14 | 2P:Goa             | Goa              |              6 |  18000 |   4000 | 2P:Goa             |
|       8 | Jitendra    |    2 |     11 |   13 | 2P:HimalayaTrek    | Himachal Pradesh |             10 | 200000 |  50000 | 2P:HimalayaTrek    |
|       8 | Jitendra    |    2 |     11 |   12 | 10P:HimalayaTrek   | Himachal Pradesh |             10 | 800000 | 300000 | 10P:HimalayaTrek   |
|       8 | Jitendra    |    2 |     11 |   11 | 2P:Delhi           | Delhi            |              5 |  65000 |  15000 | 2P:Delhi           |
|       8 | Jitendra    |    2 |     11 |   10 | 2P:Mumbai          | Mumbai           |              5 |  70000 |  14000 | 2P:Mumbai          |
|       8 | Jitendra    |    2 |     11 |    9 | 2P:Kedarnath       | Kedarnath        |              5 |  40000 |   9000 | 2P:Kedarnath       |
|       8 | Jitendra    |    2 |     11 |    8 | 2P:Manali          | Kulu-Manali      |              6 |  50000 |  10000 | 2P:Manali          |
|       8 | Jitendra    |    2 |     11 |    7 | Honeymoon:Monaco   | Monaco           |              9 | 500000 | 230000 | Honeymoon:Monaco   |
|       8 | Jitendra    |    2 |     11 |    6 | Honeymoon:Maldives | Maldives         |              9 | 340000 | 160000 | Honeymoon:Maldives |
|       8 | Jitendra    |    2 |     11 |    5 | Honeymoon:Bali     | Bali,Indonesia   |              9 | 400000 | 190000 | Honeymoon:Bali     |
|       8 | Jitendra    |    2 |     11 |    4 | Honeymoon:Andaman  | Andaman&Nicobar  |              9 | 300000 | 110000 | Honeymoon:Andaman  |
|       8 | Jitendra    |    2 |     11 |    3 | Honeymoon:Paris    | Paris            |              9 | 480000 | 180000 | Honeymoon:Paris    |
|       8 | Jitendra    |    2 |     11 |    2 | 6P:Dandeli         | Dandeli          |              5 |  84000 |  30000 | 6P:Dandeli         |
|       8 | Jitendra    |    2 |     11 |    1 | 4P:Dandeli         | Dandeli          |              5 |  60000 |  20000 | 4P:Dandeli         |
|       9 | Madhushree  |   17 |     12 |   18 | 2P:MysuruLocalTour | Mysuru           |              3 |   8000 |   4000 | 2P:MysuruLocalTour |
|       9 | Madhushree  |   17 |     12 |   17 | 2P:Kodaikanal      | Kodaikanal       |              4 |  16000 |   5000 | 2P:Kodaikanal      |
|       9 | Madhushree  |   17 |     12 |   16 | 2P:Ooty            | Ooty             |              3 |  10000 |   3000 | 2P:Ooty            |
|       9 | Madhushree  |   17 |     12 |   15 | 4P:Shirdi          | Shirdi           |              4 |  20000 |   5000 | 4P:Shirdi          |
|       9 | Madhushree  |   17 |     12 |   14 | 2P:Goa             | Goa              |              6 |  18000 |   4000 | 2P:Goa             |
|       9 | Madhushree  |   17 |     12 |   13 | 2P:HimalayaTrek    | Himachal Pradesh |             10 | 200000 |  50000 | 2P:HimalayaTrek    |
|       9 | Madhushree  |   17 |     12 |   12 | 10P:HimalayaTrek   | Himachal Pradesh |             10 | 800000 | 300000 | 10P:HimalayaTrek   |
|       9 | Madhushree  |   17 |     12 |   11 | 2P:Delhi           | Delhi            |              5 |  65000 |  15000 | 2P:Delhi           |
|       9 | Madhushree  |   17 |     12 |   10 | 2P:Mumbai          | Mumbai           |              5 |  70000 |  14000 | 2P:Mumbai          |
|       9 | Madhushree  |   17 |     12 |    9 | 2P:Kedarnath       | Kedarnath        |              5 |  40000 |   9000 | 2P:Kedarnath       |
|       9 | Madhushree  |   17 |     12 |    8 | 2P:Manali          | Kulu-Manali      |              6 |  50000 |  10000 | 2P:Manali          |
|       9 | Madhushree  |   17 |     12 |    7 | Honeymoon:Monaco   | Monaco           |              9 | 500000 | 230000 | Honeymoon:Monaco   |
|       9 | Madhushree  |   17 |     12 |    6 | Honeymoon:Maldives | Maldives         |              9 | 340000 | 160000 | Honeymoon:Maldives |
|       9 | Madhushree  |   17 |     12 |    5 | Honeymoon:Bali     | Bali,Indonesia   |              9 | 400000 | 190000 | Honeymoon:Bali     |
|       9 | Madhushree  |   17 |     12 |    4 | Honeymoon:Andaman  | Andaman&Nicobar  |              9 | 300000 | 110000 | Honeymoon:Andaman  |
|       9 | Madhushree  |   17 |     12 |    3 | Honeymoon:Paris    | Paris            |              9 | 480000 | 180000 | Honeymoon:Paris    |
|       9 | Madhushree  |   17 |     12 |    2 | 6P:Dandeli         | Dandeli          |              5 |  84000 |  30000 | 6P:Dandeli         |
|       9 | Madhushree  |   17 |     12 |    1 | 4P:Dandeli         | Dandeli          |              5 |  60000 |  20000 | 4P:Dandeli         |
|      10 | Binod       |   11 |     10 |   18 | 2P:MysuruLocalTour | Mysuru           |              3 |   8000 |   4000 | 2P:MysuruLocalTour |
|      10 | Binod       |   11 |     10 |   17 | 2P:Kodaikanal      | Kodaikanal       |              4 |  16000 |   5000 | 2P:Kodaikanal      |
|      10 | Binod       |   11 |     10 |   16 | 2P:Ooty            | Ooty             |              3 |  10000 |   3000 | 2P:Ooty            |
|      10 | Binod       |   11 |     10 |   15 | 4P:Shirdi          | Shirdi           |              4 |  20000 |   5000 | 4P:Shirdi          |
|      10 | Binod       |   11 |     10 |   14 | 2P:Goa             | Goa              |              6 |  18000 |   4000 | 2P:Goa             |
|      10 | Binod       |   11 |     10 |   13 | 2P:HimalayaTrek    | Himachal Pradesh |             10 | 200000 |  50000 | 2P:HimalayaTrek    |
|      10 | Binod       |   11 |     10 |   12 | 10P:HimalayaTrek   | Himachal Pradesh |             10 | 800000 | 300000 | 10P:HimalayaTrek   |
|      10 | Binod       |   11 |     10 |   11 | 2P:Delhi           | Delhi            |              5 |  65000 |  15000 | 2P:Delhi           |
|      10 | Binod       |   11 |     10 |   10 | 2P:Mumbai          | Mumbai           |              5 |  70000 |  14000 | 2P:Mumbai          |
|      10 | Binod       |   11 |     10 |    9 | 2P:Kedarnath       | Kedarnath        |              5 |  40000 |   9000 | 2P:Kedarnath       |
|      10 | Binod       |   11 |     10 |    8 | 2P:Manali          | Kulu-Manali      |              6 |  50000 |  10000 | 2P:Manali          |
|      10 | Binod       |   11 |     10 |    7 | Honeymoon:Monaco   | Monaco           |              9 | 500000 | 230000 | Honeymoon:Monaco   |
|      10 | Binod       |   11 |     10 |    6 | Honeymoon:Maldives | Maldives         |              9 | 340000 | 160000 | Honeymoon:Maldives |
|      10 | Binod       |   11 |     10 |    5 | Honeymoon:Bali     | Bali,Indonesia   |              9 | 400000 | 190000 | Honeymoon:Bali     |
|      10 | Binod       |   11 |     10 |    4 | Honeymoon:Andaman  | Andaman&Nicobar  |              9 | 300000 | 110000 | Honeymoon:Andaman  |
|      10 | Binod       |   11 |     10 |    3 | Honeymoon:Paris    | Paris            |              9 | 480000 | 180000 | Honeymoon:Paris    |
|      10 | Binod       |   11 |     10 |    2 | 6P:Dandeli         | Dandeli          |              5 |  84000 |  30000 | 6P:Dandeli         |
|      10 | Binod       |   11 |     10 |    1 | 4P:Dandeli         | Dandeli          |              5 |  60000 |  20000 | 4P:Dandeli         |
|      11 | Vaishnavi   |   13 |     12 |   18 | 2P:MysuruLocalTour | Mysuru           |              3 |   8000 |   4000 | 2P:MysuruLocalTour |
|      11 | Vaishnavi   |   13 |     12 |   17 | 2P:Kodaikanal      | Kodaikanal       |              4 |  16000 |   5000 | 2P:Kodaikanal      |
|      11 | Vaishnavi   |   13 |     12 |   16 | 2P:Ooty            | Ooty             |              3 |  10000 |   3000 | 2P:Ooty            |
|      11 | Vaishnavi   |   13 |     12 |   15 | 4P:Shirdi          | Shirdi           |              4 |  20000 |   5000 | 4P:Shirdi          |
|      11 | Vaishnavi   |   13 |     12 |   14 | 2P:Goa             | Goa              |              6 |  18000 |   4000 | 2P:Goa             |
|      11 | Vaishnavi   |   13 |     12 |   13 | 2P:HimalayaTrek    | Himachal Pradesh |             10 | 200000 |  50000 | 2P:HimalayaTrek    |
|      11 | Vaishnavi   |   13 |     12 |   12 | 10P:HimalayaTrek   | Himachal Pradesh |             10 | 800000 | 300000 | 10P:HimalayaTrek   |
|      11 | Vaishnavi   |   13 |     12 |   11 | 2P:Delhi           | Delhi            |              5 |  65000 |  15000 | 2P:Delhi           |
|      11 | Vaishnavi   |   13 |     12 |   10 | 2P:Mumbai          | Mumbai           |              5 |  70000 |  14000 | 2P:Mumbai          |
|      11 | Vaishnavi   |   13 |     12 |    9 | 2P:Kedarnath       | Kedarnath        |              5 |  40000 |   9000 | 2P:Kedarnath       |
|      11 | Vaishnavi   |   13 |     12 |    8 | 2P:Manali          | Kulu-Manali      |              6 |  50000 |  10000 | 2P:Manali          |
|      11 | Vaishnavi   |   13 |     12 |    7 | Honeymoon:Monaco   | Monaco           |              9 | 500000 | 230000 | Honeymoon:Monaco   |
|      11 | Vaishnavi   |   13 |     12 |    6 | Honeymoon:Maldives | Maldives         |              9 | 340000 | 160000 | Honeymoon:Maldives |
|      11 | Vaishnavi   |   13 |     12 |    5 | Honeymoon:Bali     | Bali,Indonesia   |              9 | 400000 | 190000 | Honeymoon:Bali     |
|      11 | Vaishnavi   |   13 |     12 |    4 | Honeymoon:Andaman  | Andaman&Nicobar  |              9 | 300000 | 110000 | Honeymoon:Andaman  |
|      11 | Vaishnavi   |   13 |     12 |    3 | Honeymoon:Paris    | Paris            |              9 | 480000 | 180000 | Honeymoon:Paris    |
|      11 | Vaishnavi   |   13 |     12 |    2 | 6P:Dandeli         | Dandeli          |              5 |  84000 |  30000 | 6P:Dandeli         |
|      11 | Vaishnavi   |   13 |     12 |    1 | 4P:Dandeli         | Dandeli          |              5 |  60000 |  20000 | 4P:Dandeli         |
|      12 | Rakshith    |   13 |     11 |   18 | 2P:MysuruLocalTour | Mysuru           |              3 |   8000 |   4000 | 2P:MysuruLocalTour |
|      12 | Rakshith    |   13 |     11 |   17 | 2P:Kodaikanal      | Kodaikanal       |              4 |  16000 |   5000 | 2P:Kodaikanal      |
|      12 | Rakshith    |   13 |     11 |   16 | 2P:Ooty            | Ooty             |              3 |  10000 |   3000 | 2P:Ooty            |
|      12 | Rakshith    |   13 |     11 |   15 | 4P:Shirdi          | Shirdi           |              4 |  20000 |   5000 | 4P:Shirdi          |
|      12 | Rakshith    |   13 |     11 |   14 | 2P:Goa             | Goa              |              6 |  18000 |   4000 | 2P:Goa             |
|      12 | Rakshith    |   13 |     11 |   13 | 2P:HimalayaTrek    | Himachal Pradesh |             10 | 200000 |  50000 | 2P:HimalayaTrek    |
|      12 | Rakshith    |   13 |     11 |   12 | 10P:HimalayaTrek   | Himachal Pradesh |             10 | 800000 | 300000 | 10P:HimalayaTrek   |
|      12 | Rakshith    |   13 |     11 |   11 | 2P:Delhi           | Delhi            |              5 |  65000 |  15000 | 2P:Delhi           |
|      12 | Rakshith    |   13 |     11 |   10 | 2P:Mumbai          | Mumbai           |              5 |  70000 |  14000 | 2P:Mumbai          |
|      12 | Rakshith    |   13 |     11 |    9 | 2P:Kedarnath       | Kedarnath        |              5 |  40000 |   9000 | 2P:Kedarnath       |
|      12 | Rakshith    |   13 |     11 |    8 | 2P:Manali          | Kulu-Manali      |              6 |  50000 |  10000 | 2P:Manali          |
|      12 | Rakshith    |   13 |     11 |    7 | Honeymoon:Monaco   | Monaco           |              9 | 500000 | 230000 | Honeymoon:Monaco   |
|      12 | Rakshith    |   13 |     11 |    6 | Honeymoon:Maldives | Maldives         |              9 | 340000 | 160000 | Honeymoon:Maldives |
|      12 | Rakshith    |   13 |     11 |    5 | Honeymoon:Bali     | Bali,Indonesia   |              9 | 400000 | 190000 | Honeymoon:Bali     |
|      12 | Rakshith    |   13 |     11 |    4 | Honeymoon:Andaman  | Andaman&Nicobar  |              9 | 300000 | 110000 | Honeymoon:Andaman  |
|      12 | Rakshith    |   13 |     11 |    3 | Honeymoon:Paris    | Paris            |              9 | 480000 | 180000 | Honeymoon:Paris    |
|      12 | Rakshith    |   13 |     11 |    2 | 6P:Dandeli         | Dandeli          |              5 |  84000 |  30000 | 6P:Dandeli         |
|      12 | Rakshith    |   13 |     11 |    1 | 4P:Dandeli         | Dandeli          |              5 |  60000 |  20000 | 4P:Dandeli         |
|      13 | Hrishikesh  |    3 |     10 |   18 | 2P:MysuruLocalTour | Mysuru           |              3 |   8000 |   4000 | 2P:MysuruLocalTour |
|      13 | Hrishikesh  |    3 |     10 |   17 | 2P:Kodaikanal      | Kodaikanal       |              4 |  16000 |   5000 | 2P:Kodaikanal      |
|      13 | Hrishikesh  |    3 |     10 |   16 | 2P:Ooty            | Ooty             |              3 |  10000 |   3000 | 2P:Ooty            |
|      13 | Hrishikesh  |    3 |     10 |   15 | 4P:Shirdi          | Shirdi           |              4 |  20000 |   5000 | 4P:Shirdi          |
|      13 | Hrishikesh  |    3 |     10 |   14 | 2P:Goa             | Goa              |              6 |  18000 |   4000 | 2P:Goa             |
|      13 | Hrishikesh  |    3 |     10 |   13 | 2P:HimalayaTrek    | Himachal Pradesh |             10 | 200000 |  50000 | 2P:HimalayaTrek    |
|      13 | Hrishikesh  |    3 |     10 |   12 | 10P:HimalayaTrek   | Himachal Pradesh |             10 | 800000 | 300000 | 10P:HimalayaTrek   |
|      13 | Hrishikesh  |    3 |     10 |   11 | 2P:Delhi           | Delhi            |              5 |  65000 |  15000 | 2P:Delhi           |
|      13 | Hrishikesh  |    3 |     10 |   10 | 2P:Mumbai          | Mumbai           |              5 |  70000 |  14000 | 2P:Mumbai          |
|      13 | Hrishikesh  |    3 |     10 |    9 | 2P:Kedarnath       | Kedarnath        |              5 |  40000 |   9000 | 2P:Kedarnath       |
|      13 | Hrishikesh  |    3 |     10 |    8 | 2P:Manali          | Kulu-Manali      |              6 |  50000 |  10000 | 2P:Manali          |
|      13 | Hrishikesh  |    3 |     10 |    7 | Honeymoon:Monaco   | Monaco           |              9 | 500000 | 230000 | Honeymoon:Monaco   |
|      13 | Hrishikesh  |    3 |     10 |    6 | Honeymoon:Maldives | Maldives         |              9 | 340000 | 160000 | Honeymoon:Maldives |
|      13 | Hrishikesh  |    3 |     10 |    5 | Honeymoon:Bali     | Bali,Indonesia   |              9 | 400000 | 190000 | Honeymoon:Bali     |
|      13 | Hrishikesh  |    3 |     10 |    4 | Honeymoon:Andaman  | Andaman&Nicobar  |              9 | 300000 | 110000 | Honeymoon:Andaman  |
|      13 | Hrishikesh  |    3 |     10 |    3 | Honeymoon:Paris    | Paris            |              9 | 480000 | 180000 | Honeymoon:Paris    |
|      13 | Hrishikesh  |    3 |     10 |    2 | 6P:Dandeli         | Dandeli          |              5 |  84000 |  30000 | 6P:Dandeli         |
|      13 | Hrishikesh  |    3 |     10 |    1 | 4P:Dandeli         | Dandeli          |              5 |  60000 |  20000 | 4P:Dandeli         |
|      14 | Chandan     |    9 |     11 |   18 | 2P:MysuruLocalTour | Mysuru           |              3 |   8000 |   4000 | 2P:MysuruLocalTour |
|      14 | Chandan     |    9 |     11 |   17 | 2P:Kodaikanal      | Kodaikanal       |              4 |  16000 |   5000 | 2P:Kodaikanal      |
|      14 | Chandan     |    9 |     11 |   16 | 2P:Ooty            | Ooty             |              3 |  10000 |   3000 | 2P:Ooty            |
|      14 | Chandan     |    9 |     11 |   15 | 4P:Shirdi          | Shirdi           |              4 |  20000 |   5000 | 4P:Shirdi          |
|      14 | Chandan     |    9 |     11 |   14 | 2P:Goa             | Goa              |              6 |  18000 |   4000 | 2P:Goa             |
|      14 | Chandan     |    9 |     11 |   13 | 2P:HimalayaTrek    | Himachal Pradesh |             10 | 200000 |  50000 | 2P:HimalayaTrek    |
|      14 | Chandan     |    9 |     11 |   12 | 10P:HimalayaTrek   | Himachal Pradesh |             10 | 800000 | 300000 | 10P:HimalayaTrek   |
|      14 | Chandan     |    9 |     11 |   11 | 2P:Delhi           | Delhi            |              5 |  65000 |  15000 | 2P:Delhi           |
|      14 | Chandan     |    9 |     11 |   10 | 2P:Mumbai          | Mumbai           |              5 |  70000 |  14000 | 2P:Mumbai          |
|      14 | Chandan     |    9 |     11 |    9 | 2P:Kedarnath       | Kedarnath        |              5 |  40000 |   9000 | 2P:Kedarnath       |
|      14 | Chandan     |    9 |     11 |    8 | 2P:Manali          | Kulu-Manali      |              6 |  50000 |  10000 | 2P:Manali          |
|      14 | Chandan     |    9 |     11 |    7 | Honeymoon:Monaco   | Monaco           |              9 | 500000 | 230000 | Honeymoon:Monaco   |
|      14 | Chandan     |    9 |     11 |    6 | Honeymoon:Maldives | Maldives         |              9 | 340000 | 160000 | Honeymoon:Maldives |
|      14 | Chandan     |    9 |     11 |    5 | Honeymoon:Bali     | Bali,Indonesia   |              9 | 400000 | 190000 | Honeymoon:Bali     |
|      14 | Chandan     |    9 |     11 |    4 | Honeymoon:Andaman  | Andaman&Nicobar  |              9 | 300000 | 110000 | Honeymoon:Andaman  |
|      14 | Chandan     |    9 |     11 |    3 | Honeymoon:Paris    | Paris            |              9 | 480000 | 180000 | Honeymoon:Paris    |
|      14 | Chandan     |    9 |     11 |    2 | 6P:Dandeli         | Dandeli          |              5 |  84000 |  30000 | 6P:Dandeli         |
|      14 | Chandan     |    9 |     11 |    1 | 4P:Dandeli         | Dandeli          |              5 |  60000 |  20000 | 4P:Dandeli         |
|      15 | Naveen      |    6 |     12 |   18 | 2P:MysuruLocalTour | Mysuru           |              3 |   8000 |   4000 | 2P:MysuruLocalTour |
|      15 | Naveen      |    6 |     12 |   17 | 2P:Kodaikanal      | Kodaikanal       |              4 |  16000 |   5000 | 2P:Kodaikanal      |
|      15 | Naveen      |    6 |     12 |   16 | 2P:Ooty            | Ooty             |              3 |  10000 |   3000 | 2P:Ooty            |
|      15 | Naveen      |    6 |     12 |   15 | 4P:Shirdi          | Shirdi           |              4 |  20000 |   5000 | 4P:Shirdi          |
|      15 | Naveen      |    6 |     12 |   14 | 2P:Goa             | Goa              |              6 |  18000 |   4000 | 2P:Goa             |
|      15 | Naveen      |    6 |     12 |   13 | 2P:HimalayaTrek    | Himachal Pradesh |             10 | 200000 |  50000 | 2P:HimalayaTrek    |
|      15 | Naveen      |    6 |     12 |   12 | 10P:HimalayaTrek   | Himachal Pradesh |             10 | 800000 | 300000 | 10P:HimalayaTrek   |
|      15 | Naveen      |    6 |     12 |   11 | 2P:Delhi           | Delhi            |              5 |  65000 |  15000 | 2P:Delhi           |
|      15 | Naveen      |    6 |     12 |   10 | 2P:Mumbai          | Mumbai           |              5 |  70000 |  14000 | 2P:Mumbai          |
|      15 | Naveen      |    6 |     12 |    9 | 2P:Kedarnath       | Kedarnath        |              5 |  40000 |   9000 | 2P:Kedarnath       |
|      15 | Naveen      |    6 |     12 |    8 | 2P:Manali          | Kulu-Manali      |              6 |  50000 |  10000 | 2P:Manali          |
|      15 | Naveen      |    6 |     12 |    7 | Honeymoon:Monaco   | Monaco           |              9 | 500000 | 230000 | Honeymoon:Monaco   |
|      15 | Naveen      |    6 |     12 |    6 | Honeymoon:Maldives | Maldives         |              9 | 340000 | 160000 | Honeymoon:Maldives |
|      15 | Naveen      |    6 |     12 |    5 | Honeymoon:Bali     | Bali,Indonesia   |              9 | 400000 | 190000 | Honeymoon:Bali     |
|      15 | Naveen      |    6 |     12 |    4 | Honeymoon:Andaman  | Andaman&Nicobar  |              9 | 300000 | 110000 | Honeymoon:Andaman  |
|      15 | Naveen      |    6 |     12 |    3 | Honeymoon:Paris    | Paris            |              9 | 480000 | 180000 | Honeymoon:Paris    |
|      15 | Naveen      |    6 |     12 |    2 | 6P:Dandeli         | Dandeli          |              5 |  84000 |  30000 | 6P:Dandeli         |
|      15 | Naveen      |    6 |     12 |    1 | 4P:Dandeli         | Dandeli          |              5 |  60000 |  20000 | 4P:Dandeli         |
|      16 | Rajesh      |    1 |     10 |   18 | 2P:MysuruLocalTour | Mysuru           |              3 |   8000 |   4000 | 2P:MysuruLocalTour |
|      16 | Rajesh      |    1 |     10 |   17 | 2P:Kodaikanal      | Kodaikanal       |              4 |  16000 |   5000 | 2P:Kodaikanal      |
|      16 | Rajesh      |    1 |     10 |   16 | 2P:Ooty            | Ooty             |              3 |  10000 |   3000 | 2P:Ooty            |
|      16 | Rajesh      |    1 |     10 |   15 | 4P:Shirdi          | Shirdi           |              4 |  20000 |   5000 | 4P:Shirdi          |
|      16 | Rajesh      |    1 |     10 |   14 | 2P:Goa             | Goa              |              6 |  18000 |   4000 | 2P:Goa             |
|      16 | Rajesh      |    1 |     10 |   13 | 2P:HimalayaTrek    | Himachal Pradesh |             10 | 200000 |  50000 | 2P:HimalayaTrek    |
|      16 | Rajesh      |    1 |     10 |   12 | 10P:HimalayaTrek   | Himachal Pradesh |             10 | 800000 | 300000 | 10P:HimalayaTrek   |
|      16 | Rajesh      |    1 |     10 |   11 | 2P:Delhi           | Delhi            |              5 |  65000 |  15000 | 2P:Delhi           |
|      16 | Rajesh      |    1 |     10 |   10 | 2P:Mumbai          | Mumbai           |              5 |  70000 |  14000 | 2P:Mumbai          |
|      16 | Rajesh      |    1 |     10 |    9 | 2P:Kedarnath       | Kedarnath        |              5 |  40000 |   9000 | 2P:Kedarnath       |
|      16 | Rajesh      |    1 |     10 |    8 | 2P:Manali          | Kulu-Manali      |              6 |  50000 |  10000 | 2P:Manali          |
|      16 | Rajesh      |    1 |     10 |    7 | Honeymoon:Monaco   | Monaco           |              9 | 500000 | 230000 | Honeymoon:Monaco   |
|      16 | Rajesh      |    1 |     10 |    6 | Honeymoon:Maldives | Maldives         |              9 | 340000 | 160000 | Honeymoon:Maldives |
|      16 | Rajesh      |    1 |     10 |    5 | Honeymoon:Bali     | Bali,Indonesia   |              9 | 400000 | 190000 | Honeymoon:Bali     |
|      16 | Rajesh      |    1 |     10 |    4 | Honeymoon:Andaman  | Andaman&Nicobar  |              9 | 300000 | 110000 | Honeymoon:Andaman  |
|      16 | Rajesh      |    1 |     10 |    3 | Honeymoon:Paris    | Paris            |              9 | 480000 | 180000 | Honeymoon:Paris    |
|      16 | Rajesh      |    1 |     10 |    2 | 6P:Dandeli         | Dandeli          |              5 |  84000 |  30000 | 6P:Dandeli         |
|      16 | Rajesh      |    1 |     10 |    1 | 4P:Dandeli         | Dandeli          |              5 |  60000 |  20000 | 4P:Dandeli         |
|      17 | Sharath     |    6 |     11 |   18 | 2P:MysuruLocalTour | Mysuru           |              3 |   8000 |   4000 | 2P:MysuruLocalTour |
|      17 | Sharath     |    6 |     11 |   17 | 2P:Kodaikanal      | Kodaikanal       |              4 |  16000 |   5000 | 2P:Kodaikanal      |
|      17 | Sharath     |    6 |     11 |   16 | 2P:Ooty            | Ooty             |              3 |  10000 |   3000 | 2P:Ooty            |
|      17 | Sharath     |    6 |     11 |   15 | 4P:Shirdi          | Shirdi           |              4 |  20000 |   5000 | 4P:Shirdi          |
|      17 | Sharath     |    6 |     11 |   14 | 2P:Goa             | Goa              |              6 |  18000 |   4000 | 2P:Goa             |
|      17 | Sharath     |    6 |     11 |   13 | 2P:HimalayaTrek    | Himachal Pradesh |             10 | 200000 |  50000 | 2P:HimalayaTrek    |
|      17 | Sharath     |    6 |     11 |   12 | 10P:HimalayaTrek   | Himachal Pradesh |             10 | 800000 | 300000 | 10P:HimalayaTrek   |
|      17 | Sharath     |    6 |     11 |   11 | 2P:Delhi           | Delhi            |              5 |  65000 |  15000 | 2P:Delhi           |
|      17 | Sharath     |    6 |     11 |   10 | 2P:Mumbai          | Mumbai           |              5 |  70000 |  14000 | 2P:Mumbai          |
|      17 | Sharath     |    6 |     11 |    9 | 2P:Kedarnath       | Kedarnath        |              5 |  40000 |   9000 | 2P:Kedarnath       |
|      17 | Sharath     |    6 |     11 |    8 | 2P:Manali          | Kulu-Manali      |              6 |  50000 |  10000 | 2P:Manali          |
|      17 | Sharath     |    6 |     11 |    7 | Honeymoon:Monaco   | Monaco           |              9 | 500000 | 230000 | Honeymoon:Monaco   |
|      17 | Sharath     |    6 |     11 |    6 | Honeymoon:Maldives | Maldives         |              9 | 340000 | 160000 | Honeymoon:Maldives |
|      17 | Sharath     |    6 |     11 |    5 | Honeymoon:Bali     | Bali,Indonesia   |              9 | 400000 | 190000 | Honeymoon:Bali     |
|      17 | Sharath     |    6 |     11 |    4 | Honeymoon:Andaman  | Andaman&Nicobar  |              9 | 300000 | 110000 | Honeymoon:Andaman  |
|      17 | Sharath     |    6 |     11 |    3 | Honeymoon:Paris    | Paris            |              9 | 480000 | 180000 | Honeymoon:Paris    |
|      17 | Sharath     |    6 |     11 |    2 | 6P:Dandeli         | Dandeli          |              5 |  84000 |  30000 | 6P:Dandeli         |
|      17 | Sharath     |    6 |     11 |    1 | 4P:Dandeli         | Dandeli          |              5 |  60000 |  20000 | 4P:Dandeli         |
|      18 | Pratima     |    7 |     12 |   18 | 2P:MysuruLocalTour | Mysuru           |              3 |   8000 |   4000 | 2P:MysuruLocalTour |
|      18 | Pratima     |    7 |     12 |   17 | 2P:Kodaikanal      | Kodaikanal       |              4 |  16000 |   5000 | 2P:Kodaikanal      |
|      18 | Pratima     |    7 |     12 |   16 | 2P:Ooty            | Ooty             |              3 |  10000 |   3000 | 2P:Ooty            |
|      18 | Pratima     |    7 |     12 |   15 | 4P:Shirdi          | Shirdi           |              4 |  20000 |   5000 | 4P:Shirdi          |
|      18 | Pratima     |    7 |     12 |   14 | 2P:Goa             | Goa              |              6 |  18000 |   4000 | 2P:Goa             |
|      18 | Pratima     |    7 |     12 |   13 | 2P:HimalayaTrek    | Himachal Pradesh |             10 | 200000 |  50000 | 2P:HimalayaTrek    |
|      18 | Pratima     |    7 |     12 |   12 | 10P:HimalayaTrek   | Himachal Pradesh |             10 | 800000 | 300000 | 10P:HimalayaTrek   |
|      18 | Pratima     |    7 |     12 |   11 | 2P:Delhi           | Delhi            |              5 |  65000 |  15000 | 2P:Delhi           |
|      18 | Pratima     |    7 |     12 |   10 | 2P:Mumbai          | Mumbai           |              5 |  70000 |  14000 | 2P:Mumbai          |
|      18 | Pratima     |    7 |     12 |    9 | 2P:Kedarnath       | Kedarnath        |              5 |  40000 |   9000 | 2P:Kedarnath       |
|      18 | Pratima     |    7 |     12 |    8 | 2P:Manali          | Kulu-Manali      |              6 |  50000 |  10000 | 2P:Manali          |
|      18 | Pratima     |    7 |     12 |    7 | Honeymoon:Monaco   | Monaco           |              9 | 500000 | 230000 | Honeymoon:Monaco   |
|      18 | Pratima     |    7 |     12 |    6 | Honeymoon:Maldives | Maldives         |              9 | 340000 | 160000 | Honeymoon:Maldives |
|      18 | Pratima     |    7 |     12 |    5 | Honeymoon:Bali     | Bali,Indonesia   |              9 | 400000 | 190000 | Honeymoon:Bali     |
|      18 | Pratima     |    7 |     12 |    4 | Honeymoon:Andaman  | Andaman&Nicobar  |              9 | 300000 | 110000 | Honeymoon:Andaman  |
|      18 | Pratima     |    7 |     12 |    3 | Honeymoon:Paris    | Paris            |              9 | 480000 | 180000 | Honeymoon:Paris    |
|      18 | Pratima     |    7 |     12 |    2 | 6P:Dandeli         | Dandeli          |              5 |  84000 |  30000 | 6P:Dandeli         |
|      18 | Pratima     |    7 |     12 |    1 | 4P:Dandeli         | Dandeli          |              5 |  60000 |  20000 | 4P:Dandeli         |
|      19 | Raghavendra |   15 |     10 |   18 | 2P:MysuruLocalTour | Mysuru           |              3 |   8000 |   4000 | 2P:MysuruLocalTour |
|      19 | Raghavendra |   15 |     10 |   17 | 2P:Kodaikanal      | Kodaikanal       |              4 |  16000 |   5000 | 2P:Kodaikanal      |
|      19 | Raghavendra |   15 |     10 |   16 | 2P:Ooty            | Ooty             |              3 |  10000 |   3000 | 2P:Ooty            |
|      19 | Raghavendra |   15 |     10 |   15 | 4P:Shirdi          | Shirdi           |              4 |  20000 |   5000 | 4P:Shirdi          |
|      19 | Raghavendra |   15 |     10 |   14 | 2P:Goa             | Goa              |              6 |  18000 |   4000 | 2P:Goa             |
|      19 | Raghavendra |   15 |     10 |   13 | 2P:HimalayaTrek    | Himachal Pradesh |             10 | 200000 |  50000 | 2P:HimalayaTrek    |
|      19 | Raghavendra |   15 |     10 |   12 | 10P:HimalayaTrek   | Himachal Pradesh |             10 | 800000 | 300000 | 10P:HimalayaTrek   |
|      19 | Raghavendra |   15 |     10 |   11 | 2P:Delhi           | Delhi            |              5 |  65000 |  15000 | 2P:Delhi           |
|      19 | Raghavendra |   15 |     10 |   10 | 2P:Mumbai          | Mumbai           |              5 |  70000 |  14000 | 2P:Mumbai          |
|      19 | Raghavendra |   15 |     10 |    9 | 2P:Kedarnath       | Kedarnath        |              5 |  40000 |   9000 | 2P:Kedarnath       |
|      19 | Raghavendra |   15 |     10 |    8 | 2P:Manali          | Kulu-Manali      |              6 |  50000 |  10000 | 2P:Manali          |
|      19 | Raghavendra |   15 |     10 |    7 | Honeymoon:Monaco   | Monaco           |              9 | 500000 | 230000 | Honeymoon:Monaco   |
|      19 | Raghavendra |   15 |     10 |    6 | Honeymoon:Maldives | Maldives         |              9 | 340000 | 160000 | Honeymoon:Maldives |
|      19 | Raghavendra |   15 |     10 |    5 | Honeymoon:Bali     | Bali,Indonesia   |              9 | 400000 | 190000 | Honeymoon:Bali     |
|      19 | Raghavendra |   15 |     10 |    4 | Honeymoon:Andaman  | Andaman&Nicobar  |              9 | 300000 | 110000 | Honeymoon:Andaman  |
|      19 | Raghavendra |   15 |     10 |    3 | Honeymoon:Paris    | Paris            |              9 | 480000 | 180000 | Honeymoon:Paris    |
|      19 | Raghavendra |   15 |     10 |    2 | 6P:Dandeli         | Dandeli          |              5 |  84000 |  30000 | 6P:Dandeli         |
|      19 | Raghavendra |   15 |     10 |    1 | 4P:Dandeli         | Dandeli          |              5 |  60000 |  20000 | 4P:Dandeli         |
|      20 | Adeep       |   16 |     11 |   18 | 2P:MysuruLocalTour | Mysuru           |              3 |   8000 |   4000 | 2P:MysuruLocalTour |
|      20 | Adeep       |   16 |     11 |   17 | 2P:Kodaikanal      | Kodaikanal       |              4 |  16000 |   5000 | 2P:Kodaikanal      |
|      20 | Adeep       |   16 |     11 |   16 | 2P:Ooty            | Ooty             |              3 |  10000 |   3000 | 2P:Ooty            |
|      20 | Adeep       |   16 |     11 |   15 | 4P:Shirdi          | Shirdi           |              4 |  20000 |   5000 | 4P:Shirdi          |
|      20 | Adeep       |   16 |     11 |   14 | 2P:Goa             | Goa              |              6 |  18000 |   4000 | 2P:Goa             |
|      20 | Adeep       |   16 |     11 |   13 | 2P:HimalayaTrek    | Himachal Pradesh |             10 | 200000 |  50000 | 2P:HimalayaTrek    |
|      20 | Adeep       |   16 |     11 |   12 | 10P:HimalayaTrek   | Himachal Pradesh |             10 | 800000 | 300000 | 10P:HimalayaTrek   |
|      20 | Adeep       |   16 |     11 |   11 | 2P:Delhi           | Delhi            |              5 |  65000 |  15000 | 2P:Delhi           |
|      20 | Adeep       |   16 |     11 |   10 | 2P:Mumbai          | Mumbai           |              5 |  70000 |  14000 | 2P:Mumbai          |
|      20 | Adeep       |   16 |     11 |    9 | 2P:Kedarnath       | Kedarnath        |              5 |  40000 |   9000 | 2P:Kedarnath       |
|      20 | Adeep       |   16 |     11 |    8 | 2P:Manali          | Kulu-Manali      |              6 |  50000 |  10000 | 2P:Manali          |
|      20 | Adeep       |   16 |     11 |    7 | Honeymoon:Monaco   | Monaco           |              9 | 500000 | 230000 | Honeymoon:Monaco   |
|      20 | Adeep       |   16 |     11 |    6 | Honeymoon:Maldives | Maldives         |              9 | 340000 | 160000 | Honeymoon:Maldives |
|      20 | Adeep       |   16 |     11 |    5 | Honeymoon:Bali     | Bali,Indonesia   |              9 | 400000 | 190000 | Honeymoon:Bali     |
|      20 | Adeep       |   16 |     11 |    4 | Honeymoon:Andaman  | Andaman&Nicobar  |              9 | 300000 | 110000 | Honeymoon:Andaman  |
|      20 | Adeep       |   16 |     11 |    3 | Honeymoon:Paris    | Paris            |              9 | 480000 | 180000 | Honeymoon:Paris    |
|      20 | Adeep       |   16 |     11 |    2 | 6P:Dandeli         | Dandeli          |              5 |  84000 |  30000 | 6P:Dandeli         |
|      20 | Adeep       |   16 |     11 |    1 | 4P:Dandeli         | Dandeli          |              5 |  60000 |  20000 | 4P:Dandeli         |
|      21 | Holla       |    4 |     12 |   18 | 2P:MysuruLocalTour | Mysuru           |              3 |   8000 |   4000 | 2P:MysuruLocalTour |
|      21 | Holla       |    4 |     12 |   17 | 2P:Kodaikanal      | Kodaikanal       |              4 |  16000 |   5000 | 2P:Kodaikanal      |
|      21 | Holla       |    4 |     12 |   16 | 2P:Ooty            | Ooty             |              3 |  10000 |   3000 | 2P:Ooty            |
|      21 | Holla       |    4 |     12 |   15 | 4P:Shirdi          | Shirdi           |              4 |  20000 |   5000 | 4P:Shirdi          |
|      21 | Holla       |    4 |     12 |   14 | 2P:Goa             | Goa              |              6 |  18000 |   4000 | 2P:Goa             |
|      21 | Holla       |    4 |     12 |   13 | 2P:HimalayaTrek    | Himachal Pradesh |             10 | 200000 |  50000 | 2P:HimalayaTrek    |
|      21 | Holla       |    4 |     12 |   12 | 10P:HimalayaTrek   | Himachal Pradesh |             10 | 800000 | 300000 | 10P:HimalayaTrek   |
|      21 | Holla       |    4 |     12 |   11 | 2P:Delhi           | Delhi            |              5 |  65000 |  15000 | 2P:Delhi           |
|      21 | Holla       |    4 |     12 |   10 | 2P:Mumbai          | Mumbai           |              5 |  70000 |  14000 | 2P:Mumbai          |
|      21 | Holla       |    4 |     12 |    9 | 2P:Kedarnath       | Kedarnath        |              5 |  40000 |   9000 | 2P:Kedarnath       |
|      21 | Holla       |    4 |     12 |    8 | 2P:Manali          | Kulu-Manali      |              6 |  50000 |  10000 | 2P:Manali          |
|      21 | Holla       |    4 |     12 |    7 | Honeymoon:Monaco   | Monaco           |              9 | 500000 | 230000 | Honeymoon:Monaco   |
|      21 | Holla       |    4 |     12 |    6 | Honeymoon:Maldives | Maldives         |              9 | 340000 | 160000 | Honeymoon:Maldives |
|      21 | Holla       |    4 |     12 |    5 | Honeymoon:Bali     | Bali,Indonesia   |              9 | 400000 | 190000 | Honeymoon:Bali     |
|      21 | Holla       |    4 |     12 |    4 | Honeymoon:Andaman  | Andaman&Nicobar  |              9 | 300000 | 110000 | Honeymoon:Andaman  |
|      21 | Holla       |    4 |     12 |    3 | Honeymoon:Paris    | Paris            |              9 | 480000 | 180000 | Honeymoon:Paris    |
|      21 | Holla       |    4 |     12 |    2 | 6P:Dandeli         | Dandeli          |              5 |  84000 |  30000 | 6P:Dandeli         |
|      21 | Holla       |    4 |     12 |    1 | 4P:Dandeli         | Dandeli          |              5 |  60000 |  20000 | 4P:Dandeli         |
|      22 | Amaan       |    7 |     10 |   18 | 2P:MysuruLocalTour | Mysuru           |              3 |   8000 |   4000 | 2P:MysuruLocalTour |
|      22 | Amaan       |    7 |     10 |   17 | 2P:Kodaikanal      | Kodaikanal       |              4 |  16000 |   5000 | 2P:Kodaikanal      |
|      22 | Amaan       |    7 |     10 |   16 | 2P:Ooty            | Ooty             |              3 |  10000 |   3000 | 2P:Ooty            |
|      22 | Amaan       |    7 |     10 |   15 | 4P:Shirdi          | Shirdi           |              4 |  20000 |   5000 | 4P:Shirdi          |
|      22 | Amaan       |    7 |     10 |   14 | 2P:Goa             | Goa              |              6 |  18000 |   4000 | 2P:Goa             |
|      22 | Amaan       |    7 |     10 |   13 | 2P:HimalayaTrek    | Himachal Pradesh |             10 | 200000 |  50000 | 2P:HimalayaTrek    |
|      22 | Amaan       |    7 |     10 |   12 | 10P:HimalayaTrek   | Himachal Pradesh |             10 | 800000 | 300000 | 10P:HimalayaTrek   |
|      22 | Amaan       |    7 |     10 |   11 | 2P:Delhi           | Delhi            |              5 |  65000 |  15000 | 2P:Delhi           |
|      22 | Amaan       |    7 |     10 |   10 | 2P:Mumbai          | Mumbai           |              5 |  70000 |  14000 | 2P:Mumbai          |
|      22 | Amaan       |    7 |     10 |    9 | 2P:Kedarnath       | Kedarnath        |              5 |  40000 |   9000 | 2P:Kedarnath       |
|      22 | Amaan       |    7 |     10 |    8 | 2P:Manali          | Kulu-Manali      |              6 |  50000 |  10000 | 2P:Manali          |
|      22 | Amaan       |    7 |     10 |    7 | Honeymoon:Monaco   | Monaco           |              9 | 500000 | 230000 | Honeymoon:Monaco   |
|      22 | Amaan       |    7 |     10 |    6 | Honeymoon:Maldives | Maldives         |              9 | 340000 | 160000 | Honeymoon:Maldives |
|      22 | Amaan       |    7 |     10 |    5 | Honeymoon:Bali     | Bali,Indonesia   |              9 | 400000 | 190000 | Honeymoon:Bali     |
|      22 | Amaan       |    7 |     10 |    4 | Honeymoon:Andaman  | Andaman&Nicobar  |              9 | 300000 | 110000 | Honeymoon:Andaman  |
|      22 | Amaan       |    7 |     10 |    3 | Honeymoon:Paris    | Paris            |              9 | 480000 | 180000 | Honeymoon:Paris    |
|      22 | Amaan       |    7 |     10 |    2 | 6P:Dandeli         | Dandeli          |              5 |  84000 |  30000 | 6P:Dandeli         |
|      22 | Amaan       |    7 |     10 |    1 | 4P:Dandeli         | Dandeli          |              5 |  60000 |  20000 | 4P:Dandeli         |
|      23 | Arya        |    4 |     11 |   18 | 2P:MysuruLocalTour | Mysuru           |              3 |   8000 |   4000 | 2P:MysuruLocalTour |
|      23 | Arya        |    4 |     11 |   17 | 2P:Kodaikanal      | Kodaikanal       |              4 |  16000 |   5000 | 2P:Kodaikanal      |
|      23 | Arya        |    4 |     11 |   16 | 2P:Ooty            | Ooty             |              3 |  10000 |   3000 | 2P:Ooty            |
|      23 | Arya        |    4 |     11 |   15 | 4P:Shirdi          | Shirdi           |              4 |  20000 |   5000 | 4P:Shirdi          |
|      23 | Arya        |    4 |     11 |   14 | 2P:Goa             | Goa              |              6 |  18000 |   4000 | 2P:Goa             |
|      23 | Arya        |    4 |     11 |   13 | 2P:HimalayaTrek    | Himachal Pradesh |             10 | 200000 |  50000 | 2P:HimalayaTrek    |
|      23 | Arya        |    4 |     11 |   12 | 10P:HimalayaTrek   | Himachal Pradesh |             10 | 800000 | 300000 | 10P:HimalayaTrek   |
|      23 | Arya        |    4 |     11 |   11 | 2P:Delhi           | Delhi            |              5 |  65000 |  15000 | 2P:Delhi           |
|      23 | Arya        |    4 |     11 |   10 | 2P:Mumbai          | Mumbai           |              5 |  70000 |  14000 | 2P:Mumbai          |
|      23 | Arya        |    4 |     11 |    9 | 2P:Kedarnath       | Kedarnath        |              5 |  40000 |   9000 | 2P:Kedarnath       |
|      23 | Arya        |    4 |     11 |    8 | 2P:Manali          | Kulu-Manali      |              6 |  50000 |  10000 | 2P:Manali          |
|      23 | Arya        |    4 |     11 |    7 | Honeymoon:Monaco   | Monaco           |              9 | 500000 | 230000 | Honeymoon:Monaco   |
|      23 | Arya        |    4 |     11 |    6 | Honeymoon:Maldives | Maldives         |              9 | 340000 | 160000 | Honeymoon:Maldives |
|      23 | Arya        |    4 |     11 |    5 | Honeymoon:Bali     | Bali,Indonesia   |              9 | 400000 | 190000 | Honeymoon:Bali     |
|      23 | Arya        |    4 |     11 |    4 | Honeymoon:Andaman  | Andaman&Nicobar  |              9 | 300000 | 110000 | Honeymoon:Andaman  |
|      23 | Arya        |    4 |     11 |    3 | Honeymoon:Paris    | Paris            |              9 | 480000 | 180000 | Honeymoon:Paris    |
|      23 | Arya        |    4 |     11 |    2 | 6P:Dandeli         | Dandeli          |              5 |  84000 |  30000 | 6P:Dandeli         |
|      23 | Arya        |    4 |     11 |    1 | 4P:Dandeli         | Dandeli          |              5 |  60000 |  20000 | 4P:Dandeli         |
|      24 | Srushti     |   12 |     12 |   18 | 2P:MysuruLocalTour | Mysuru           |              3 |   8000 |   4000 | 2P:MysuruLocalTour |
|      24 | Srushti     |   12 |     12 |   17 | 2P:Kodaikanal      | Kodaikanal       |              4 |  16000 |   5000 | 2P:Kodaikanal      |
|      24 | Srushti     |   12 |     12 |   16 | 2P:Ooty            | Ooty             |              3 |  10000 |   3000 | 2P:Ooty            |
|      24 | Srushti     |   12 |     12 |   15 | 4P:Shirdi          | Shirdi           |              4 |  20000 |   5000 | 4P:Shirdi          |
|      24 | Srushti     |   12 |     12 |   14 | 2P:Goa             | Goa              |              6 |  18000 |   4000 | 2P:Goa             |
|      24 | Srushti     |   12 |     12 |   13 | 2P:HimalayaTrek    | Himachal Pradesh |             10 | 200000 |  50000 | 2P:HimalayaTrek    |
|      24 | Srushti     |   12 |     12 |   12 | 10P:HimalayaTrek   | Himachal Pradesh |             10 | 800000 | 300000 | 10P:HimalayaTrek   |
|      24 | Srushti     |   12 |     12 |   11 | 2P:Delhi           | Delhi            |              5 |  65000 |  15000 | 2P:Delhi           |
|      24 | Srushti     |   12 |     12 |   10 | 2P:Mumbai          | Mumbai           |              5 |  70000 |  14000 | 2P:Mumbai          |
|      24 | Srushti     |   12 |     12 |    9 | 2P:Kedarnath       | Kedarnath        |              5 |  40000 |   9000 | 2P:Kedarnath       |
|      24 | Srushti     |   12 |     12 |    8 | 2P:Manali          | Kulu-Manali      |              6 |  50000 |  10000 | 2P:Manali          |
|      24 | Srushti     |   12 |     12 |    7 | Honeymoon:Monaco   | Monaco           |              9 | 500000 | 230000 | Honeymoon:Monaco   |
|      24 | Srushti     |   12 |     12 |    6 | Honeymoon:Maldives | Maldives         |              9 | 340000 | 160000 | Honeymoon:Maldives |
|      24 | Srushti     |   12 |     12 |    5 | Honeymoon:Bali     | Bali,Indonesia   |              9 | 400000 | 190000 | Honeymoon:Bali     |
|      24 | Srushti     |   12 |     12 |    4 | Honeymoon:Andaman  | Andaman&Nicobar  |              9 | 300000 | 110000 | Honeymoon:Andaman  |
|      24 | Srushti     |   12 |     12 |    3 | Honeymoon:Paris    | Paris            |              9 | 480000 | 180000 | Honeymoon:Paris    |
|      24 | Srushti     |   12 |     12 |    2 | 6P:Dandeli         | Dandeli          |              5 |  84000 |  30000 | 6P:Dandeli         |
|      24 | Srushti     |   12 |     12 |    1 | 4P:Dandeli         | Dandeli          |              5 |  60000 |  20000 | 4P:Dandeli         |
|      25 | Bhat        |   18 |     10 |   18 | 2P:MysuruLocalTour | Mysuru           |              3 |   8000 |   4000 | 2P:MysuruLocalTour |
|      25 | Bhat        |   18 |     10 |   17 | 2P:Kodaikanal      | Kodaikanal       |              4 |  16000 |   5000 | 2P:Kodaikanal      |
|      25 | Bhat        |   18 |     10 |   16 | 2P:Ooty            | Ooty             |              3 |  10000 |   3000 | 2P:Ooty            |
|      25 | Bhat        |   18 |     10 |   15 | 4P:Shirdi          | Shirdi           |              4 |  20000 |   5000 | 4P:Shirdi          |
|      25 | Bhat        |   18 |     10 |   14 | 2P:Goa             | Goa              |              6 |  18000 |   4000 | 2P:Goa             |
|      25 | Bhat        |   18 |     10 |   13 | 2P:HimalayaTrek    | Himachal Pradesh |             10 | 200000 |  50000 | 2P:HimalayaTrek    |
|      25 | Bhat        |   18 |     10 |   12 | 10P:HimalayaTrek   | Himachal Pradesh |             10 | 800000 | 300000 | 10P:HimalayaTrek   |
|      25 | Bhat        |   18 |     10 |   11 | 2P:Delhi           | Delhi            |              5 |  65000 |  15000 | 2P:Delhi           |
|      25 | Bhat        |   18 |     10 |   10 | 2P:Mumbai          | Mumbai           |              5 |  70000 |  14000 | 2P:Mumbai          |
|      25 | Bhat        |   18 |     10 |    9 | 2P:Kedarnath       | Kedarnath        |              5 |  40000 |   9000 | 2P:Kedarnath       |
|      25 | Bhat        |   18 |     10 |    8 | 2P:Manali          | Kulu-Manali      |              6 |  50000 |  10000 | 2P:Manali          |
|      25 | Bhat        |   18 |     10 |    7 | Honeymoon:Monaco   | Monaco           |              9 | 500000 | 230000 | Honeymoon:Monaco   |
|      25 | Bhat        |   18 |     10 |    6 | Honeymoon:Maldives | Maldives         |              9 | 340000 | 160000 | Honeymoon:Maldives |
|      25 | Bhat        |   18 |     10 |    5 | Honeymoon:Bali     | Bali,Indonesia   |              9 | 400000 | 190000 | Honeymoon:Bali     |
|      25 | Bhat        |   18 |     10 |    4 | Honeymoon:Andaman  | Andaman&Nicobar  |              9 | 300000 | 110000 | Honeymoon:Andaman  |
|      25 | Bhat        |   18 |     10 |    3 | Honeymoon:Paris    | Paris            |              9 | 480000 | 180000 | Honeymoon:Paris    |
|      25 | Bhat        |   18 |     10 |    2 | 6P:Dandeli         | Dandeli          |              5 |  84000 |  30000 | 6P:Dandeli         |
|      25 | Bhat        |   18 |     10 |    1 | 4P:Dandeli         | Dandeli          |              5 |  60000 |  20000 | 4P:Dandeli         |
|      26 | Sindhu      |    8 |     11 |   18 | 2P:MysuruLocalTour | Mysuru           |              3 |   8000 |   4000 | 2P:MysuruLocalTour |
|      26 | Sindhu      |    8 |     11 |   17 | 2P:Kodaikanal      | Kodaikanal       |              4 |  16000 |   5000 | 2P:Kodaikanal      |
|      26 | Sindhu      |    8 |     11 |   16 | 2P:Ooty            | Ooty             |              3 |  10000 |   3000 | 2P:Ooty            |
|      26 | Sindhu      |    8 |     11 |   15 | 4P:Shirdi          | Shirdi           |              4 |  20000 |   5000 | 4P:Shirdi          |
|      26 | Sindhu      |    8 |     11 |   14 | 2P:Goa             | Goa              |              6 |  18000 |   4000 | 2P:Goa             |
|      26 | Sindhu      |    8 |     11 |   13 | 2P:HimalayaTrek    | Himachal Pradesh |             10 | 200000 |  50000 | 2P:HimalayaTrek    |
|      26 | Sindhu      |    8 |     11 |   12 | 10P:HimalayaTrek   | Himachal Pradesh |             10 | 800000 | 300000 | 10P:HimalayaTrek   |
|      26 | Sindhu      |    8 |     11 |   11 | 2P:Delhi           | Delhi            |              5 |  65000 |  15000 | 2P:Delhi           |
|      26 | Sindhu      |    8 |     11 |   10 | 2P:Mumbai          | Mumbai           |              5 |  70000 |  14000 | 2P:Mumbai          |
|      26 | Sindhu      |    8 |     11 |    9 | 2P:Kedarnath       | Kedarnath        |              5 |  40000 |   9000 | 2P:Kedarnath       |
|      26 | Sindhu      |    8 |     11 |    8 | 2P:Manali          | Kulu-Manali      |              6 |  50000 |  10000 | 2P:Manali          |
|      26 | Sindhu      |    8 |     11 |    7 | Honeymoon:Monaco   | Monaco           |              9 | 500000 | 230000 | Honeymoon:Monaco   |
|      26 | Sindhu      |    8 |     11 |    6 | Honeymoon:Maldives | Maldives         |              9 | 340000 | 160000 | Honeymoon:Maldives |
|      26 | Sindhu      |    8 |     11 |    5 | Honeymoon:Bali     | Bali,Indonesia   |              9 | 400000 | 190000 | Honeymoon:Bali     |
|      26 | Sindhu      |    8 |     11 |    4 | Honeymoon:Andaman  | Andaman&Nicobar  |              9 | 300000 | 110000 | Honeymoon:Andaman  |
|      26 | Sindhu      |    8 |     11 |    3 | Honeymoon:Paris    | Paris            |              9 | 480000 | 180000 | Honeymoon:Paris    |
|      26 | Sindhu      |    8 |     11 |    2 | 6P:Dandeli         | Dandeli          |              5 |  84000 |  30000 | 6P:Dandeli         |
|      26 | Sindhu      |    8 |     11 |    1 | 4P:Dandeli         | Dandeli          |              5 |  60000 |  20000 | 4P:Dandeli         |
|      27 | Bindu       |    9 |     12 |   18 | 2P:MysuruLocalTour | Mysuru           |              3 |   8000 |   4000 | 2P:MysuruLocalTour |
|      27 | Bindu       |    9 |     12 |   17 | 2P:Kodaikanal      | Kodaikanal       |              4 |  16000 |   5000 | 2P:Kodaikanal      |
|      27 | Bindu       |    9 |     12 |   16 | 2P:Ooty            | Ooty             |              3 |  10000 |   3000 | 2P:Ooty            |
|      27 | Bindu       |    9 |     12 |   15 | 4P:Shirdi          | Shirdi           |              4 |  20000 |   5000 | 4P:Shirdi          |
|      27 | Bindu       |    9 |     12 |   14 | 2P:Goa             | Goa              |              6 |  18000 |   4000 | 2P:Goa             |
|      27 | Bindu       |    9 |     12 |   13 | 2P:HimalayaTrek    | Himachal Pradesh |             10 | 200000 |  50000 | 2P:HimalayaTrek    |
|      27 | Bindu       |    9 |     12 |   12 | 10P:HimalayaTrek   | Himachal Pradesh |             10 | 800000 | 300000 | 10P:HimalayaTrek   |
|      27 | Bindu       |    9 |     12 |   11 | 2P:Delhi           | Delhi            |              5 |  65000 |  15000 | 2P:Delhi           |
|      27 | Bindu       |    9 |     12 |   10 | 2P:Mumbai          | Mumbai           |              5 |  70000 |  14000 | 2P:Mumbai          |
|      27 | Bindu       |    9 |     12 |    9 | 2P:Kedarnath       | Kedarnath        |              5 |  40000 |   9000 | 2P:Kedarnath       |
|      27 | Bindu       |    9 |     12 |    8 | 2P:Manali          | Kulu-Manali      |              6 |  50000 |  10000 | 2P:Manali          |
|      27 | Bindu       |    9 |     12 |    7 | Honeymoon:Monaco   | Monaco           |              9 | 500000 | 230000 | Honeymoon:Monaco   |
|      27 | Bindu       |    9 |     12 |    6 | Honeymoon:Maldives | Maldives         |              9 | 340000 | 160000 | Honeymoon:Maldives |
|      27 | Bindu       |    9 |     12 |    5 | Honeymoon:Bali     | Bali,Indonesia   |              9 | 400000 | 190000 | Honeymoon:Bali     |
|      27 | Bindu       |    9 |     12 |    4 | Honeymoon:Andaman  | Andaman&Nicobar  |              9 | 300000 | 110000 | Honeymoon:Andaman  |
|      27 | Bindu       |    9 |     12 |    3 | Honeymoon:Paris    | Paris            |              9 | 480000 | 180000 | Honeymoon:Paris    |
|      27 | Bindu       |    9 |     12 |    2 | 6P:Dandeli         | Dandeli          |              5 |  84000 |  30000 | 6P:Dandeli         |
|      27 | Bindu       |    9 |     12 |    1 | 4P:Dandeli         | Dandeli          |              5 |  60000 |  20000 | 4P:Dandeli         |
|      28 | Mary        |   10 |     10 |   18 | 2P:MysuruLocalTour | Mysuru           |              3 |   8000 |   4000 | 2P:MysuruLocalTour |
|      28 | Mary        |   10 |     10 |   17 | 2P:Kodaikanal      | Kodaikanal       |              4 |  16000 |   5000 | 2P:Kodaikanal      |
|      28 | Mary        |   10 |     10 |   16 | 2P:Ooty            | Ooty             |              3 |  10000 |   3000 | 2P:Ooty            |
|      28 | Mary        |   10 |     10 |   15 | 4P:Shirdi          | Shirdi           |              4 |  20000 |   5000 | 4P:Shirdi          |
|      28 | Mary        |   10 |     10 |   14 | 2P:Goa             | Goa              |              6 |  18000 |   4000 | 2P:Goa             |
|      28 | Mary        |   10 |     10 |   13 | 2P:HimalayaTrek    | Himachal Pradesh |             10 | 200000 |  50000 | 2P:HimalayaTrek    |
|      28 | Mary        |   10 |     10 |   12 | 10P:HimalayaTrek   | Himachal Pradesh |             10 | 800000 | 300000 | 10P:HimalayaTrek   |
|      28 | Mary        |   10 |     10 |   11 | 2P:Delhi           | Delhi            |              5 |  65000 |  15000 | 2P:Delhi           |
|      28 | Mary        |   10 |     10 |   10 | 2P:Mumbai          | Mumbai           |              5 |  70000 |  14000 | 2P:Mumbai          |
|      28 | Mary        |   10 |     10 |    9 | 2P:Kedarnath       | Kedarnath        |              5 |  40000 |   9000 | 2P:Kedarnath       |
|      28 | Mary        |   10 |     10 |    8 | 2P:Manali          | Kulu-Manali      |              6 |  50000 |  10000 | 2P:Manali          |
|      28 | Mary        |   10 |     10 |    7 | Honeymoon:Monaco   | Monaco           |              9 | 500000 | 230000 | Honeymoon:Monaco   |
|      28 | Mary        |   10 |     10 |    6 | Honeymoon:Maldives | Maldives         |              9 | 340000 | 160000 | Honeymoon:Maldives |
|      28 | Mary        |   10 |     10 |    5 | Honeymoon:Bali     | Bali,Indonesia   |              9 | 400000 | 190000 | Honeymoon:Bali     |
|      28 | Mary        |   10 |     10 |    4 | Honeymoon:Andaman  | Andaman&Nicobar  |              9 | 300000 | 110000 | Honeymoon:Andaman  |
|      28 | Mary        |   10 |     10 |    3 | Honeymoon:Paris    | Paris            |              9 | 480000 | 180000 | Honeymoon:Paris    |
|      28 | Mary        |   10 |     10 |    2 | 6P:Dandeli         | Dandeli          |              5 |  84000 |  30000 | 6P:Dandeli         |
|      28 | Mary        |   10 |     10 |    1 | 4P:Dandeli         | Dandeli          |              5 |  60000 |  20000 | 4P:Dandeli         |
|      29 | Goku        |   11 |     11 |   18 | 2P:MysuruLocalTour | Mysuru           |              3 |   8000 |   4000 | 2P:MysuruLocalTour |
|      29 | Goku        |   11 |     11 |   17 | 2P:Kodaikanal      | Kodaikanal       |              4 |  16000 |   5000 | 2P:Kodaikanal      |
|      29 | Goku        |   11 |     11 |   16 | 2P:Ooty            | Ooty             |              3 |  10000 |   3000 | 2P:Ooty            |
|      29 | Goku        |   11 |     11 |   15 | 4P:Shirdi          | Shirdi           |              4 |  20000 |   5000 | 4P:Shirdi          |
|      29 | Goku        |   11 |     11 |   14 | 2P:Goa             | Goa              |              6 |  18000 |   4000 | 2P:Goa             |
|      29 | Goku        |   11 |     11 |   13 | 2P:HimalayaTrek    | Himachal Pradesh |             10 | 200000 |  50000 | 2P:HimalayaTrek    |
|      29 | Goku        |   11 |     11 |   12 | 10P:HimalayaTrek   | Himachal Pradesh |             10 | 800000 | 300000 | 10P:HimalayaTrek   |
|      29 | Goku        |   11 |     11 |   11 | 2P:Delhi           | Delhi            |              5 |  65000 |  15000 | 2P:Delhi           |
|      29 | Goku        |   11 |     11 |   10 | 2P:Mumbai          | Mumbai           |              5 |  70000 |  14000 | 2P:Mumbai          |
|      29 | Goku        |   11 |     11 |    9 | 2P:Kedarnath       | Kedarnath        |              5 |  40000 |   9000 | 2P:Kedarnath       |
|      29 | Goku        |   11 |     11 |    8 | 2P:Manali          | Kulu-Manali      |              6 |  50000 |  10000 | 2P:Manali          |
|      29 | Goku        |   11 |     11 |    7 | Honeymoon:Monaco   | Monaco           |              9 | 500000 | 230000 | Honeymoon:Monaco   |
|      29 | Goku        |   11 |     11 |    6 | Honeymoon:Maldives | Maldives         |              9 | 340000 | 160000 | Honeymoon:Maldives |
|      29 | Goku        |   11 |     11 |    5 | Honeymoon:Bali     | Bali,Indonesia   |              9 | 400000 | 190000 | Honeymoon:Bali     |
|      29 | Goku        |   11 |     11 |    4 | Honeymoon:Andaman  | Andaman&Nicobar  |              9 | 300000 | 110000 | Honeymoon:Andaman  |
|      29 | Goku        |   11 |     11 |    3 | Honeymoon:Paris    | Paris            |              9 | 480000 | 180000 | Honeymoon:Paris    |
|      29 | Goku        |   11 |     11 |    2 | 6P:Dandeli         | Dandeli          |              5 |  84000 |  30000 | 6P:Dandeli         |
|      29 | Goku        |   11 |     11 |    1 | 4P:Dandeli         | Dandeli          |              5 |  60000 |  20000 | 4P:Dandeli         |
|      30 | Vegeta      |   14 |     12 |   18 | 2P:MysuruLocalTour | Mysuru           |              3 |   8000 |   4000 | 2P:MysuruLocalTour |
|      30 | Vegeta      |   14 |     12 |   17 | 2P:Kodaikanal      | Kodaikanal       |              4 |  16000 |   5000 | 2P:Kodaikanal      |
|      30 | Vegeta      |   14 |     12 |   16 | 2P:Ooty            | Ooty             |              3 |  10000 |   3000 | 2P:Ooty            |
|      30 | Vegeta      |   14 |     12 |   15 | 4P:Shirdi          | Shirdi           |              4 |  20000 |   5000 | 4P:Shirdi          |
|      30 | Vegeta      |   14 |     12 |   14 | 2P:Goa             | Goa              |              6 |  18000 |   4000 | 2P:Goa             |
|      30 | Vegeta      |   14 |     12 |   13 | 2P:HimalayaTrek    | Himachal Pradesh |             10 | 200000 |  50000 | 2P:HimalayaTrek    |
|      30 | Vegeta      |   14 |     12 |   12 | 10P:HimalayaTrek   | Himachal Pradesh |             10 | 800000 | 300000 | 10P:HimalayaTrek   |
|      30 | Vegeta      |   14 |     12 |   11 | 2P:Delhi           | Delhi            |              5 |  65000 |  15000 | 2P:Delhi           |
|      30 | Vegeta      |   14 |     12 |   10 | 2P:Mumbai          | Mumbai           |              5 |  70000 |  14000 | 2P:Mumbai          |
|      30 | Vegeta      |   14 |     12 |    9 | 2P:Kedarnath       | Kedarnath        |              5 |  40000 |   9000 | 2P:Kedarnath       |
|      30 | Vegeta      |   14 |     12 |    8 | 2P:Manali          | Kulu-Manali      |              6 |  50000 |  10000 | 2P:Manali          |
|      30 | Vegeta      |   14 |     12 |    7 | Honeymoon:Monaco   | Monaco           |              9 | 500000 | 230000 | Honeymoon:Monaco   |
|      30 | Vegeta      |   14 |     12 |    6 | Honeymoon:Maldives | Maldives         |              9 | 340000 | 160000 | Honeymoon:Maldives |
|      30 | Vegeta      |   14 |     12 |    5 | Honeymoon:Bali     | Bali,Indonesia   |              9 | 400000 | 190000 | Honeymoon:Bali     |
|      30 | Vegeta      |   14 |     12 |    4 | Honeymoon:Andaman  | Andaman&Nicobar  |              9 | 300000 | 110000 | Honeymoon:Andaman  |
|      30 | Vegeta      |   14 |     12 |    3 | Honeymoon:Paris    | Paris            |              9 | 480000 | 180000 | Honeymoon:Paris    |
|      30 | Vegeta      |   14 |     12 |    2 | 6P:Dandeli         | Dandeli          |              5 |  84000 |  30000 | 6P:Dandeli         |
|      30 | Vegeta      |   14 |     12 |    1 | 4P:Dandeli         | Dandeli          |              5 |  60000 |  20000 | 4P:Dandeli         |
|      31 | Sujan       |    4 |     10 |   18 | 2P:MysuruLocalTour | Mysuru           |              3 |   8000 |   4000 | 2P:MysuruLocalTour |
|      31 | Sujan       |    4 |     10 |   17 | 2P:Kodaikanal      | Kodaikanal       |              4 |  16000 |   5000 | 2P:Kodaikanal      |
|      31 | Sujan       |    4 |     10 |   16 | 2P:Ooty            | Ooty             |              3 |  10000 |   3000 | 2P:Ooty            |
|      31 | Sujan       |    4 |     10 |   15 | 4P:Shirdi          | Shirdi           |              4 |  20000 |   5000 | 4P:Shirdi          |
|      31 | Sujan       |    4 |     10 |   14 | 2P:Goa             | Goa              |              6 |  18000 |   4000 | 2P:Goa             |
|      31 | Sujan       |    4 |     10 |   13 | 2P:HimalayaTrek    | Himachal Pradesh |             10 | 200000 |  50000 | 2P:HimalayaTrek    |
|      31 | Sujan       |    4 |     10 |   12 | 10P:HimalayaTrek   | Himachal Pradesh |             10 | 800000 | 300000 | 10P:HimalayaTrek   |
|      31 | Sujan       |    4 |     10 |   11 | 2P:Delhi           | Delhi            |              5 |  65000 |  15000 | 2P:Delhi           |
|      31 | Sujan       |    4 |     10 |   10 | 2P:Mumbai          | Mumbai           |              5 |  70000 |  14000 | 2P:Mumbai          |
|      31 | Sujan       |    4 |     10 |    9 | 2P:Kedarnath       | Kedarnath        |              5 |  40000 |   9000 | 2P:Kedarnath       |
|      31 | Sujan       |    4 |     10 |    8 | 2P:Manali          | Kulu-Manali      |              6 |  50000 |  10000 | 2P:Manali          |
|      31 | Sujan       |    4 |     10 |    7 | Honeymoon:Monaco   | Monaco           |              9 | 500000 | 230000 | Honeymoon:Monaco   |
|      31 | Sujan       |    4 |     10 |    6 | Honeymoon:Maldives | Maldives         |              9 | 340000 | 160000 | Honeymoon:Maldives |
|      31 | Sujan       |    4 |     10 |    5 | Honeymoon:Bali     | Bali,Indonesia   |              9 | 400000 | 190000 | Honeymoon:Bali     |
|      31 | Sujan       |    4 |     10 |    4 | Honeymoon:Andaman  | Andaman&Nicobar  |              9 | 300000 | 110000 | Honeymoon:Andaman  |
|      31 | Sujan       |    4 |     10 |    3 | Honeymoon:Paris    | Paris            |              9 | 480000 | 180000 | Honeymoon:Paris    |
|      31 | Sujan       |    4 |     10 |    2 | 6P:Dandeli         | Dandeli          |              5 |  84000 |  30000 | 6P:Dandeli         |
|      31 | Sujan       |    4 |     10 |    1 | 4P:Dandeli         | Dandeli          |              5 |  60000 |  20000 | 4P:Dandeli         |
|      32 | Neha        |    3 |     11 |   18 | 2P:MysuruLocalTour | Mysuru           |              3 |   8000 |   4000 | 2P:MysuruLocalTour |
|      32 | Neha        |    3 |     11 |   17 | 2P:Kodaikanal      | Kodaikanal       |              4 |  16000 |   5000 | 2P:Kodaikanal      |
|      32 | Neha        |    3 |     11 |   16 | 2P:Ooty            | Ooty             |              3 |  10000 |   3000 | 2P:Ooty            |
|      32 | Neha        |    3 |     11 |   15 | 4P:Shirdi          | Shirdi           |              4 |  20000 |   5000 | 4P:Shirdi          |
|      32 | Neha        |    3 |     11 |   14 | 2P:Goa             | Goa              |              6 |  18000 |   4000 | 2P:Goa             |
|      32 | Neha        |    3 |     11 |   13 | 2P:HimalayaTrek    | Himachal Pradesh |             10 | 200000 |  50000 | 2P:HimalayaTrek    |
|      32 | Neha        |    3 |     11 |   12 | 10P:HimalayaTrek   | Himachal Pradesh |             10 | 800000 | 300000 | 10P:HimalayaTrek   |
|      32 | Neha        |    3 |     11 |   11 | 2P:Delhi           | Delhi            |              5 |  65000 |  15000 | 2P:Delhi           |
|      32 | Neha        |    3 |     11 |   10 | 2P:Mumbai          | Mumbai           |              5 |  70000 |  14000 | 2P:Mumbai          |
|      32 | Neha        |    3 |     11 |    9 | 2P:Kedarnath       | Kedarnath        |              5 |  40000 |   9000 | 2P:Kedarnath       |
|      32 | Neha        |    3 |     11 |    8 | 2P:Manali          | Kulu-Manali      |              6 |  50000 |  10000 | 2P:Manali          |
|      32 | Neha        |    3 |     11 |    7 | Honeymoon:Monaco   | Monaco           |              9 | 500000 | 230000 | Honeymoon:Monaco   |
|      32 | Neha        |    3 |     11 |    6 | Honeymoon:Maldives | Maldives         |              9 | 340000 | 160000 | Honeymoon:Maldives |
|      32 | Neha        |    3 |     11 |    5 | Honeymoon:Bali     | Bali,Indonesia   |              9 | 400000 | 190000 | Honeymoon:Bali     |
|      32 | Neha        |    3 |     11 |    4 | Honeymoon:Andaman  | Andaman&Nicobar  |              9 | 300000 | 110000 | Honeymoon:Andaman  |
|      32 | Neha        |    3 |     11 |    3 | Honeymoon:Paris    | Paris            |              9 | 480000 | 180000 | Honeymoon:Paris    |
|      32 | Neha        |    3 |     11 |    2 | 6P:Dandeli         | Dandeli          |              5 |  84000 |  30000 | 6P:Dandeli         |
|      32 | Neha        |    3 |     11 |    1 | 4P:Dandeli         | Dandeli          |              5 |  60000 |  20000 | 4P:Dandeli         |
+---------+-------------+------+--------+------+--------------------+------------------+----------------+--------+--------+--------------------+
576 rows in set (0.01 sec)

mysql> select Cust_Name,P_Name from Customer,trippackages;
+-------------+--------------------+
| Cust_Name   | P_Name             |
+-------------+--------------------+
| Manjesh     | 2P:MysuruLocalTour |
| Manjesh     | 2P:Kodaikanal      |
| Manjesh     | 2P:Ooty            |
| Manjesh     | 4P:Shirdi          |
| Manjesh     | 2P:Goa             |
| Manjesh     | 2P:HimalayaTrek    |
| Manjesh     | 10P:HimalayaTrek   |
| Manjesh     | 2P:Delhi           |
| Manjesh     | 2P:Mumbai          |
| Manjesh     | 2P:Kedarnath       |
| Manjesh     | 2P:Manali          |
| Manjesh     | Honeymoon:Monaco   |
| Manjesh     | Honeymoon:Maldives |
| Manjesh     | Honeymoon:Bali     |
| Manjesh     | Honeymoon:Andaman  |
| Manjesh     | Honeymoon:Paris    |
| Manjesh     | 6P:Dandeli         |
| Manjesh     | 4P:Dandeli         |
| Yadava      | 2P:MysuruLocalTour |
| Yadava      | 2P:Kodaikanal      |
| Yadava      | 2P:Ooty            |
| Yadava      | 4P:Shirdi          |
| Yadava      | 2P:Goa             |
| Yadava      | 2P:HimalayaTrek    |
| Yadava      | 10P:HimalayaTrek   |
| Yadava      | 2P:Delhi           |
| Yadava      | 2P:Mumbai          |
| Yadava      | 2P:Kedarnath       |
| Yadava      | 2P:Manali          |
| Yadava      | Honeymoon:Monaco   |
| Yadava      | Honeymoon:Maldives |
| Yadava      | Honeymoon:Bali     |
| Yadava      | Honeymoon:Andaman  |
| Yadava      | Honeymoon:Paris    |
| Yadava      | 6P:Dandeli         |
| Yadava      | 4P:Dandeli         |
| Kumar       | 2P:MysuruLocalTour |
| Kumar       | 2P:Kodaikanal      |
| Kumar       | 2P:Ooty            |
| Kumar       | 4P:Shirdi          |
| Kumar       | 2P:Goa             |
| Kumar       | 2P:HimalayaTrek    |
| Kumar       | 10P:HimalayaTrek   |
| Kumar       | 2P:Delhi           |
| Kumar       | 2P:Mumbai          |
| Kumar       | 2P:Kedarnath       |
| Kumar       | 2P:Manali          |
| Kumar       | Honeymoon:Monaco   |
| Kumar       | Honeymoon:Maldives |
| Kumar       | Honeymoon:Bali     |
| Kumar       | Honeymoon:Andaman  |
| Kumar       | Honeymoon:Paris    |
| Kumar       | 6P:Dandeli         |
| Kumar       | 4P:Dandeli         |
| Joshi       | 2P:MysuruLocalTour |
| Joshi       | 2P:Kodaikanal      |
| Joshi       | 2P:Ooty            |
| Joshi       | 4P:Shirdi          |
| Joshi       | 2P:Goa             |
| Joshi       | 2P:HimalayaTrek    |
| Joshi       | 10P:HimalayaTrek   |
| Joshi       | 2P:Delhi           |
| Joshi       | 2P:Mumbai          |
| Joshi       | 2P:Kedarnath       |
| Joshi       | 2P:Manali          |
| Joshi       | Honeymoon:Monaco   |
| Joshi       | Honeymoon:Maldives |
| Joshi       | Honeymoon:Bali     |
| Joshi       | Honeymoon:Andaman  |
| Joshi       | Honeymoon:Paris    |
| Joshi       | 6P:Dandeli         |
| Joshi       | 4P:Dandeli         |
| Nidhima     | 2P:MysuruLocalTour |
| Nidhima     | 2P:Kodaikanal      |
| Nidhima     | 2P:Ooty            |
| Nidhima     | 4P:Shirdi          |
| Nidhima     | 2P:Goa             |
| Nidhima     | 2P:HimalayaTrek    |
| Nidhima     | 10P:HimalayaTrek   |
| Nidhima     | 2P:Delhi           |
| Nidhima     | 2P:Mumbai          |
| Nidhima     | 2P:Kedarnath       |
| Nidhima     | 2P:Manali          |
| Nidhima     | Honeymoon:Monaco   |
| Nidhima     | Honeymoon:Maldives |
| Nidhima     | Honeymoon:Bali     |
| Nidhima     | Honeymoon:Andaman  |
| Nidhima     | Honeymoon:Paris    |
| Nidhima     | 6P:Dandeli         |
| Nidhima     | 4P:Dandeli         |
| Diya        | 2P:MysuruLocalTour |
| Diya        | 2P:Kodaikanal      |
| Diya        | 2P:Ooty            |
| Diya        | 4P:Shirdi          |
| Diya        | 2P:Goa             |
| Diya        | 2P:HimalayaTrek    |
| Diya        | 10P:HimalayaTrek   |
| Diya        | 2P:Delhi           |
| Diya        | 2P:Mumbai          |
| Diya        | 2P:Kedarnath       |
| Diya        | 2P:Manali          |
| Diya        | Honeymoon:Monaco   |
| Diya        | Honeymoon:Maldives |
| Diya        | Honeymoon:Bali     |
| Diya        | Honeymoon:Andaman  |
| Diya        | Honeymoon:Paris    |
| Diya        | 6P:Dandeli         |
| Diya        | 4P:Dandeli         |
| Eshaan      | 2P:MysuruLocalTour |
| Eshaan      | 2P:Kodaikanal      |
| Eshaan      | 2P:Ooty            |
| Eshaan      | 4P:Shirdi          |
| Eshaan      | 2P:Goa             |
| Eshaan      | 2P:HimalayaTrek    |
| Eshaan      | 10P:HimalayaTrek   |
| Eshaan      | 2P:Delhi           |
| Eshaan      | 2P:Mumbai          |
| Eshaan      | 2P:Kedarnath       |
| Eshaan      | 2P:Manali          |
| Eshaan      | Honeymoon:Monaco   |
| Eshaan      | Honeymoon:Maldives |
| Eshaan      | Honeymoon:Bali     |
| Eshaan      | Honeymoon:Andaman  |
| Eshaan      | Honeymoon:Paris    |
| Eshaan      | 6P:Dandeli         |
| Eshaan      | 4P:Dandeli         |
| Jitendra    | 2P:MysuruLocalTour |
| Jitendra    | 2P:Kodaikanal      |
| Jitendra    | 2P:Ooty            |
| Jitendra    | 4P:Shirdi          |
| Jitendra    | 2P:Goa             |
| Jitendra    | 2P:HimalayaTrek    |
| Jitendra    | 10P:HimalayaTrek   |
| Jitendra    | 2P:Delhi           |
| Jitendra    | 2P:Mumbai          |
| Jitendra    | 2P:Kedarnath       |
| Jitendra    | 2P:Manali          |
| Jitendra    | Honeymoon:Monaco   |
| Jitendra    | Honeymoon:Maldives |
| Jitendra    | Honeymoon:Bali     |
| Jitendra    | Honeymoon:Andaman  |
| Jitendra    | Honeymoon:Paris    |
| Jitendra    | 6P:Dandeli         |
| Jitendra    | 4P:Dandeli         |
| Madhushree  | 2P:MysuruLocalTour |
| Madhushree  | 2P:Kodaikanal      |
| Madhushree  | 2P:Ooty            |
| Madhushree  | 4P:Shirdi          |
| Madhushree  | 2P:Goa             |
| Madhushree  | 2P:HimalayaTrek    |
| Madhushree  | 10P:HimalayaTrek   |
| Madhushree  | 2P:Delhi           |
| Madhushree  | 2P:Mumbai          |
| Madhushree  | 2P:Kedarnath       |
| Madhushree  | 2P:Manali          |
| Madhushree  | Honeymoon:Monaco   |
| Madhushree  | Honeymoon:Maldives |
| Madhushree  | Honeymoon:Bali     |
| Madhushree  | Honeymoon:Andaman  |
| Madhushree  | Honeymoon:Paris    |
| Madhushree  | 6P:Dandeli         |
| Madhushree  | 4P:Dandeli         |
| Binod       | 2P:MysuruLocalTour |
| Binod       | 2P:Kodaikanal      |
| Binod       | 2P:Ooty            |
| Binod       | 4P:Shirdi          |
| Binod       | 2P:Goa             |
| Binod       | 2P:HimalayaTrek    |
| Binod       | 10P:HimalayaTrek   |
| Binod       | 2P:Delhi           |
| Binod       | 2P:Mumbai          |
| Binod       | 2P:Kedarnath       |
| Binod       | 2P:Manali          |
| Binod       | Honeymoon:Monaco   |
| Binod       | Honeymoon:Maldives |
| Binod       | Honeymoon:Bali     |
| Binod       | Honeymoon:Andaman  |
| Binod       | Honeymoon:Paris    |
| Binod       | 6P:Dandeli         |
| Binod       | 4P:Dandeli         |
| Vaishnavi   | 2P:MysuruLocalTour |
| Vaishnavi   | 2P:Kodaikanal      |
| Vaishnavi   | 2P:Ooty            |
| Vaishnavi   | 4P:Shirdi          |
| Vaishnavi   | 2P:Goa             |
| Vaishnavi   | 2P:HimalayaTrek    |
| Vaishnavi   | 10P:HimalayaTrek   |
| Vaishnavi   | 2P:Delhi           |
| Vaishnavi   | 2P:Mumbai          |
| Vaishnavi   | 2P:Kedarnath       |
| Vaishnavi   | 2P:Manali          |
| Vaishnavi   | Honeymoon:Monaco   |
| Vaishnavi   | Honeymoon:Maldives |
| Vaishnavi   | Honeymoon:Bali     |
| Vaishnavi   | Honeymoon:Andaman  |
| Vaishnavi   | Honeymoon:Paris    |
| Vaishnavi   | 6P:Dandeli         |
| Vaishnavi   | 4P:Dandeli         |
| Rakshith    | 2P:MysuruLocalTour |
| Rakshith    | 2P:Kodaikanal      |
| Rakshith    | 2P:Ooty            |
| Rakshith    | 4P:Shirdi          |
| Rakshith    | 2P:Goa             |
| Rakshith    | 2P:HimalayaTrek    |
| Rakshith    | 10P:HimalayaTrek   |
| Rakshith    | 2P:Delhi           |
| Rakshith    | 2P:Mumbai          |
| Rakshith    | 2P:Kedarnath       |
| Rakshith    | 2P:Manali          |
| Rakshith    | Honeymoon:Monaco   |
| Rakshith    | Honeymoon:Maldives |
| Rakshith    | Honeymoon:Bali     |
| Rakshith    | Honeymoon:Andaman  |
| Rakshith    | Honeymoon:Paris    |
| Rakshith    | 6P:Dandeli         |
| Rakshith    | 4P:Dandeli         |
| Hrishikesh  | 2P:MysuruLocalTour |
| Hrishikesh  | 2P:Kodaikanal      |
| Hrishikesh  | 2P:Ooty            |
| Hrishikesh  | 4P:Shirdi          |
| Hrishikesh  | 2P:Goa             |
| Hrishikesh  | 2P:HimalayaTrek    |
| Hrishikesh  | 10P:HimalayaTrek   |
| Hrishikesh  | 2P:Delhi           |
| Hrishikesh  | 2P:Mumbai          |
| Hrishikesh  | 2P:Kedarnath       |
| Hrishikesh  | 2P:Manali          |
| Hrishikesh  | Honeymoon:Monaco   |
| Hrishikesh  | Honeymoon:Maldives |
| Hrishikesh  | Honeymoon:Bali     |
| Hrishikesh  | Honeymoon:Andaman  |
| Hrishikesh  | Honeymoon:Paris    |
| Hrishikesh  | 6P:Dandeli         |
| Hrishikesh  | 4P:Dandeli         |
| Chandan     | 2P:MysuruLocalTour |
| Chandan     | 2P:Kodaikanal      |
| Chandan     | 2P:Ooty            |
| Chandan     | 4P:Shirdi          |
| Chandan     | 2P:Goa             |
| Chandan     | 2P:HimalayaTrek    |
| Chandan     | 10P:HimalayaTrek   |
| Chandan     | 2P:Delhi           |
| Chandan     | 2P:Mumbai          |
| Chandan     | 2P:Kedarnath       |
| Chandan     | 2P:Manali          |
| Chandan     | Honeymoon:Monaco   |
| Chandan     | Honeymoon:Maldives |
| Chandan     | Honeymoon:Bali     |
| Chandan     | Honeymoon:Andaman  |
| Chandan     | Honeymoon:Paris    |
| Chandan     | 6P:Dandeli         |
| Chandan     | 4P:Dandeli         |
| Naveen      | 2P:MysuruLocalTour |
| Naveen      | 2P:Kodaikanal      |
| Naveen      | 2P:Ooty            |
| Naveen      | 4P:Shirdi          |
| Naveen      | 2P:Goa             |
| Naveen      | 2P:HimalayaTrek    |
| Naveen      | 10P:HimalayaTrek   |
| Naveen      | 2P:Delhi           |
| Naveen      | 2P:Mumbai          |
| Naveen      | 2P:Kedarnath       |
| Naveen      | 2P:Manali          |
| Naveen      | Honeymoon:Monaco   |
| Naveen      | Honeymoon:Maldives |
| Naveen      | Honeymoon:Bali     |
| Naveen      | Honeymoon:Andaman  |
| Naveen      | Honeymoon:Paris    |
| Naveen      | 6P:Dandeli         |
| Naveen      | 4P:Dandeli         |
| Rajesh      | 2P:MysuruLocalTour |
| Rajesh      | 2P:Kodaikanal      |
| Rajesh      | 2P:Ooty            |
| Rajesh      | 4P:Shirdi          |
| Rajesh      | 2P:Goa             |
| Rajesh      | 2P:HimalayaTrek    |
| Rajesh      | 10P:HimalayaTrek   |
| Rajesh      | 2P:Delhi           |
| Rajesh      | 2P:Mumbai          |
| Rajesh      | 2P:Kedarnath       |
| Rajesh      | 2P:Manali          |
| Rajesh      | Honeymoon:Monaco   |
| Rajesh      | Honeymoon:Maldives |
| Rajesh      | Honeymoon:Bali     |
| Rajesh      | Honeymoon:Andaman  |
| Rajesh      | Honeymoon:Paris    |
| Rajesh      | 6P:Dandeli         |
| Rajesh      | 4P:Dandeli         |
| Sharath     | 2P:MysuruLocalTour |
| Sharath     | 2P:Kodaikanal      |
| Sharath     | 2P:Ooty            |
| Sharath     | 4P:Shirdi          |
| Sharath     | 2P:Goa             |
| Sharath     | 2P:HimalayaTrek    |
| Sharath     | 10P:HimalayaTrek   |
| Sharath     | 2P:Delhi           |
| Sharath     | 2P:Mumbai          |
| Sharath     | 2P:Kedarnath       |
| Sharath     | 2P:Manali          |
| Sharath     | Honeymoon:Monaco   |
| Sharath     | Honeymoon:Maldives |
| Sharath     | Honeymoon:Bali     |
| Sharath     | Honeymoon:Andaman  |
| Sharath     | Honeymoon:Paris    |
| Sharath     | 6P:Dandeli         |
| Sharath     | 4P:Dandeli         |
| Pratima     | 2P:MysuruLocalTour |
| Pratima     | 2P:Kodaikanal      |
| Pratima     | 2P:Ooty            |
| Pratima     | 4P:Shirdi          |
| Pratima     | 2P:Goa             |
| Pratima     | 2P:HimalayaTrek    |
| Pratima     | 10P:HimalayaTrek   |
| Pratima     | 2P:Delhi           |
| Pratima     | 2P:Mumbai          |
| Pratima     | 2P:Kedarnath       |
| Pratima     | 2P:Manali          |
| Pratima     | Honeymoon:Monaco   |
| Pratima     | Honeymoon:Maldives |
| Pratima     | Honeymoon:Bali     |
| Pratima     | Honeymoon:Andaman  |
| Pratima     | Honeymoon:Paris    |
| Pratima     | 6P:Dandeli         |
| Pratima     | 4P:Dandeli         |
| Raghavendra | 2P:MysuruLocalTour |
| Raghavendra | 2P:Kodaikanal      |
| Raghavendra | 2P:Ooty            |
| Raghavendra | 4P:Shirdi          |
| Raghavendra | 2P:Goa             |
| Raghavendra | 2P:HimalayaTrek    |
| Raghavendra | 10P:HimalayaTrek   |
| Raghavendra | 2P:Delhi           |
| Raghavendra | 2P:Mumbai          |
| Raghavendra | 2P:Kedarnath       |
| Raghavendra | 2P:Manali          |
| Raghavendra | Honeymoon:Monaco   |
| Raghavendra | Honeymoon:Maldives |
| Raghavendra | Honeymoon:Bali     |
| Raghavendra | Honeymoon:Andaman  |
| Raghavendra | Honeymoon:Paris    |
| Raghavendra | 6P:Dandeli         |
| Raghavendra | 4P:Dandeli         |
| Adeep       | 2P:MysuruLocalTour |
| Adeep       | 2P:Kodaikanal      |
| Adeep       | 2P:Ooty            |
| Adeep       | 4P:Shirdi          |
| Adeep       | 2P:Goa             |
| Adeep       | 2P:HimalayaTrek    |
| Adeep       | 10P:HimalayaTrek   |
| Adeep       | 2P:Delhi           |
| Adeep       | 2P:Mumbai          |
| Adeep       | 2P:Kedarnath       |
| Adeep       | 2P:Manali          |
| Adeep       | Honeymoon:Monaco   |
| Adeep       | Honeymoon:Maldives |
| Adeep       | Honeymoon:Bali     |
| Adeep       | Honeymoon:Andaman  |
| Adeep       | Honeymoon:Paris    |
| Adeep       | 6P:Dandeli         |
| Adeep       | 4P:Dandeli         |
| Holla       | 2P:MysuruLocalTour |
| Holla       | 2P:Kodaikanal      |
| Holla       | 2P:Ooty            |
| Holla       | 4P:Shirdi          |
| Holla       | 2P:Goa             |
| Holla       | 2P:HimalayaTrek    |
| Holla       | 10P:HimalayaTrek   |
| Holla       | 2P:Delhi           |
| Holla       | 2P:Mumbai          |
| Holla       | 2P:Kedarnath       |
| Holla       | 2P:Manali          |
| Holla       | Honeymoon:Monaco   |
| Holla       | Honeymoon:Maldives |
| Holla       | Honeymoon:Bali     |
| Holla       | Honeymoon:Andaman  |
| Holla       | Honeymoon:Paris    |
| Holla       | 6P:Dandeli         |
| Holla       | 4P:Dandeli         |
| Amaan       | 2P:MysuruLocalTour |
| Amaan       | 2P:Kodaikanal      |
| Amaan       | 2P:Ooty            |
| Amaan       | 4P:Shirdi          |
| Amaan       | 2P:Goa             |
| Amaan       | 2P:HimalayaTrek    |
| Amaan       | 10P:HimalayaTrek   |
| Amaan       | 2P:Delhi           |
| Amaan       | 2P:Mumbai          |
| Amaan       | 2P:Kedarnath       |
| Amaan       | 2P:Manali          |
| Amaan       | Honeymoon:Monaco   |
| Amaan       | Honeymoon:Maldives |
| Amaan       | Honeymoon:Bali     |
| Amaan       | Honeymoon:Andaman  |
| Amaan       | Honeymoon:Paris    |
| Amaan       | 6P:Dandeli         |
| Amaan       | 4P:Dandeli         |
| Arya        | 2P:MysuruLocalTour |
| Arya        | 2P:Kodaikanal      |
| Arya        | 2P:Ooty            |
| Arya        | 4P:Shirdi          |
| Arya        | 2P:Goa             |
| Arya        | 2P:HimalayaTrek    |
| Arya        | 10P:HimalayaTrek   |
| Arya        | 2P:Delhi           |
| Arya        | 2P:Mumbai          |
| Arya        | 2P:Kedarnath       |
| Arya        | 2P:Manali          |
| Arya        | Honeymoon:Monaco   |
| Arya        | Honeymoon:Maldives |
| Arya        | Honeymoon:Bali     |
| Arya        | Honeymoon:Andaman  |
| Arya        | Honeymoon:Paris    |
| Arya        | 6P:Dandeli         |
| Arya        | 4P:Dandeli         |
| Srushti     | 2P:MysuruLocalTour |
| Srushti     | 2P:Kodaikanal      |
| Srushti     | 2P:Ooty            |
| Srushti     | 4P:Shirdi          |
| Srushti     | 2P:Goa             |
| Srushti     | 2P:HimalayaTrek    |
| Srushti     | 10P:HimalayaTrek   |
| Srushti     | 2P:Delhi           |
| Srushti     | 2P:Mumbai          |
| Srushti     | 2P:Kedarnath       |
| Srushti     | 2P:Manali          |
| Srushti     | Honeymoon:Monaco   |
| Srushti     | Honeymoon:Maldives |
| Srushti     | Honeymoon:Bali     |
| Srushti     | Honeymoon:Andaman  |
| Srushti     | Honeymoon:Paris    |
| Srushti     | 6P:Dandeli         |
| Srushti     | 4P:Dandeli         |
| Bhat        | 2P:MysuruLocalTour |
| Bhat        | 2P:Kodaikanal      |
| Bhat        | 2P:Ooty            |
| Bhat        | 4P:Shirdi          |
| Bhat        | 2P:Goa             |
| Bhat        | 2P:HimalayaTrek    |
| Bhat        | 10P:HimalayaTrek   |
| Bhat        | 2P:Delhi           |
| Bhat        | 2P:Mumbai          |
| Bhat        | 2P:Kedarnath       |
| Bhat        | 2P:Manali          |
| Bhat        | Honeymoon:Monaco   |
| Bhat        | Honeymoon:Maldives |
| Bhat        | Honeymoon:Bali     |
| Bhat        | Honeymoon:Andaman  |
| Bhat        | Honeymoon:Paris    |
| Bhat        | 6P:Dandeli         |
| Bhat        | 4P:Dandeli         |
| Sindhu      | 2P:MysuruLocalTour |
| Sindhu      | 2P:Kodaikanal      |
| Sindhu      | 2P:Ooty            |
| Sindhu      | 4P:Shirdi          |
| Sindhu      | 2P:Goa             |
| Sindhu      | 2P:HimalayaTrek    |
| Sindhu      | 10P:HimalayaTrek   |
| Sindhu      | 2P:Delhi           |
| Sindhu      | 2P:Mumbai          |
| Sindhu      | 2P:Kedarnath       |
| Sindhu      | 2P:Manali          |
| Sindhu      | Honeymoon:Monaco   |
| Sindhu      | Honeymoon:Maldives |
| Sindhu      | Honeymoon:Bali     |
| Sindhu      | Honeymoon:Andaman  |
| Sindhu      | Honeymoon:Paris    |
| Sindhu      | 6P:Dandeli         |
| Sindhu      | 4P:Dandeli         |
| Bindu       | 2P:MysuruLocalTour |
| Bindu       | 2P:Kodaikanal      |
| Bindu       | 2P:Ooty            |
| Bindu       | 4P:Shirdi          |
| Bindu       | 2P:Goa             |
| Bindu       | 2P:HimalayaTrek    |
| Bindu       | 10P:HimalayaTrek   |
| Bindu       | 2P:Delhi           |
| Bindu       | 2P:Mumbai          |
| Bindu       | 2P:Kedarnath       |
| Bindu       | 2P:Manali          |
| Bindu       | Honeymoon:Monaco   |
| Bindu       | Honeymoon:Maldives |
| Bindu       | Honeymoon:Bali     |
| Bindu       | Honeymoon:Andaman  |
| Bindu       | Honeymoon:Paris    |
| Bindu       | 6P:Dandeli         |
| Bindu       | 4P:Dandeli         |
| Mary        | 2P:MysuruLocalTour |
| Mary        | 2P:Kodaikanal      |
| Mary        | 2P:Ooty            |
| Mary        | 4P:Shirdi          |
| Mary        | 2P:Goa             |
| Mary        | 2P:HimalayaTrek    |
| Mary        | 10P:HimalayaTrek   |
| Mary        | 2P:Delhi           |
| Mary        | 2P:Mumbai          |
| Mary        | 2P:Kedarnath       |
| Mary        | 2P:Manali          |
| Mary        | Honeymoon:Monaco   |
| Mary        | Honeymoon:Maldives |
| Mary        | Honeymoon:Bali     |
| Mary        | Honeymoon:Andaman  |
| Mary        | Honeymoon:Paris    |
| Mary        | 6P:Dandeli         |
| Mary        | 4P:Dandeli         |
| Goku        | 2P:MysuruLocalTour |
| Goku        | 2P:Kodaikanal      |
| Goku        | 2P:Ooty            |
| Goku        | 4P:Shirdi          |
| Goku        | 2P:Goa             |
| Goku        | 2P:HimalayaTrek    |
| Goku        | 10P:HimalayaTrek   |
| Goku        | 2P:Delhi           |
| Goku        | 2P:Mumbai          |
| Goku        | 2P:Kedarnath       |
| Goku        | 2P:Manali          |
| Goku        | Honeymoon:Monaco   |
| Goku        | Honeymoon:Maldives |
| Goku        | Honeymoon:Bali     |
| Goku        | Honeymoon:Andaman  |
| Goku        | Honeymoon:Paris    |
| Goku        | 6P:Dandeli         |
| Goku        | 4P:Dandeli         |
| Vegeta      | 2P:MysuruLocalTour |
| Vegeta      | 2P:Kodaikanal      |
| Vegeta      | 2P:Ooty            |
| Vegeta      | 4P:Shirdi          |
| Vegeta      | 2P:Goa             |
| Vegeta      | 2P:HimalayaTrek    |
| Vegeta      | 10P:HimalayaTrek   |
| Vegeta      | 2P:Delhi           |
| Vegeta      | 2P:Mumbai          |
| Vegeta      | 2P:Kedarnath       |
| Vegeta      | 2P:Manali          |
| Vegeta      | Honeymoon:Monaco   |
| Vegeta      | Honeymoon:Maldives |
| Vegeta      | Honeymoon:Bali     |
| Vegeta      | Honeymoon:Andaman  |
| Vegeta      | Honeymoon:Paris    |
| Vegeta      | 6P:Dandeli         |
| Vegeta      | 4P:Dandeli         |
| Sujan       | 2P:MysuruLocalTour |
| Sujan       | 2P:Kodaikanal      |
| Sujan       | 2P:Ooty            |
| Sujan       | 4P:Shirdi          |
| Sujan       | 2P:Goa             |
| Sujan       | 2P:HimalayaTrek    |
| Sujan       | 10P:HimalayaTrek   |
| Sujan       | 2P:Delhi           |
| Sujan       | 2P:Mumbai          |
| Sujan       | 2P:Kedarnath       |
| Sujan       | 2P:Manali          |
| Sujan       | Honeymoon:Monaco   |
| Sujan       | Honeymoon:Maldives |
| Sujan       | Honeymoon:Bali     |
| Sujan       | Honeymoon:Andaman  |
| Sujan       | Honeymoon:Paris    |
| Sujan       | 6P:Dandeli         |
| Sujan       | 4P:Dandeli         |
| Neha        | 2P:MysuruLocalTour |
| Neha        | 2P:Kodaikanal      |
| Neha        | 2P:Ooty            |
| Neha        | 4P:Shirdi          |
| Neha        | 2P:Goa             |
| Neha        | 2P:HimalayaTrek    |
| Neha        | 10P:HimalayaTrek   |
| Neha        | 2P:Delhi           |
| Neha        | 2P:Mumbai          |
| Neha        | 2P:Kedarnath       |
| Neha        | 2P:Manali          |
| Neha        | Honeymoon:Monaco   |
| Neha        | Honeymoon:Maldives |
| Neha        | Honeymoon:Bali     |
| Neha        | Honeymoon:Andaman  |
| Neha        | Honeymoon:Paris    |
| Neha        | 6P:Dandeli         |
| Neha        | 4P:Dandeli         |
+-------------+--------------------+
576 rows in set (0.01 sec)

mysql> select Cust_Name,P_Name from Customer,trippackages where Customer.P_ID=Trippackages.P_ID;
+-------------+--------------------+
| Cust_Name   | P_Name             |
+-------------+--------------------+
| Rajesh      | 4P:Dandeli         |
| Jitendra    | 6P:Dandeli         |
| Hrishikesh  | Honeymoon:Paris    |
| Neha        | Honeymoon:Paris    |
| Holla       | Honeymoon:Andaman  |
| Arya        | Honeymoon:Andaman  |
| Sujan       | Honeymoon:Andaman  |
| Nidhima     | Honeymoon:Bali     |
| Naveen      | Honeymoon:Maldives |
| Sharath     | Honeymoon:Maldives |
| Kumar       | Honeymoon:Monaco   |
| Pratima     | Honeymoon:Monaco   |
| Amaan       | Honeymoon:Monaco   |
| Sindhu      | 2P:Manali          |
| Chandan     | 2P:Kedarnath       |
| Bindu       | 2P:Kedarnath       |
| Mary        | 2P:Mumbai          |
| Binod       | 2P:Delhi           |
| Goku        | 2P:Delhi           |
| Diya        | 10P:HimalayaTrek   |
| Srushti     | 10P:HimalayaTrek   |
| Vaishnavi   | 2P:HimalayaTrek    |
| Rakshith    | 2P:HimalayaTrek    |
| Joshi       | 2P:Goa             |
| Vegeta      | 2P:Goa             |
| Eshaan      | 4P:Shirdi          |
| Raghavendra | 4P:Shirdi          |
| Manjesh     | 2P:Ooty            |
| Adeep       | 2P:Ooty            |
| Madhushree  | 2P:Kodaikanal      |
| Yadava      | 2P:MysuruLocalTour |
| Bhat        | 2P:MysuruLocalTour |
+-------------+--------------------+
32 rows in set (0.00 sec)

mysql> select Cust_Name,P_Name from Customer,trippackages where Customer.P_ID=Trippackages.P_ID and customer.P_ID=13;
+-----------+-----------------+
| Cust_Name | P_Name          |
+-----------+-----------------+
| Vaishnavi | 2P:HimalayaTrek |
| Rakshith  | 2P:HimalayaTrek |
+-----------+-----------------+
2 rows in set (0.00 sec)

mysql> select Cust_Name,P_Name from Customer,trippackages where Customer.P_ID=Trippackages.P_ID and customer.P_ID=1 and customer.P_ID=2;
Empty set (0.00 sec)

mysql> select Cust_Name,P_Name from Customer,trippackages where Customer.P_ID=Trippackages.P_ID and customer.P_ID=1 or customer.P_ID=2;
+-----------+--------------------+
| Cust_Name | P_Name             |
+-----------+--------------------+
| Jitendra  | 4P:Dandeli         |
| Rajesh    | 4P:Dandeli         |
| Jitendra  | 6P:Dandeli         |
| Jitendra  | Honeymoon:Paris    |
| Jitendra  | Honeymoon:Andaman  |
| Jitendra  | Honeymoon:Bali     |
| Jitendra  | Honeymoon:Maldives |
| Jitendra  | Honeymoon:Monaco   |
| Jitendra  | 2P:Manali          |
| Jitendra  | 2P:Kedarnath       |
| Jitendra  | 2P:Mumbai          |
| Jitendra  | 2P:Delhi           |
| Jitendra  | 10P:HimalayaTrek   |
| Jitendra  | 2P:HimalayaTrek    |
| Jitendra  | 2P:Goa             |
| Jitendra  | 4P:Shirdi          |
| Jitendra  | 2P:Ooty            |
| Jitendra  | 2P:Kodaikanal      |
| Jitendra  | 2P:MysuruLocalTour |
+-----------+--------------------+
19 rows in set (0.01 sec)

mysql> select Cust_Name,P_Name from Customer,trippackages where Customer.P_ID=Trippackages.P_ID and customer.P_ID=1;
+-----------+------------+
| Cust_Name | P_Name     |
+-----------+------------+
| Rajesh    | 4P:Dandeli |
+-----------+------------+
1 row in set (0.00 sec)

mysql> select Cust_Name,P_Name from Customer,trippackages where Customer.P_ID=Trippackages.P_ID and customer.P_ID=2;
+-----------+------------+
| Cust_Name | P_Name     |
+-----------+------------+
| Jitendra  | 6P:Dandeli |
+-----------+------------+
1 row in set (0.00 sec)

mysql> select Cust_Name,P_Name from Customer,trippackages where Customer.P_ID=Trippackages.P_ID and customer.Cust_No=2;
+-----------+--------------------+
| Cust_Name | P_Name             |
+-----------+--------------------+
| Yadava    | 2P:MysuruLocalTour |
+-----------+--------------------+
1 row in set (0.00 sec)

mysql> select Cust_Name,P_Name from Customer,trippackages where Customer.P_ID=Trippackages.P_ID and customer.Cust_No=1;
+-----------+---------+
| Cust_Name | P_Name  |
+-----------+---------+
| Manjesh   | 2P:Ooty |
+-----------+---------+
1 row in set (0.00 sec)

mysql> show tables;
+-----------------------+
| Tables_in_psychmytrip |
+-----------------------+
| Customer              |
| Employee              |
| Expenses              |
| Experience            |
| Partners              |
| TripPackages          |
+-----------------------+
6 rows in set (0.01 sec)

mysql> desc Expenses;
+---------------+-------------+------+-----+---------+-------+
| Field         | Type        | Null | Key | Default | Extra |
+---------------+-------------+------+-----+---------+-------+
| Sl_no         | int         | YES  |     | NULL    |       |
| Exp_name      | varchar(20) | YES  |     | NULL    |       |
| Cost_per_year | int         | YES  |     | NULL    |       |
+---------------+-------------+------+-----+---------+-------+
3 rows in set (0.00 sec)

mysql> desc Partners;
+------------+-------------+------+-----+---------+-------+
| Field      | Type        | Null | Key | Default | Extra |
+------------+-------------+------+-----+---------+-------+
| Part_No    | int         | YES  |     | NULL    |       |
| Part_Name  | varchar(20) | YES  |     | NULL    |       |
| Part_Stake | int         | YES  |     | NULL    |       |
+------------+-------------+------+-----+---------+-------+
3 rows in set (0.01 sec)

mysql> insert into PARTNERS values(1,'Pradyoth',50);
Query OK, 1 row affected (0.01 sec)

mysql> insert into PARTNERS values(2,'Rohit',50);
Query OK, 1 row affected (0.00 sec)

mysql> select * from Rohit;
ERROR 1146 (42S02): Table 'psychmytrip.rohit' doesn't exist
mysql> select * from Partners;
+---------+-----------+------------+
| Part_No | Part_Name | Part_Stake |
+---------+-----------+------------+
|       1 | Pradyoth  |         50 |
|       2 | Rohit     |         50 |
+---------+-----------+------------+
2 rows in set (0.00 sec)

mysql> update partners set Part_Name='Sharma' where Part_No=1;
Query OK, 1 row affected (0.01 sec)
Rows matched: 1  Changed: 1  Warnings: 0

mysql> select * from Partners;
+---------+-----------+------------+
| Part_No | Part_Name | Part_Stake |
+---------+-----------+------------+
|       1 | Sharma    |         50 |
|       2 | Rohit     |         50 |
+---------+-----------+------------+
2 rows in set (0.00 sec)

mysql> desc Experience;
+------------+------+------+-----+---------+-------+
| Field      | Type | Null | Key | Default | Extra |
+------------+------+------+-----+---------+-------+
| Cust_No    | int  | YES  | MUL | NULL    |       |
| Emp_Rating | int  | YES  |     | NULL    |       |
+------------+------+------+-----+---------+-------+
2 rows in set (0.01 sec)

mysql> drop Experiences;
ERROR 1064 (42000): You have an error in your SQL syntax; check the manual that corresponds to your MySQL server version for the right syntax to use near 'Experiences' at line 1
mysql> drop table Experiences;
ERROR 1051 (42S02): Unknown table 'psychmytrip.experiences'
mysql> drop table Experience;
Query OK, 0 rows affected (0.01 sec)

mysql> show tables;
+-----------------------+
| Tables_in_psychmytrip |
+-----------------------+
| Customer              |
| Employee              |
| Expenses              |
| Partners              |
| TripPackages          |
+-----------------------+
5 rows in set (0.00 sec)

mysql> select * from customer;
+---------+-------------+------+--------+
| Cust_No | Cust_Name   | P_ID | Emp_ID |
+---------+-------------+------+--------+
|       1 | Manjesh     |   16 |     12 |
|       2 | Yadava      |   18 |     11 |
|       3 | Kumar       |    7 |     10 |
|       4 | Joshi       |   14 |     12 |
|       5 | Nidhima     |    5 |     11 |
|       6 | Diya        |   12 |     10 |
|       7 | Eshaan      |   15 |     10 |
|       8 | Jitendra    |    2 |     11 |
|       9 | Madhushree  |   17 |     12 |
|      10 | Binod       |   11 |     10 |
|      11 | Vaishnavi   |   13 |     12 |
|      12 | Rakshith    |   13 |     11 |
|      13 | Hrishikesh  |    3 |     10 |
|      14 | Chandan     |    9 |     11 |
|      15 | Naveen      |    6 |     12 |
|      16 | Rajesh      |    1 |     10 |
|      17 | Sharath     |    6 |     11 |
|      18 | Pratima     |    7 |     12 |
|      19 | Raghavendra |   15 |     10 |
|      20 | Adeep       |   16 |     11 |
|      21 | Holla       |    4 |     12 |
|      22 | Amaan       |    7 |     10 |
|      23 | Arya        |    4 |     11 |
|      24 | Srushti     |   12 |     12 |
|      25 | Bhat        |   18 |     10 |
|      26 | Sindhu      |    8 |     11 |
|      27 | Bindu       |    9 |     12 |
|      28 | Mary        |   10 |     10 |
|      29 | Goku        |   11 |     11 |
|      30 | Vegeta      |   14 |     12 |
|      31 | Sujan       |    4 |     10 |
|      32 | Neha        |    3 |     11 |
+---------+-------------+------+--------+
32 rows in set (0.00 sec)

mysql> select Cust_Name,P_Name from Customer,trippackages where Customer.P_ID=Trippackages.P_ID and customer.Cust_No=7;
+-----------+-----------+
| Cust_Name | P_Name    |
+-----------+-----------+
| Eshaan    | 4P:Shirdi |
+-----------+-----------+
1 row in set (0.00 sec)

mysql> update Employee set salary=salary*12;
Query OK, 12 rows affected (0.01 sec)
Rows matched: 12  Changed: 12  Warnings: 0

mysql> select * from Employee;
+--------+-----------+------+--------+--------------------+--------------+------------+------------+
| Emp_ID | Emp_Name  | Age  | Salary | Designation        | Date_of_Join | Manager_ID | Emp_Rating |
+--------+-----------+------+--------+--------------------+--------------+------------+------------+
|      1 | Akash     |   45 | 600000 | Manager            | 2005-05-10   |          1 |          5 |
|      2 | Ramesh    |   42 | 600000 | Manager            | 2005-05-10   |          2 |          5 |
|      3 | Suresh    |   40 | 600000 | Manager            | 2005-05-10   |          3 |          5 |
|      4 | Ganesh    |   35 |  60000 | Security           | 2009-09-12   |          1 |          5 |
|      5 | Govinda   |   30 | 144000 | Travel Agent       | 2010-08-22   |          2 |          4 |
|      6 | Sebastian |   27 | 132000 | Travel Agent       | 2015-06-30   |          3 |          3 |
|      7 | Anvitha   |   25 | 120000 | Receptionist       | 2017-06-30   |          1 |          4 |
|      8 | Suzie     |   29 | 420000 | Trip Planner       | 2018-04-06   |          2 |          4 |
|      9 | Arun      |   22 | 348000 | Trip Manager       | 2020-01-25   |          1 |          3 |
|     10 | Ansari    |   32 | 492000 | Customer Executive | 2013-02-19   |          3 |          5 |
|     11 | Angel     |   31 | 480000 | Customer Executive | 2014-04-19   |          1 |          5 |
|     12 | Bharath   |   28 | 468000 | Customer Executive | 2019-04-22   |          2 |          3 |
+--------+-----------+------+--------+--------------------+--------------+------------+------------+
12 rows in set (0.00 sec)

mysql> select Cust_Name,P_Name from Customer,trippackages where Customer.P_ID=Trippackages.P_ID and customer.Cust_No=20;
+-----------+---------+
| Cust_Name | P_Name  |
+-----------+---------+
| Adeep     | 2P:Ooty |
+-----------+---------+
1 row in set (0.01 sec)

mysql> select Cust_Name,P_Name from Customer,trippackages where Customer.P_ID=Trippackages.P_ID and customer.Cust_No=22;
+-----------+------------------+
| Cust_Name | P_Name           |
+-----------+------------------+
| Amaan     | Honeymoon:Monaco |
+-----------+------------------+
1 row in set (0.01 sec)

mysql> select Cust_Name,P_Name from Customer,trippackages where Customer.P_ID=Trippackages.P_ID and customer.Emp_ID=12;;
+------------+--------------------+
| Cust_Name  | P_Name             |
+------------+--------------------+
| Manjesh    | 2P:Ooty            |
| Joshi      | 2P:Goa             |
| Madhushree | 2P:Kodaikanal      |
| Vaishnavi  | 2P:HimalayaTrek    |
| Naveen     | Honeymoon:Maldives |
| Pratima    | Honeymoon:Monaco   |
| Holla      | Honeymoon:Andaman  |
| Srushti    | 10P:HimalayaTrek   |
| Bindu      | 2P:Kedarnath       |
| Vegeta     | 2P:Goa             |
+------------+--------------------+
10 rows in set (0.00 sec)

ERROR: 
No query specified

mysql> select Emp_ID as 'BOSS',Cust_Name,P_Name from Customer,trippackages where Customer.P_ID=Trippackages.P_ID and customer.Emp_ID=12;;
+------+------------+--------------------+
| BOSS | Cust_Name  | P_Name             |
+------+------------+--------------------+
|   12 | Manjesh    | 2P:Ooty            |
|   12 | Joshi      | 2P:Goa             |
|   12 | Madhushree | 2P:Kodaikanal      |
|   12 | Vaishnavi  | 2P:HimalayaTrek    |
|   12 | Naveen     | Honeymoon:Maldives |
|   12 | Pratima    | Honeymoon:Monaco   |
|   12 | Holla      | Honeymoon:Andaman  |
|   12 | Srushti    | 10P:HimalayaTrek   |
|   12 | Bindu      | 2P:Kedarnath       |
|   12 | Vegeta     | 2P:Goa             |
+------+------------+--------------------+
10 rows in set (0.00 sec)

ERROR: 
No query specified

mysql> select Emp_Name as 'BOSS',Cust_Name,P_Name from Customer,trippackages where Customer.P_ID=Trippackages.P_ID and customer.Emp_ID=12;;
ERROR 1054 (42S22): Unknown column 'Emp_Name' in 'field list'
ERROR: 
No query specified

mysql> select Emp_Name as ,Cust_Name,P_Name from Employee,Customer,trippackages where Customer.P_ID=Trippackages.P_ID and customer.Emp_ID=12;;
ERROR 1064 (42000): You have an error in your SQL syntax; check the manual that corresponds to your MySQL server version for the right syntax to use near ',Cust_Name,P_Name from Employee,Customer,trippackages where Customer.P_ID=Trippa' at line 1
ERROR: 
No query specified

mysql> select Emp_Name as 'BOSS' ,Cust_Name,P_Name from Employee,Customer,trippackages where Customer.P_ID=Trippackages.P_ID and customer.Emp_ID=12;;
+-----------+------------+--------------------+
| BOSS      | Cust_Name  | P_Name             |
+-----------+------------+--------------------+
| Akash     | Vegeta     | 2P:Goa             |
| Akash     | Bindu      | 2P:Kedarnath       |
| Akash     | Srushti    | 10P:HimalayaTrek   |
| Akash     | Holla      | Honeymoon:Andaman  |
| Akash     | Pratima    | Honeymoon:Monaco   |
| Akash     | Naveen     | Honeymoon:Maldives |
| Akash     | Vaishnavi  | 2P:HimalayaTrek    |
| Akash     | Madhushree | 2P:Kodaikanal      |
| Akash     | Joshi      | 2P:Goa             |
| Akash     | Manjesh    | 2P:Ooty            |
| Ramesh    | Vegeta     | 2P:Goa             |
| Ramesh    | Bindu      | 2P:Kedarnath       |
| Ramesh    | Srushti    | 10P:HimalayaTrek   |
| Ramesh    | Holla      | Honeymoon:Andaman  |
| Ramesh    | Pratima    | Honeymoon:Monaco   |
| Ramesh    | Naveen     | Honeymoon:Maldives |
| Ramesh    | Vaishnavi  | 2P:HimalayaTrek    |
| Ramesh    | Madhushree | 2P:Kodaikanal      |
| Ramesh    | Joshi      | 2P:Goa             |
| Ramesh    | Manjesh    | 2P:Ooty            |
| Suresh    | Vegeta     | 2P:Goa             |
| Suresh    | Bindu      | 2P:Kedarnath       |
| Suresh    | Srushti    | 10P:HimalayaTrek   |
| Suresh    | Holla      | Honeymoon:Andaman  |
| Suresh    | Pratima    | Honeymoon:Monaco   |
| Suresh    | Naveen     | Honeymoon:Maldives |
| Suresh    | Vaishnavi  | 2P:HimalayaTrek    |
| Suresh    | Madhushree | 2P:Kodaikanal      |
| Suresh    | Joshi      | 2P:Goa             |
| Suresh    | Manjesh    | 2P:Ooty            |
| Ganesh    | Vegeta     | 2P:Goa             |
| Ganesh    | Bindu      | 2P:Kedarnath       |
| Ganesh    | Srushti    | 10P:HimalayaTrek   |
| Ganesh    | Holla      | Honeymoon:Andaman  |
| Ganesh    | Pratima    | Honeymoon:Monaco   |
| Ganesh    | Naveen     | Honeymoon:Maldives |
| Ganesh    | Vaishnavi  | 2P:HimalayaTrek    |
| Ganesh    | Madhushree | 2P:Kodaikanal      |
| Ganesh    | Joshi      | 2P:Goa             |
| Ganesh    | Manjesh    | 2P:Ooty            |
| Govinda   | Vegeta     | 2P:Goa             |
| Govinda   | Bindu      | 2P:Kedarnath       |
| Govinda   | Srushti    | 10P:HimalayaTrek   |
| Govinda   | Holla      | Honeymoon:Andaman  |
| Govinda   | Pratima    | Honeymoon:Monaco   |
| Govinda   | Naveen     | Honeymoon:Maldives |
| Govinda   | Vaishnavi  | 2P:HimalayaTrek    |
| Govinda   | Madhushree | 2P:Kodaikanal      |
| Govinda   | Joshi      | 2P:Goa             |
| Govinda   | Manjesh    | 2P:Ooty            |
| Sebastian | Vegeta     | 2P:Goa             |
| Sebastian | Bindu      | 2P:Kedarnath       |
| Sebastian | Srushti    | 10P:HimalayaTrek   |
| Sebastian | Holla      | Honeymoon:Andaman  |
| Sebastian | Pratima    | Honeymoon:Monaco   |
| Sebastian | Naveen     | Honeymoon:Maldives |
| Sebastian | Vaishnavi  | 2P:HimalayaTrek    |
| Sebastian | Madhushree | 2P:Kodaikanal      |
| Sebastian | Joshi      | 2P:Goa             |
| Sebastian | Manjesh    | 2P:Ooty            |
| Anvitha   | Vegeta     | 2P:Goa             |
| Anvitha   | Bindu      | 2P:Kedarnath       |
| Anvitha   | Srushti    | 10P:HimalayaTrek   |
| Anvitha   | Holla      | Honeymoon:Andaman  |
| Anvitha   | Pratima    | Honeymoon:Monaco   |
| Anvitha   | Naveen     | Honeymoon:Maldives |
| Anvitha   | Vaishnavi  | 2P:HimalayaTrek    |
| Anvitha   | Madhushree | 2P:Kodaikanal      |
| Anvitha   | Joshi      | 2P:Goa             |
| Anvitha   | Manjesh    | 2P:Ooty            |
| Suzie     | Vegeta     | 2P:Goa             |
| Suzie     | Bindu      | 2P:Kedarnath       |
| Suzie     | Srushti    | 10P:HimalayaTrek   |
| Suzie     | Holla      | Honeymoon:Andaman  |
| Suzie     | Pratima    | Honeymoon:Monaco   |
| Suzie     | Naveen     | Honeymoon:Maldives |
| Suzie     | Vaishnavi  | 2P:HimalayaTrek    |
| Suzie     | Madhushree | 2P:Kodaikanal      |
| Suzie     | Joshi      | 2P:Goa             |
| Suzie     | Manjesh    | 2P:Ooty            |
| Arun      | Vegeta     | 2P:Goa             |
| Arun      | Bindu      | 2P:Kedarnath       |
| Arun      | Srushti    | 10P:HimalayaTrek   |
| Arun      | Holla      | Honeymoon:Andaman  |
| Arun      | Pratima    | Honeymoon:Monaco   |
| Arun      | Naveen     | Honeymoon:Maldives |
| Arun      | Vaishnavi  | 2P:HimalayaTrek    |
| Arun      | Madhushree | 2P:Kodaikanal      |
| Arun      | Joshi      | 2P:Goa             |
| Arun      | Manjesh    | 2P:Ooty            |
| Ansari    | Vegeta     | 2P:Goa             |
| Ansari    | Bindu      | 2P:Kedarnath       |
| Ansari    | Srushti    | 10P:HimalayaTrek   |
| Ansari    | Holla      | Honeymoon:Andaman  |
| Ansari    | Pratima    | Honeymoon:Monaco   |
| Ansari    | Naveen     | Honeymoon:Maldives |
| Ansari    | Vaishnavi  | 2P:HimalayaTrek    |
| Ansari    | Madhushree | 2P:Kodaikanal      |
| Ansari    | Joshi      | 2P:Goa             |
| Ansari    | Manjesh    | 2P:Ooty            |
| Angel     | Vegeta     | 2P:Goa             |
| Angel     | Bindu      | 2P:Kedarnath       |
| Angel     | Srushti    | 10P:HimalayaTrek   |
| Angel     | Holla      | Honeymoon:Andaman  |
| Angel     | Pratima    | Honeymoon:Monaco   |
| Angel     | Naveen     | Honeymoon:Maldives |
| Angel     | Vaishnavi  | 2P:HimalayaTrek    |
| Angel     | Madhushree | 2P:Kodaikanal      |
| Angel     | Joshi      | 2P:Goa             |
| Angel     | Manjesh    | 2P:Ooty            |
| Bharath   | Vegeta     | 2P:Goa             |
| Bharath   | Bindu      | 2P:Kedarnath       |
| Bharath   | Srushti    | 10P:HimalayaTrek   |
| Bharath   | Holla      | Honeymoon:Andaman  |
| Bharath   | Pratima    | Honeymoon:Monaco   |
| Bharath   | Naveen     | Honeymoon:Maldives |
| Bharath   | Vaishnavi  | 2P:HimalayaTrek    |
| Bharath   | Madhushree | 2P:Kodaikanal      |
| Bharath   | Joshi      | 2P:Goa             |
| Bharath   | Manjesh    | 2P:Ooty            |
+-----------+------------+--------------------+
120 rows in set (0.01 sec)

ERROR: 
No query specified

mysql> select Emp_Name as 'BOSS' ,Cust_Name,P_Name from Employee,Customer,trippackages where Customer.P_ID=Trippackages.P_ID and customer.Emp_ID=12;
+-----------+------------+--------------------+
| BOSS      | Cust_Name  | P_Name             |
+-----------+------------+--------------------+
| Akash     | Vegeta     | 2P:Goa             |
| Akash     | Bindu      | 2P:Kedarnath       |
| Akash     | Srushti    | 10P:HimalayaTrek   |
| Akash     | Holla      | Honeymoon:Andaman  |
| Akash     | Pratima    | Honeymoon:Monaco   |
| Akash     | Naveen     | Honeymoon:Maldives |
| Akash     | Vaishnavi  | 2P:HimalayaTrek    |
| Akash     | Madhushree | 2P:Kodaikanal      |
| Akash     | Joshi      | 2P:Goa             |
| Akash     | Manjesh    | 2P:Ooty            |
| Ramesh    | Vegeta     | 2P:Goa             |
| Ramesh    | Bindu      | 2P:Kedarnath       |
| Ramesh    | Srushti    | 10P:HimalayaTrek   |
| Ramesh    | Holla      | Honeymoon:Andaman  |
| Ramesh    | Pratima    | Honeymoon:Monaco   |
| Ramesh    | Naveen     | Honeymoon:Maldives |
| Ramesh    | Vaishnavi  | 2P:HimalayaTrek    |
| Ramesh    | Madhushree | 2P:Kodaikanal      |
| Ramesh    | Joshi      | 2P:Goa             |
| Ramesh    | Manjesh    | 2P:Ooty            |
| Suresh    | Vegeta     | 2P:Goa             |
| Suresh    | Bindu      | 2P:Kedarnath       |
| Suresh    | Srushti    | 10P:HimalayaTrek   |
| Suresh    | Holla      | Honeymoon:Andaman  |
| Suresh    | Pratima    | Honeymoon:Monaco   |
| Suresh    | Naveen     | Honeymoon:Maldives |
| Suresh    | Vaishnavi  | 2P:HimalayaTrek    |
| Suresh    | Madhushree | 2P:Kodaikanal      |
| Suresh    | Joshi      | 2P:Goa             |
| Suresh    | Manjesh    | 2P:Ooty            |
| Ganesh    | Vegeta     | 2P:Goa             |
| Ganesh    | Bindu      | 2P:Kedarnath       |
| Ganesh    | Srushti    | 10P:HimalayaTrek   |
| Ganesh    | Holla      | Honeymoon:Andaman  |
| Ganesh    | Pratima    | Honeymoon:Monaco   |
| Ganesh    | Naveen     | Honeymoon:Maldives |
| Ganesh    | Vaishnavi  | 2P:HimalayaTrek    |
| Ganesh    | Madhushree | 2P:Kodaikanal      |
| Ganesh    | Joshi      | 2P:Goa             |
| Ganesh    | Manjesh    | 2P:Ooty            |
| Govinda   | Vegeta     | 2P:Goa             |
| Govinda   | Bindu      | 2P:Kedarnath       |
| Govinda   | Srushti    | 10P:HimalayaTrek   |
| Govinda   | Holla      | Honeymoon:Andaman  |
| Govinda   | Pratima    | Honeymoon:Monaco   |
| Govinda   | Naveen     | Honeymoon:Maldives |
| Govinda   | Vaishnavi  | 2P:HimalayaTrek    |
| Govinda   | Madhushree | 2P:Kodaikanal      |
| Govinda   | Joshi      | 2P:Goa             |
| Govinda   | Manjesh    | 2P:Ooty            |
| Sebastian | Vegeta     | 2P:Goa             |
| Sebastian | Bindu      | 2P:Kedarnath       |
| Sebastian | Srushti    | 10P:HimalayaTrek   |
| Sebastian | Holla      | Honeymoon:Andaman  |
| Sebastian | Pratima    | Honeymoon:Monaco   |
| Sebastian | Naveen     | Honeymoon:Maldives |
| Sebastian | Vaishnavi  | 2P:HimalayaTrek    |
| Sebastian | Madhushree | 2P:Kodaikanal      |
| Sebastian | Joshi      | 2P:Goa             |
| Sebastian | Manjesh    | 2P:Ooty            |
| Anvitha   | Vegeta     | 2P:Goa             |
| Anvitha   | Bindu      | 2P:Kedarnath       |
| Anvitha   | Srushti    | 10P:HimalayaTrek   |
| Anvitha   | Holla      | Honeymoon:Andaman  |
| Anvitha   | Pratima    | Honeymoon:Monaco   |
| Anvitha   | Naveen     | Honeymoon:Maldives |
| Anvitha   | Vaishnavi  | 2P:HimalayaTrek    |
| Anvitha   | Madhushree | 2P:Kodaikanal      |
| Anvitha   | Joshi      | 2P:Goa             |
| Anvitha   | Manjesh    | 2P:Ooty            |
| Suzie     | Vegeta     | 2P:Goa             |
| Suzie     | Bindu      | 2P:Kedarnath       |
| Suzie     | Srushti    | 10P:HimalayaTrek   |
| Suzie     | Holla      | Honeymoon:Andaman  |
| Suzie     | Pratima    | Honeymoon:Monaco   |
| Suzie     | Naveen     | Honeymoon:Maldives |
| Suzie     | Vaishnavi  | 2P:HimalayaTrek    |
| Suzie     | Madhushree | 2P:Kodaikanal      |
| Suzie     | Joshi      | 2P:Goa             |
| Suzie     | Manjesh    | 2P:Ooty            |
| Arun      | Vegeta     | 2P:Goa             |
| Arun      | Bindu      | 2P:Kedarnath       |
| Arun      | Srushti    | 10P:HimalayaTrek   |
| Arun      | Holla      | Honeymoon:Andaman  |
| Arun      | Pratima    | Honeymoon:Monaco   |
| Arun      | Naveen     | Honeymoon:Maldives |
| Arun      | Vaishnavi  | 2P:HimalayaTrek    |
| Arun      | Madhushree | 2P:Kodaikanal      |
| Arun      | Joshi      | 2P:Goa             |
| Arun      | Manjesh    | 2P:Ooty            |
| Ansari    | Vegeta     | 2P:Goa             |
| Ansari    | Bindu      | 2P:Kedarnath       |
| Ansari    | Srushti    | 10P:HimalayaTrek   |
| Ansari    | Holla      | Honeymoon:Andaman  |
| Ansari    | Pratima    | Honeymoon:Monaco   |
| Ansari    | Naveen     | Honeymoon:Maldives |
| Ansari    | Vaishnavi  | 2P:HimalayaTrek    |
| Ansari    | Madhushree | 2P:Kodaikanal      |
| Ansari    | Joshi      | 2P:Goa             |
| Ansari    | Manjesh    | 2P:Ooty            |
| Angel     | Vegeta     | 2P:Goa             |
| Angel     | Bindu      | 2P:Kedarnath       |
| Angel     | Srushti    | 10P:HimalayaTrek   |
| Angel     | Holla      | Honeymoon:Andaman  |
| Angel     | Pratima    | Honeymoon:Monaco   |
| Angel     | Naveen     | Honeymoon:Maldives |
| Angel     | Vaishnavi  | 2P:HimalayaTrek    |
| Angel     | Madhushree | 2P:Kodaikanal      |
| Angel     | Joshi      | 2P:Goa             |
| Angel     | Manjesh    | 2P:Ooty            |
| Bharath   | Vegeta     | 2P:Goa             |
| Bharath   | Bindu      | 2P:Kedarnath       |
| Bharath   | Srushti    | 10P:HimalayaTrek   |
| Bharath   | Holla      | Honeymoon:Andaman  |
| Bharath   | Pratima    | Honeymoon:Monaco   |
| Bharath   | Naveen     | Honeymoon:Maldives |
| Bharath   | Vaishnavi  | 2P:HimalayaTrek    |
| Bharath   | Madhushree | 2P:Kodaikanal      |
| Bharath   | Joshi      | 2P:Goa             |
| Bharath   | Manjesh    | 2P:Ooty            |
+-----------+------------+--------------------+
120 rows in set (0.01 sec)
mysql> 
mysql> select Emp_Name as 'BOSS' ,Cust_Name,P_Name from Employee,Customer,trippackages where Customer.P_ID=Trippackages.P_ID and customer.Emp_ID=12;
mysql> select Emp_Name as 'BOSS' ,Cust_Name,P_Name from Employee,Customer,trippackages where Customer.P_ID=Trippackages.P_ID and Employee.Emp_Name='Bharath';;
+---------+-------------+--------------------+
| BOSS    | Cust_Name   | P_Name             |
+---------+-------------+--------------------+
| Bharath | Manjesh     | 2P:Ooty            |
| Bharath | Yadava      | 2P:MysuruLocalTour |
| Bharath | Kumar       | Honeymoon:Monaco   |
| Bharath | Joshi       | 2P:Goa             |
| Bharath | Nidhima     | Honeymoon:Bali     |
| Bharath | Diya        | 10P:HimalayaTrek   |
| Bharath | Eshaan      | 4P:Shirdi          |
| Bharath | Jitendra    | 6P:Dandeli         |
| Bharath | Madhushree  | 2P:Kodaikanal      |
| Bharath | Binod       | 2P:Delhi           |
| Bharath | Vaishnavi   | 2P:HimalayaTrek    |
| Bharath | Rakshith    | 2P:HimalayaTrek    |
| Bharath | Hrishikesh  | Honeymoon:Paris    |
| Bharath | Chandan     | 2P:Kedarnath       |
| Bharath | Naveen      | Honeymoon:Maldives |
| Bharath | Rajesh      | 4P:Dandeli         |
| Bharath | Sharath     | Honeymoon:Maldives |
| Bharath | Pratima     | Honeymoon:Monaco   |
| Bharath | Raghavendra | 4P:Shirdi          |
| Bharath | Adeep       | 2P:Ooty            |
| Bharath | Holla       | Honeymoon:Andaman  |
| Bharath | Amaan       | Honeymoon:Monaco   |
| Bharath | Arya        | Honeymoon:Andaman  |
| Bharath | Srushti     | 10P:HimalayaTrek   |
| Bharath | Bhat        | 2P:MysuruLocalTour |
| Bharath | Sindhu      | 2P:Manali          |
| Bharath | Bindu       | 2P:Kedarnath       |
| Bharath | Mary        | 2P:Mumbai          |
| Bharath | Goku        | 2P:Delhi           |
| Bharath | Vegeta      | 2P:Goa             |
| Bharath | Sujan       | Honeymoon:Andaman  |
| Bharath | Neha        | Honeymoon:Paris    |
+---------+-------------+--------------------+
32 rows in set (0.00 sec)

ERROR: 
No query specified

mysql> show tables;
ERROR 4031 (HY000): The client was disconnected by the server because of inactivity. See wait_timeout and interactive_timeout for configuring this behavior.
No connection. Trying to reconnect...
Connection id:    10
Current database: psychmytrip

+-----------------------+
| Tables_in_psychmytrip |
+-----------------------+
| Customer              |
| Employee              |
| Expenses              |
| Partners              |
| TripPackages          |
+-----------------------+
5 rows in set (0.26 sec)

mysql> desc Partners;
+------------+-------------+------+-----+---------+-------+
| Field      | Type        | Null | Key | Default | Extra |
+------------+-------------+------+-----+---------+-------+
| Part_No    | int         | YES  |     | NULL    |       |
| Part_Name  | varchar(20) | YES  |     | NULL    |       |
| Part_Stake | int         | YES  |     | NULL    |       |
+------------+-------------+------+-----+---------+-------+
3 rows in set (0.11 sec)

mysql> desc Expenses;
+---------------+-------------+------+-----+---------+-------+
| Field         | Type        | Null | Key | Default | Extra |
+---------------+-------------+------+-----+---------+-------+
| Sl_no         | int         | YES  |     | NULL    |       |
| Exp_name      | varchar(20) | YES  |     | NULL    |       |
| Cost_per_year | int         | YES  |     | NULL    |       |
+---------------+-------------+------+-----+---------+-------+
3 rows in set (0.02 sec)

mysql> DESC EMPLOYEE;
+--------------+-------------+------+-----+---------+-------+
| Field        | Type        | Null | Key | Default | Extra |
+--------------+-------------+------+-----+---------+-------+
| Emp_ID       | int         | NO   | PRI | NULL    |       |
| Emp_Name     | varchar(20) | YES  |     | NULL    |       |
| Age          | int         | YES  |     | NULL    |       |
| Salary       | int         | YES  |     | NULL    |       |
| Designation  | varchar(20) | YES  |     | NULL    |       |
| Date_of_Join | date        | YES  |     | NULL    |       |
| Manager_ID   | int         | YES  |     | NULL    |       |
| Emp_Rating   | int         | YES  |     | NULL    |       |
+--------------+-------------+------+-----+---------+-------+
8 rows in set (0.03 sec)

mysql> desc Customer;
+-----------+-------------+------+-----+---------+-------+
| Field     | Type        | Null | Key | Default | Extra |
+-----------+-------------+------+-----+---------+-------+
| Cust_No   | int         | NO   | PRI | NULL    |       |
| Cust_Name | varchar(20) | YES  |     | NULL    |       |
| P_ID      | int         | YES  | MUL | NULL    |       |
| Emp_ID    | int         | YES  | MUL | NULL    |       |
+-----------+-------------+------+-----+---------+-------+
4 rows in set (0.01 sec)

mysql> desc TripPackages
    -> ;
+----------------+-------------+------+-----+---------+-------+
| Field          | Type        | Null | Key | Default | Extra |
+----------------+-------------+------+-----+---------+-------+
| P_ID           | int         | NO   | PRI | NULL    |       |
| P_Name         | varchar(20) | YES  |     | NULL    |       |
| Destination    | varchar(20) | YES  |     | NULL    |       |
| Number_of_Days | int         | YES  |     | NULL    |       |
| Price          | int         | YES  |     | NULL    |       |
| Profit         | int         | YES  |     | NULL    |       |
+----------------+-------------+------+-----+---------+-------+
6 rows in set (0.01 sec)

mysql> update trippackages set Destination='Bali' where p_id=5;
Query OK, 1 row affected (0.06 sec)
Rows matched: 1  Changed: 1  Warnings: 0

mysql> update trippackages set Destination='Manali' where p_id=8;
Query OK, 1 row affected (0.01 sec)
Rows matched: 1  Changed: 1  Warnings: 0

mysql> select * from Employees;
ERROR 1146 (42S02): Table 'psychmytrip.employees' doesn't exist
mysql> select * from Employee;
+--------+-----------+------+--------+--------------------+--------------+------------+------------+
| Emp_ID | Emp_Name  | Age  | Salary | Designation        | Date_of_Join | Manager_ID | Emp_Rating |
+--------+-----------+------+--------+--------------------+--------------+------------+------------+
|      1 | Akash     |   45 | 600000 | Manager            | 2005-05-10   |          1 |          5 |
|      2 | Ramesh    |   42 | 600000 | Manager            | 2005-05-10   |          2 |          5 |
|      3 | Suresh    |   40 | 600000 | Manager            | 2005-05-10   |          3 |          5 |
|      4 | Ganesh    |   35 |  60000 | Security           | 2009-09-12   |          1 |          5 |
|      5 | Govinda   |   30 | 144000 | Travel Agent       | 2010-08-22   |          2 |          4 |
|      6 | Sebastian |   27 | 132000 | Travel Agent       | 2015-06-30   |          3 |          3 |
|      7 | Anvitha   |   25 | 120000 | Receptionist       | 2017-06-30   |          1 |          4 |
|      8 | Suzie     |   29 | 420000 | Trip Planner       | 2018-04-06   |          2 |          4 |
|      9 | Arun      |   22 | 348000 | Trip Manager       | 2020-01-25   |          1 |          3 |
|     10 | Ansari    |   32 | 492000 | Customer Executive | 2013-02-19   |          3 |          5 |
|     11 | Angel     |   31 | 480000 | Customer Executive | 2014-04-19   |          1 |          5 |
|     12 | Bharath   |   28 | 468000 | Customer Executive | 2019-04-22   |          2 |          3 |
+--------+-----------+------+--------+--------------------+--------------+------------+------------+
12 rows in set (0.01 sec)

mysql> select * from Customer;
+---------+-------------+------+--------+
| Cust_No | Cust_Name   | P_ID | Emp_ID |
+---------+-------------+------+--------+
|       1 | Manjesh     |   16 |     12 |
|       2 | Yadava      |   18 |     11 |
|       3 | Kumar       |    7 |     10 |
|       4 | Joshi       |   14 |     12 |
|       5 | Nidhima     |    5 |     11 |
|       6 | Diya        |   12 |     10 |
|       7 | Eshaan      |   15 |     10 |
|       8 | Jitendra    |    2 |     11 |
|       9 | Madhushree  |   17 |     12 |
|      10 | Binod       |   11 |     10 |
|      11 | Vaishnavi   |   13 |     12 |
|      12 | Rakshith    |   13 |     11 |
|      13 | Hrishikesh  |    3 |     10 |
|      14 | Chandan     |    9 |     11 |
|      15 | Naveen      |    6 |     12 |
|      16 | Rajesh      |    1 |     10 |
|      17 | Sharath     |    6 |     11 |
|      18 | Pratima     |    7 |     12 |
|      19 | Raghavendra |   15 |     10 |
|      20 | Adeep       |   16 |     11 |
|      21 | Holla       |    4 |     12 |
|      22 | Amaan       |    7 |     10 |
|      23 | Arya        |    4 |     11 |
|      24 | Srushti     |   12 |     12 |
|      25 | Bhat        |   18 |     10 |
|      26 | Sindhu      |    8 |     11 |
|      27 | Bindu       |    9 |     12 |
|      28 | Mary        |   10 |     10 |
|      29 | Goku        |   11 |     11 |
|      30 | Vegeta      |   14 |     12 |
|      31 | Sujan       |    4 |     10 |
|      32 | Neha        |    3 |     11 |
+---------+-------------+------+--------+
32 rows in set (0.01 sec)

mysql> select * from TripPackages;
+------+--------------------+------------------+----------------+--------+--------+
| P_ID | P_Name             | Destination      | Number_of_Days | Price  | Profit |
+------+--------------------+------------------+----------------+--------+--------+
|    1 | 4P:Dandeli         | Dandeli          |              5 |  60000 |  20000 |
|    2 | 6P:Dandeli         | Dandeli          |              5 |  84000 |  30000 |
|    3 | Honeymoon:Paris    | Paris            |              9 | 480000 | 180000 |
|    4 | Honeymoon:Andaman  | Andaman&Nicobar  |              9 | 300000 | 110000 |
|    5 | Honeymoon:Bali     | Bali             |              9 | 400000 | 190000 |
|    6 | Honeymoon:Maldives | Maldives         |              9 | 340000 | 160000 |
|    7 | Honeymoon:Monaco   | Monaco           |              9 | 500000 | 230000 |
|    8 | 2P:Manali          | Manali           |              6 |  50000 |  10000 |
|    9 | 2P:Kedarnath       | Kedarnath        |              5 |  40000 |   9000 |
|   10 | 2P:Mumbai          | Mumbai           |              5 |  70000 |  14000 |
|   11 | 2P:Delhi           | Delhi            |              5 |  65000 |  15000 |
|   12 | 10P:HimalayaTrek   | Himachal Pradesh |             10 | 800000 | 300000 |
|   13 | 2P:HimalayaTrek    | Himachal Pradesh |             10 | 200000 |  50000 |
|   14 | 2P:Goa             | Goa              |              6 |  18000 |   4000 |
|   15 | 4P:Shirdi          | Shirdi           |              4 |  20000 |   5000 |
|   16 | 2P:Ooty            | Ooty             |              3 |  10000 |   3000 |
|   17 | 2P:Kodaikanal      | Kodaikanal       |              4 |  16000 |   5000 |
|   18 | 2P:MysuruLocalTour | Mysuru           |              3 |   8000 |   4000 |
+------+--------------------+------------------+----------------+--------+--------+
18 rows in set (0.01 sec)

mysql> select * from Expenses;
+-------+-------------+---------------+
| Sl_no | Exp_name    | Cost_per_year |
+-------+-------------+---------------+
|     1 | Electricity |         18000 |
|     2 | Water Bill  |          3000 |
|     3 | WiFi        |         14400 |
|     4 | Rent        |        240000 |
|     5 | Food&misc   |        400000 |
|     6 | Tax         |        100000 |
|     7 | Phone Bill  |          6000 |
|     8 | New items   |        100000 |
+-------+-------------+---------------+
8 rows in set (0.00 sec)

mysql> select * from Partners;;
+---------+-----------+------------+
| Part_No | Part_Name | Part_Stake |
+---------+-----------+------------+
|       1 | Sharma    |         50 |
|       2 | Rohit     |         50 |
+---------+-----------+------------+
2 rows in set (0.00 sec)

ERROR: 
No query specified
mysql> 
mysql> create view EmpSal as select sum(salary) as 'Total Salary to be paid toEmployees this year' 
mysql> asds;
ERROR 1064 (42000): You have an error in your SQL syntax; check the manual that corresponds to your MySQL server version for the right syntax to use near 'asds' at line 1
mysql> create view EmpSal as select sum(salary) as 'Total Salary to be paid to Employees this year';
ERROR 1054 (42S22): Unknown column 'salary' in 'field list'
mysql> create view EmpSal as select sum(salary) as 'Total Salary to be paid to Employees this year' from Employee;
Query OK, 0 rows affected (0.04 sec)

mysql> select * from EmpSal;
+------------------------------------------------+
| Total Salary to be paid to Employees this year |
+------------------------------------------------+
|                                        4464000 |
+------------------------------------------------+
1 row in set (0.01 sec)

mysql> create view OfficeExp as select sum(Cost_per_year) as 'Total Office Expenditure this year' from Employee;
ERROR 1054 (42S22): Unknown column 'Cost_per_year' in 'field list'
mysql> create view OfficeExp as select sum(Cost_per_year) as 'Total Office Expenditure this year' from Expenses;
Query OK, 0 rows affected (0.01 sec)

mysql> select * from OfficeExp;
+------------------------------------+
| Total Office Expenditure this year |
+------------------------------------+
|                             881400 |
+------------------------------------+
1 row in set (0.00 sec)

mysql> select count(*)P_ID from Customer;
+------+
| P_ID |
+------+
|   32 |
+------+
1 row in set (0.01 sec)

mysql> select count(P_ID) from Customer;
+-------------+
| count(P_ID) |
+-------------+
|          32 |
+-------------+
1 row in set (0.01 sec)

mysql> select * from Customer order by P_ID;
+---------+-------------+------+--------+
| Cust_No | Cust_Name   | P_ID | Emp_ID |
+---------+-------------+------+--------+
|      16 | Rajesh      |    1 |     10 |
|       8 | Jitendra    |    2 |     11 |
|      32 | Neha        |    3 |     11 |
|      13 | Hrishikesh  |    3 |     10 |
|      31 | Sujan       |    4 |     10 |
|      23 | Arya        |    4 |     11 |
|      21 | Holla       |    4 |     12 |
|       5 | Nidhima     |    5 |     11 |
|      17 | Sharath     |    6 |     11 |
|      15 | Naveen      |    6 |     12 |
|      18 | Pratima     |    7 |     12 |
|      22 | Amaan       |    7 |     10 |
|       3 | Kumar       |    7 |     10 |
|      26 | Sindhu      |    8 |     11 |
|      14 | Chandan     |    9 |     11 |
|      27 | Bindu       |    9 |     12 |
|      28 | Mary        |   10 |     10 |
|      10 | Binod       |   11 |     10 |
|      29 | Goku        |   11 |     11 |
|       6 | Diya        |   12 |     10 |
|      24 | Srushti     |   12 |     12 |
|      11 | Vaishnavi   |   13 |     12 |
|      12 | Rakshith    |   13 |     11 |
|       4 | Joshi       |   14 |     12 |
|      30 | Vegeta      |   14 |     12 |
|       7 | Eshaan      |   15 |     10 |
|      19 | Raghavendra |   15 |     10 |
|      20 | Adeep       |   16 |     11 |
|       1 | Manjesh     |   16 |     12 |
|       9 | Madhushree  |   17 |     12 |
|      25 | Bhat        |   18 |     10 |
|       2 | Yadava      |   18 |     11 |
+---------+-------------+------+--------+
32 rows in set (0.00 sec)

mysql> select P_Name,count(P_ID) from TripPackages right join Customer using(P_ID) group by P_ID;
+--------------------+-------------+
| P_Name             | count(P_ID) |
+--------------------+-------------+
| 4P:Dandeli         |           1 |
| 6P:Dandeli         |           1 |
| Honeymoon:Paris    |           2 |
| Honeymoon:Andaman  |           3 |
| Honeymoon:Bali     |           1 |
| Honeymoon:Maldives |           2 |
| Honeymoon:Monaco   |           3 |
| 2P:Manali          |           1 |
| 2P:Kedarnath       |           2 |
| 2P:Mumbai          |           1 |
| 2P:Delhi           |           2 |
| 10P:HimalayaTrek   |           2 |
| 2P:HimalayaTrek    |           2 |
| 2P:Goa             |           2 |
| 4P:Shirdi          |           2 |
| 2P:Ooty            |           2 |
| 2P:Kodaikanal      |           1 |
| 2P:MysuruLocalTour |           2 |
+--------------------+-------------+
18 rows in set (0.00 sec)

mysql> select P_Name,count(P_ID),Price,Profit from TripPackages right join Customer using(P_ID) group by P_ID;
+--------------------+-------------+--------+--------+
| P_Name             | count(P_ID) | Price  | Profit |
+--------------------+-------------+--------+--------+
| 4P:Dandeli         |           1 |  60000 |  20000 |
| 6P:Dandeli         |           1 |  84000 |  30000 |
| Honeymoon:Paris    |           2 | 480000 | 180000 |
| Honeymoon:Andaman  |           3 | 300000 | 110000 |
| Honeymoon:Bali     |           1 | 400000 | 190000 |
| Honeymoon:Maldives |           2 | 340000 | 160000 |
| Honeymoon:Monaco   |           3 | 500000 | 230000 |
| 2P:Manali          |           1 |  50000 |  10000 |
| 2P:Kedarnath       |           2 |  40000 |   9000 |
| 2P:Mumbai          |           1 |  70000 |  14000 |
| 2P:Delhi           |           2 |  65000 |  15000 |
| 10P:HimalayaTrek   |           2 | 800000 | 300000 |
| 2P:HimalayaTrek    |           2 | 200000 |  50000 |
| 2P:Goa             |           2 |  18000 |   4000 |
| 4P:Shirdi          |           2 |  20000 |   5000 |
| 2P:Ooty            |           2 |  10000 |   3000 |
| 2P:Kodaikanal      |           1 |  16000 |   5000 |
| 2P:MysuruLocalTour |           2 |   8000 |   4000 |
+--------------------+-------------+--------+--------+
18 rows in set (0.01 sec)

mysql> create view PriceProfCount select P_Name,count(P_ID),Price,Profit from TripPackages right join Customer using(P_ID) group by P_ID;
ERROR 1064 (42000): You have an error in your SQL syntax; check the manual that corresponds to your MySQL server version for the right syntax to use near 'select P_Name,count(P_ID),Price,Profit from TripPackages right join Customer usi' at line 1
mysql> create view PriceProfCount as select P_Name,count(P_ID),Price,Profit from TripPackages right join Customer using(P_ID) group by P_ID;
Query OK, 0 rows affected (0.02 sec)

mysql> select * from PriceProfCount;
+--------------------+-------------+--------+--------+
| P_Name             | count(P_ID) | Price  | Profit |
+--------------------+-------------+--------+--------+
| 4P:Dandeli         |           1 |  60000 |  20000 |
| 6P:Dandeli         |           1 |  84000 |  30000 |
| Honeymoon:Paris    |           2 | 480000 | 180000 |
| Honeymoon:Andaman  |           3 | 300000 | 110000 |
| Honeymoon:Bali     |           1 | 400000 | 190000 |
| Honeymoon:Maldives |           2 | 340000 | 160000 |
| Honeymoon:Monaco   |           3 | 500000 | 230000 |
| 2P:Manali          |           1 |  50000 |  10000 |
| 2P:Kedarnath       |           2 |  40000 |   9000 |
| 2P:Mumbai          |           1 |  70000 |  14000 |
| 2P:Delhi           |           2 |  65000 |  15000 |
| 10P:HimalayaTrek   |           2 | 800000 | 300000 |
| 2P:HimalayaTrek    |           2 | 200000 |  50000 |
| 2P:Goa             |           2 |  18000 |   4000 |
| 4P:Shirdi          |           2 |  20000 |   5000 |
| 2P:Ooty            |           2 |  10000 |   3000 |
| 2P:Kodaikanal      |           1 |  16000 |   5000 |
| 2P:MysuruLocalTour |           2 |   8000 |   4000 |
+--------------------+-------------+--------+--------+
18 rows in set (0.01 sec)

mysql> update PriceProfCount set Price=Price*count(P_ID) and Profit=Profit*count(P_ID);
ERROR 1288 (HY000): The target table PriceProfCount of the UPDATE is not updatable
mysql> select P_Name,count(P_ID),Price,Profit from TripPackages right join Customer using(P_ID) group by P_ID;
+--------------------+-------------+--------+--------+
| P_Name             | count(P_ID) | Price  | Profit |
+--------------------+-------------+--------+--------+
| 4P:Dandeli         |           1 |  60000 |  20000 |
| 6P:Dandeli         |           1 |  84000 |  30000 |
| Honeymoon:Paris    |           2 | 480000 | 180000 |
| Honeymoon:Andaman  |           3 | 300000 | 110000 |
| Honeymoon:Bali     |           1 | 400000 | 190000 |
| Honeymoon:Maldives |           2 | 340000 | 160000 |
| Honeymoon:Monaco   |           3 | 500000 | 230000 |
| 2P:Manali          |           1 |  50000 |  10000 |
| 2P:Kedarnath       |           2 |  40000 |   9000 |
| 2P:Mumbai          |           1 |  70000 |  14000 |
| 2P:Delhi           |           2 |  65000 |  15000 |
| 10P:HimalayaTrek   |           2 | 800000 | 300000 |
| 2P:HimalayaTrek    |           2 | 200000 |  50000 |
| 2P:Goa             |           2 |  18000 |   4000 |
| 4P:Shirdi          |           2 |  20000 |   5000 |
| 2P:Ooty            |           2 |  10000 |   3000 |
| 2P:Kodaikanal      |           1 |  16000 |   5000 |
| 2P:MysuruLocalTour |           2 |   8000 |   4000 |
+--------------------+-------------+--------+--------+
18 rows in set (0.01 sec)

mysql> (select P_Name,count(P_ID),Price,Profit from TripPackages right join Customer using(P_ID) group by P_ID);
+--------------------+-------------+--------+--------+
| P_Name             | count(P_ID) | Price  | Profit |
+--------------------+-------------+--------+--------+
| 4P:Dandeli         |           1 |  60000 |  20000 |
| 6P:Dandeli         |           1 |  84000 |  30000 |
| Honeymoon:Paris    |           2 | 480000 | 180000 |
| Honeymoon:Andaman  |           3 | 300000 | 110000 |
| Honeymoon:Bali     |           1 | 400000 | 190000 |
| Honeymoon:Maldives |           2 | 340000 | 160000 |
| Honeymoon:Monaco   |           3 | 500000 | 230000 |
| 2P:Manali          |           1 |  50000 |  10000 |
| 2P:Kedarnath       |           2 |  40000 |   9000 |
| 2P:Mumbai          |           1 |  70000 |  14000 |
| 2P:Delhi           |           2 |  65000 |  15000 |
| 10P:HimalayaTrek   |           2 | 800000 | 300000 |
| 2P:HimalayaTrek    |           2 | 200000 |  50000 |
| 2P:Goa             |           2 |  18000 |   4000 |
| 4P:Shirdi          |           2 |  20000 |   5000 |
| 2P:Ooty            |           2 |  10000 |   3000 |
| 2P:Kodaikanal      |           1 |  16000 |   5000 |
| 2P:MysuruLocalTour |           2 |   8000 |   4000 |
+--------------------+-------------+--------+--------+
18 rows in set (0.00 sec)

mysql> create Table ProfCalculation as (select P_Name,count(P_ID),Price,Profit from TripPackages right join Customer using(P_ID) group by P_ID);
Query OK, 18 rows affected (0.09 sec)
Records: 18  Duplicates: 0  Warnings: 0

mysql> select * from Profcalculation;
+--------------------+-------------+--------+--------+
| P_Name             | count(P_ID) | Price  | Profit |
+--------------------+-------------+--------+--------+
| 4P:Dandeli         |           1 |  60000 |  20000 |
| 6P:Dandeli         |           1 |  84000 |  30000 |
| Honeymoon:Paris    |           2 | 480000 | 180000 |
| Honeymoon:Andaman  |           3 | 300000 | 110000 |
| Honeymoon:Bali     |           1 | 400000 | 190000 |
| Honeymoon:Maldives |           2 | 340000 | 160000 |
| Honeymoon:Monaco   |           3 | 500000 | 230000 |
| 2P:Manali          |           1 |  50000 |  10000 |
| 2P:Kedarnath       |           2 |  40000 |   9000 |
| 2P:Mumbai          |           1 |  70000 |  14000 |
| 2P:Delhi           |           2 |  65000 |  15000 |
| 10P:HimalayaTrek   |           2 | 800000 | 300000 |
| 2P:HimalayaTrek    |           2 | 200000 |  50000 |
| 2P:Goa             |           2 |  18000 |   4000 |
| 4P:Shirdi          |           2 |  20000 |   5000 |
| 2P:Ooty            |           2 |  10000 |   3000 |
| 2P:Kodaikanal      |           1 |  16000 |   5000 |
| 2P:MysuruLocalTour |           2 |   8000 |   4000 |
+--------------------+-------------+--------+--------+
18 rows in set (0.00 sec)

mysql> update Profcalculation set Profit=Profit*count(P_ID) as 'Total Package Profit this year' and Price=Price*count(P_ID) as 'Total Package Income this year';
ERROR 1064 (42000): You have an error in your SQL syntax; check the manual that corresponds to your MySQL server version for the right syntax to use near 'as 'Total Package Profit this year' and Price=Price*count(P_ID) as 'Total Packag' at line 1
mysql> update Profcalculation set Profit=Profit*count(P_ID) and Price=Price*count(P_ID);
ERROR 1111 (HY000): Invalid use of group function
mysql> update Profcalculation set Profit=Profit*count(P_ID) and Price=Price*count(P_ID);
ERROR 1111 (HY000): Invalid use of group function
mysql> update Profcalculation set Profit=Profit*count(P_ID);
ERROR 1111 (HY000): Invalid use of group function
mysql> update Profcalculation set Profit=Profit*count(P_ID);
ERROR 1111 (HY000): Invalid use of group function
mysql> alter table Profcalculation rename column count(P_ID) PackageCount;
ERROR 1064 (42000): You have an error in your SQL syntax; check the manual that corresponds to your MySQL server version for the right syntax to use near 'count(P_ID) PackageCount' at line 1
mysql> alter table Profcalculation rename column count(P_ID) to PackageCount;
ERROR 1064 (42000): You have an error in your SQL syntax; check the manual that corresponds to your MySQL server version for the right syntax to use near 'count(P_ID) to PackageCount' at line 1
mysql> alter table Profcalculation rename column count(P_ID) to PackageCount;
ERROR 1064 (42000): You have an error in your SQL syntax; check the manual that corresponds to your MySQL server version for the right syntax to use near 'count(P_ID) to PackageCount' at line 1
mysql> alter table Profcalculation rename column 'count(P_ID)' to PackageCount;
ERROR 1064 (42000): You have an error in your SQL syntax; check the manual that corresponds to your MySQL server version for the right syntax to use near ''count(P_ID)' to PackageCount' at line 1
mysql> alter table Profcalculation rename column count(P_ID);
ERROR 1064 (42000): You have an error in your SQL syntax; check the manual that corresponds to your MySQL server version for the right syntax to use near 'count(P_ID)' at line 1
mysql> Select count(P_ID) from profcalculation;
ERROR 1054 (42S22): Unknown column 'P_ID' in 'field list'
mysql> drop table ProfCalculation;
Query OK, 0 rows affected (0.04 sec)

mysql> create Table ProfCalculation as (select P_Name,count(P_ID) as PackageCount,Price,Profit from TripPackages right join Customer using(P_ID) group by P_ID);
Query OK, 18 rows affected (0.04 sec)
Records: 18  Duplicates: 0  Warnings: 0

mysql> select * from Profcalculation;
+--------------------+--------------+--------+--------+
| P_Name             | PackageCount | Price  | Profit |
+--------------------+--------------+--------+--------+
| 4P:Dandeli         |            1 |  60000 |  20000 |
| 6P:Dandeli         |            1 |  84000 |  30000 |
| Honeymoon:Paris    |            2 | 480000 | 180000 |
| Honeymoon:Andaman  |            3 | 300000 | 110000 |
| Honeymoon:Bali     |            1 | 400000 | 190000 |
| Honeymoon:Maldives |            2 | 340000 | 160000 |
| Honeymoon:Monaco   |            3 | 500000 | 230000 |
| 2P:Manali          |            1 |  50000 |  10000 |
| 2P:Kedarnath       |            2 |  40000 |   9000 |
| 2P:Mumbai          |            1 |  70000 |  14000 |
| 2P:Delhi           |            2 |  65000 |  15000 |
| 10P:HimalayaTrek   |            2 | 800000 | 300000 |
| 2P:HimalayaTrek    |            2 | 200000 |  50000 |
| 2P:Goa             |            2 |  18000 |   4000 |
| 4P:Shirdi          |            2 |  20000 |   5000 |
| 2P:Ooty            |            2 |  10000 |   3000 |
| 2P:Kodaikanal      |            1 |  16000 |   5000 |
| 2P:MysuruLocalTour |            2 |   8000 |   4000 |
+--------------------+--------------+--------+--------+
18 rows in set (0.00 sec)

mysql> update Profcalculation set Profit=Profit*PackageCount as 'Total Profit from Package' and Price=Price*PackageCount as 'Total income from Package';
ERROR 1064 (42000): You have an error in your SQL syntax; check the manual that corresponds to your MySQL server version for the right syntax to use near 'as 'Total Profit from Package' and Price=Price*PackageCount as 'Total income fro' at line 1
mysql> update Profcalculation set Profit=Profit*PackageCount as 'Total Profit from Package';
ERROR 1064 (42000): You have an error in your SQL syntax; check the manual that corresponds to your MySQL server version for the right syntax to use near 'as 'Total Profit from Package'' at line 1
mysql> update Profcalculation set Profit=Profit*PackageCount;
Query OK, 12 rows affected (0.01 sec)
Rows matched: 18  Changed: 12  Warnings: 0

mysql> update Profcalculation set Price=Price*PackageCount;
Query OK, 12 rows affected (0.00 sec)
Rows matched: 18  Changed: 12  Warnings: 0

mysql> alter table Profcalculation rename column Price to 'Total income from Package';
ERROR 1064 (42000): You have an error in your SQL syntax; check the manual that corresponds to your MySQL server version for the right syntax to use near ''Total income from Package'' at line 1
mysql> select * from Profcalculation;
+--------------------+--------------+---------+--------+
| P_Name             | PackageCount | Price   | Profit |
+--------------------+--------------+---------+--------+
| 4P:Dandeli         |            1 |   60000 |  20000 |
| 6P:Dandeli         |            1 |   84000 |  30000 |
| Honeymoon:Paris    |            2 |  960000 | 360000 |
| Honeymoon:Andaman  |            3 |  900000 | 330000 |
| Honeymoon:Bali     |            1 |  400000 | 190000 |
| Honeymoon:Maldives |            2 |  680000 | 320000 |
| Honeymoon:Monaco   |            3 | 1500000 | 690000 |
| 2P:Manali          |            1 |   50000 |  10000 |
| 2P:Kedarnath       |            2 |   80000 |  18000 |
| 2P:Mumbai          |            1 |   70000 |  14000 |
| 2P:Delhi           |            2 |  130000 |  30000 |
| 10P:HimalayaTrek   |            2 | 1600000 | 600000 |
| 2P:HimalayaTrek    |            2 |  400000 | 100000 |
| 2P:Goa             |            2 |   36000 |   8000 |
| 4P:Shirdi          |            2 |   40000 |  10000 |
| 2P:Ooty            |            2 |   20000 |   6000 |
| 2P:Kodaikanal      |            1 |   16000 |   5000 |
| 2P:MysuruLocalTour |            2 |   16000 |   8000 |
+--------------------+--------------+---------+--------+
18 rows in set (0.00 sec)

mysql> select sum(Profit) from profcalculation;
+-------------+
| sum(Profit) |
+-------------+
|     2749000 |
+-------------+
1 row in set (0.00 sec)

mysql> select * from Customer;
+---------+-------------+------+--------+
| Cust_No | Cust_Name   | P_ID | Emp_ID |
+---------+-------------+------+--------+
|       1 | Manjesh     |   16 |     12 |
|       2 | Yadava      |   18 |     11 |
|       3 | Kumar       |    7 |     10 |
|       4 | Joshi       |   14 |     12 |
|       5 | Nidhima     |    5 |     11 |
|       6 | Diya        |   12 |     10 |
|       7 | Eshaan      |   15 |     10 |
|       8 | Jitendra    |    2 |     11 |
|       9 | Madhushree  |   17 |     12 |
|      10 | Binod       |   11 |     10 |
|      11 | Vaishnavi   |   13 |     12 |
|      12 | Rakshith    |   13 |     11 |
|      13 | Hrishikesh  |    3 |     10 |
|      14 | Chandan     |    9 |     11 |
|      15 | Naveen      |    6 |     12 |
|      16 | Rajesh      |    1 |     10 |
|      17 | Sharath     |    6 |     11 |
|      18 | Pratima     |    7 |     12 |
|      19 | Raghavendra |   15 |     10 |
|      20 | Adeep       |   16 |     11 |
|      21 | Holla       |    4 |     12 |
|      22 | Amaan       |    7 |     10 |
|      23 | Arya        |    4 |     11 |
|      24 | Srushti     |   12 |     12 |
|      25 | Bhat        |   18 |     10 |
|      26 | Sindhu      |    8 |     11 |
|      27 | Bindu       |    9 |     12 |
|      28 | Mary        |   10 |     10 |
|      29 | Goku        |   11 |     11 |
|      30 | Vegeta      |   14 |     12 |
|      31 | Sujan       |    4 |     10 |
|      32 | Neha        |    3 |     11 |
+---------+-------------+------+--------+
32 rows in set (0.01 sec)

mysql> select * from Employee;
+--------+-----------+------+--------+--------------------+--------------+------------+------------+
| Emp_ID | Emp_Name  | Age  | Salary | Designation        | Date_of_Join | Manager_ID | Emp_Rating |
+--------+-----------+------+--------+--------------------+--------------+------------+------------+
|      1 | Akash     |   45 | 600000 | Manager            | 2005-05-10   |          1 |          5 |
|      2 | Ramesh    |   42 | 600000 | Manager            | 2005-05-10   |          2 |          5 |
|      3 | Suresh    |   40 | 600000 | Manager            | 2005-05-10   |          3 |          5 |
|      4 | Ganesh    |   35 |  60000 | Security           | 2009-09-12   |          1 |          5 |
|      5 | Govinda   |   30 | 144000 | Travel Agent       | 2010-08-22   |          2 |          4 |
|      6 | Sebastian |   27 | 132000 | Travel Agent       | 2015-06-30   |          3 |          3 |
|      7 | Anvitha   |   25 | 120000 | Receptionist       | 2017-06-30   |          1 |          4 |
|      8 | Suzie     |   29 | 420000 | Trip Planner       | 2018-04-06   |          2 |          4 |
|      9 | Arun      |   22 | 348000 | Trip Manager       | 2020-01-25   |          1 |          3 |
|     10 | Ansari    |   32 | 492000 | Customer Executive | 2013-02-19   |          3 |          5 |
|     11 | Angel     |   31 | 480000 | Customer Executive | 2014-04-19   |          1 |          5 |
|     12 | Bharath   |   28 | 468000 | Customer Executive | 2019-04-22   |          2 |          3 |
+--------+-----------+------+--------+--------------------+--------------+------------+------------+
12 rows in set (0.00 sec)

mysql> update Employee set salary=salary/2;
Query OK, 12 rows affected (0.01 sec)
Rows matched: 12  Changed: 12  Warnings: 0

mysql> select * from Employee;
+--------+-----------+------+--------+--------------------+--------------+------------+------------+
| Emp_ID | Emp_Name  | Age  | Salary | Designation        | Date_of_Join | Manager_ID | Emp_Rating |
+--------+-----------+------+--------+--------------------+--------------+------------+------------+
|      1 | Akash     |   45 | 300000 | Manager            | 2005-05-10   |          1 |          5 |
|      2 | Ramesh    |   42 | 300000 | Manager            | 2005-05-10   |          2 |          5 |
|      3 | Suresh    |   40 | 300000 | Manager            | 2005-05-10   |          3 |          5 |
|      4 | Ganesh    |   35 |  30000 | Security           | 2009-09-12   |          1 |          5 |
|      5 | Govinda   |   30 |  72000 | Travel Agent       | 2010-08-22   |          2 |          4 |
|      6 | Sebastian |   27 |  66000 | Travel Agent       | 2015-06-30   |          3 |          3 |
|      7 | Anvitha   |   25 |  60000 | Receptionist       | 2017-06-30   |          1 |          4 |
|      8 | Suzie     |   29 | 210000 | Trip Planner       | 2018-04-06   |          2 |          4 |
|      9 | Arun      |   22 | 174000 | Trip Manager       | 2020-01-25   |          1 |          3 |
|     10 | Ansari    |   32 | 246000 | Customer Executive | 2013-02-19   |          3 |          5 |
|     11 | Angel     |   31 | 240000 | Customer Executive | 2014-04-19   |          1 |          5 |
|     12 | Bharath   |   28 | 234000 | Customer Executive | 2019-04-22   |          2 |          3 |
+--------+-----------+------+--------+--------------------+--------------+------------+------------+
12 rows in set (0.00 sec)

mysql> select * from EmpSal;
+------------------------------------------------+
| Total Salary to be paid to Employees this year |
+------------------------------------------------+
|                                        2232000 |
+------------------------------------------------+
1 row in set (0.01 sec)

mysql> select * from Expenses;
+-------+-------------+---------------+
| Sl_no | Exp_name    | Cost_per_year |
+-------+-------------+---------------+
|     1 | Electricity |         18000 |
|     2 | Water Bill  |          3000 |
|     3 | WiFi        |         14400 |
|     4 | Rent        |        240000 |
|     5 | Food&misc   |        400000 |
|     6 | Tax         |        100000 |
|     7 | Phone Bill  |          6000 |
|     8 | New items   |        100000 |
+-------+-------------+---------------+
8 rows in set (0.01 sec)

mysql> update Expenses set Cost_per_year=Cost_per_year/3;
Query OK, 8 rows affected (0.01 sec)
Rows matched: 8  Changed: 8  Warnings: 0

mysql> select * from Expenses;
+-------+-------------+---------------+
| Sl_no | Exp_name    | Cost_per_year |
+-------+-------------+---------------+
|     1 | Electricity |          6000 |
|     2 | Water Bill  |          1000 |
|     3 | WiFi        |          4800 |
|     4 | Rent        |         80000 |
|     5 | Food&misc   |        133333 |
|     6 | Tax         |         33333 |
|     7 | Phone Bill  |          2000 |
|     8 | New items   |         33333 |
+-------+-------------+---------------+
8 rows in set (0.00 sec)

mysql> select* from OfficeExp;
+------------------------------------+
| Total Office Expenditure this year |
+------------------------------------+
|                             293799 |
+------------------------------------+
1 row in set (0.01 sec)

mysql> update Employee set salary=salary/1.4;
Query OK, 12 rows affected (0.01 sec)
Rows matched: 12  Changed: 12  Warnings: 0

mysql> select * from Employee;
+--------+-----------+------+--------+--------------------+--------------+------------+------------+
| Emp_ID | Emp_Name  | Age  | Salary | Designation        | Date_of_Join | Manager_ID | Emp_Rating |
+--------+-----------+------+--------+--------------------+--------------+------------+------------+
|      1 | Akash     |   45 | 214286 | Manager            | 2005-05-10   |          1 |          5 |
|      2 | Ramesh    |   42 | 214286 | Manager            | 2005-05-10   |          2 |          5 |
|      3 | Suresh    |   40 | 214286 | Manager            | 2005-05-10   |          3 |          5 |
|      4 | Ganesh    |   35 |  21429 | Security           | 2009-09-12   |          1 |          5 |
|      5 | Govinda   |   30 |  51429 | Travel Agent       | 2010-08-22   |          2 |          4 |
|      6 | Sebastian |   27 |  47143 | Travel Agent       | 2015-06-30   |          3 |          3 |
|      7 | Anvitha   |   25 |  42857 | Receptionist       | 2017-06-30   |          1 |          4 |
|      8 | Suzie     |   29 | 150000 | Trip Planner       | 2018-04-06   |          2 |          4 |
|      9 | Arun      |   22 | 124286 | Trip Manager       | 2020-01-25   |          1 |          3 |
|     10 | Ansari    |   32 | 175714 | Customer Executive | 2013-02-19   |          3 |          5 |
|     11 | Angel     |   31 | 171429 | Customer Executive | 2014-04-19   |          1 |          5 |
|     12 | Bharath   |   28 | 167143 | Customer Executive | 2019-04-22   |          2 |          3 |
+--------+-----------+------+--------+--------------------+--------------+------------+------------+
12 rows in set (0.01 sec)

mysql> select * from Profcalculation;
+--------------------+--------------+---------+--------+
| P_Name             | PackageCount | Price   | Profit |
+--------------------+--------------+---------+--------+
| 4P:Dandeli         |            1 |   60000 |  20000 |
| 6P:Dandeli         |            1 |   84000 |  30000 |
| Honeymoon:Paris    |            2 |  960000 | 360000 |
| Honeymoon:Andaman  |            3 |  900000 | 330000 |
| Honeymoon:Bali     |            1 |  400000 | 190000 |
| Honeymoon:Maldives |            2 |  680000 | 320000 |
| Honeymoon:Monaco   |            3 | 1500000 | 690000 |
| 2P:Manali          |            1 |   50000 |  10000 |
| 2P:Kedarnath       |            2 |   80000 |  18000 |
| 2P:Mumbai          |            1 |   70000 |  14000 |
| 2P:Delhi           |            2 |  130000 |  30000 |
| 10P:HimalayaTrek   |            2 | 1600000 | 600000 |
| 2P:HimalayaTrek    |            2 |  400000 | 100000 |
| 2P:Goa             |            2 |   36000 |   8000 |
| 4P:Shirdi          |            2 |   40000 |  10000 |
| 2P:Ooty            |            2 |   20000 |   6000 |
| 2P:Kodaikanal      |            1 |   16000 |   5000 |
| 2P:MysuruLocalTour |            2 |   16000 |   8000 |
+--------------------+--------------+---------+--------+
18 rows in set (0.01 sec)

mysql> select sum(Profit) from profcalculation;
+-------------+
| sum(Profit) |
+-------------+
|     2749000 |
+-------------+
1 row in set (0.00 sec)

mysql> select* from OfficeExp;
+------------------------------------+
| Total Office Expenditure this year |
+------------------------------------+
|                             293799 |
+------------------------------------+
1 row in set (0.00 sec)

mysql> select * from EmpSal;
+------------------------------------------------+
| Total Salary to be paid to Employees this year |
+------------------------------------------------+
|                                        1594288 |
+------------------------------------------------+
1 row in set (0.01 sec)

mysql> create view ProfitvsExpenses as select sum(Profit),'Total Office Expenditure this year','Total Salary to be paid to Employees this year' from profcalculation,OfficeExp,EmpSal;
Query OK, 0 rows affected (0.02 sec)

mysql> select * from ProfitvsExpenses;
+-------------+------------------------------------+------------------------------------------------+
| sum(Profit) | Total Office Expenditure this year | Total Salary to be paid to Employees this year |
+-------------+------------------------------------+------------------------------------------------+
|     2749000 | Total Office Expenditure this year | Total Salary to be paid to Employees this year |
+-------------+------------------------------------+------------------------------------------------+
1 row in set (0.01 sec)

mysql> drop view ProfitvsExpenses;
Query OK, 0 rows affected (0.01 sec)

mysql> create view ProfitvsExpenses as select sum(Profit),Total Office Expenditure this year,Total Salary to be paid to Employees this year from profcalculation,OfficeExp,EmpSal;
ERROR 1064 (42000): You have an error in your SQL syntax; check the manual that corresponds to your MySQL server version for the right syntax to use near 'Expenditure this year,Total Salary to be paid to Employees this year from profca' at line 1
mysql> create view ProfitvsExpenses as select sum(Profit),Total Office Expenditure this year,Total Salary to be paid to Employees this year from profcalculation,OfficeExp,EmpSal;
ERROR 1064 (42000): You have an error in your SQL syntax; check the manual that corresponds to your MySQL server version for the right syntax to use near 'Expenditure this year,Total Salary to be paid to Employees this year from profca' at line 1
mysql> create view ProfitvsExpenses as select sum(Profit),[Total Office Expenditure this year],[Total Salary to be paid to Employees this year] from profcalculation,OfficeExp,EmpSal;
ERROR 1064 (42000): You have an error in your SQL syntax; check the manual that corresponds to your MySQL server version for the right syntax to use near '[Total Office Expenditure this year],[Total Salary to be paid to Employees this ' at line 1
mysql> create table ProfitvsExpenses as select sum(Profit),[Total Office Expenditure this year],[Total Salary to be paid to Employees this year] from profcalculation,OfficeExp,EmpSal;
ERROR 1064 (42000): You have an error in your SQL syntax; check the manual that corresponds to your MySQL server version for the right syntax to use near '[Total Office Expenditure this year],[Total Salary to be paid to Employees this ' at line 1
mysql> alter view EmpSal rename column 'Total Salary to be paid to Employees this year' to Total_Sal_this_year;
ERROR 1064 (42000): You have an error in your SQL syntax; check the manual that corresponds to your MySQL server version for the right syntax to use near 'rename column 'Total Salary to be paid to Employees this year' to Total_Sal_this' at line 1
mysql> drop EmpSal;
ERROR 1064 (42000): You have an error in your SQL syntax; check the manual that corresponds to your MySQL server version for the right syntax to use near 'EmpSal' at line 1
mysql> drop view EmpSal;
Query OK, 0 rows affected (0.02 sec)

mysql> drop view OfficeExp;
Query OK, 0 rows affected (0.01 sec)

mysql> create view EmpSal as select sum(salary) as Total_Sal_2020 from Employee;
Query OK, 0 rows affected (0.00 sec)

mysql> create view EmpSal as select sum(Cost_per_year) as Total_OfficeExp_2020 from Expenses;
ERROR 1050 (42S01): Table 'EmpSal' already exists
mysql> create view OfficeExp as select sum(Cost_per_year) as Total_OfficeExp_2020 from Expenses;
Query OK, 0 rows affected (0.01 sec)

mysql> create table Profit as select sum(Profit),Total_OfficeExp_2020,Total_Sal_2020 from profcalculation,OfficeExp,EmpSal;
ERROR 1140 (42000): In aggregated query without GROUP BY, expression #2 of SELECT list contains nonaggregated column 'psychmytrip.OfficeExp.Total_OfficeExp_2020'; this is incompatible with sql_mode=only_full_group_by
mysql> create table Profit as select sum(Profit),Total_OfficeExp_2020,Total_Sal_2020 from profcalculation,OfficeExp,EmpSal group by Total_Sal_2020;
ERROR 1055 (42000): Expression #2 of SELECT list is not in GROUP BY clause and contains nonaggregated column 'psychmytrip.OfficeExp.Total_OfficeExp_2020' which is not functionally dependent on columns in GROUP BY clause; this is incompatible with sql_mode=only_full_group_by
mysql> mysql > SET GLOBAL sql_mode=(SELECT REPLACE(@@sql_mode,'ONLY_FULL_GROUP_BY',''));
ERROR 1064 (42000): You have an error in your SQL syntax; check the manual that corresponds to your MySQL server version for the right syntax to use near 'mysql > SET GLOBAL sql_mode=(SELECT REPLACE(@@sql_mode,'ONLY_FULL_GROUP_BY',''))' at line 1
mysql> SET GLOBAL sql_mode=(SELECT REPLACE(@@sql_mode,'ONLY_FULL_GROUP_BY',''));
Query OK, 0 rows affected (0.01 sec)

mysql> create table Profit as select sum(Profit),Total_OfficeExp_2020,Total_Sal_2020 from profcalculation,OfficeExp,EmpSal group by Total_Sal_2020;
ERROR 1055 (42000): Expression #2 of SELECT list is not in GROUP BY clause and contains nonaggregated column 'psychmytrip.OfficeExp.Total_OfficeExp_2020' which is not functionally dependent on columns in GROUP BY clause; this is incompatible with sql_mode=only_full_group_by
mysql> SELECT @@sql_mode;
+-----------------------------------------------------------------------------------------------------------------------+
| @@sql_mode                                                                                                            |
+-----------------------------------------------------------------------------------------------------------------------+
| ONLY_FULL_GROUP_BY,STRICT_TRANS_TABLES,NO_ZERO_IN_DATE,NO_ZERO_DATE,ERROR_FOR_DIVISION_BY_ZERO,NO_ENGINE_SUBSTITUTION |
+-----------------------------------------------------------------------------------------------------------------------+
1 row in set (0.00 sec)

mysql> SET GLOBAL sql_mode=(SELECT REPLACE(@@sql_mode,'ONLY_FULL_GROUP_BY',''));
Query OK, 0 rows affected (0.00 sec)

mysql> SET GLOBAL sql_mode=(SELECT REPLACE(@@sql_mode,'ONLY_FULL_GROUP_BY',''));
Query OK, 0 rows affected (0.00 sec)

mysql> create table Profit as select sum(Profit),Total_OfficeExp_2020,Total_Sal_2020 from profcalculation,OfficeExp,EmpSal;
ERROR 1140 (42000): In aggregated query without GROUP BY, expression #2 of SELECT list contains nonaggregated column 'psychmytrip.OfficeExp.Total_OfficeExp_2020'; this is incompatible with sql_mode=only_full_group_by
mysql> create view ProfitvsExp as select sum(Profit),Total_OfficeExp_2020,Total_Sal_2020 from profcalculation,OfficeExp,EmpSal;
Query OK, 0 rows affected (0.01 sec)

mysql> select * from ProfitvsExp;
ERROR 1140 (42000): In aggregated query without GROUP BY, expression #2 of SELECT list contains nonaggregated column 'psychmytrip.officeexp.Total_OfficeExp_2020'; this is incompatible with sql_mode=only_full_group_by
mysql> select * from ProfitvsExp;
ERROR 1140 (42000): In aggregated query without GROUP BY, expression #2 of SELECT list contains nonaggregated column 'psychmytrip.officeexp.Total_OfficeExp_2020'; this is incompatible with sql_mode=only_full_group_by
mysql> select * from ProfitvsExp group by sum(Profit);
ERROR 1111 (HY000): Invalid use of group function
mysql> select * from ProfitvsExp group by sum(Profit);
ERROR 1111 (HY000): Invalid use of group function
mysql> select * from ProfitvsExp group by Total_Sal_2020;;
ERROR 1140 (42000): In aggregated query without GROUP BY, expression #2 of SELECT list contains nonaggregated column 'psychmytrip.officeexp.Total_OfficeExp_2020'; this is incompatible with sql_mode=only_full_group_by
ERROR: 
No query specified

mysql> select * from ProfitvsExp group by Total_Sal_2020;;
ERROR 1140 (42000): In aggregated query without GROUP BY, expression #2 of SELECT list contains nonaggregated column 'psychmytrip.officeexp.Total_OfficeExp_2020'; this is incompatible with sql_mode=only_full_group_by
ERROR: 
No query specified

mysql> select * from ProfitvsExp group by Total_Sal_2020;
ERROR 1140 (42000): In aggregated query without GROUP BY, expression #2 of SELECT list contains nonaggregated column 'psychmytrip.officeexp.Total_OfficeExp_2020'; this is incompatible with sql_mode=only_full_group_by
mysql> SET GLOBAL sql_mode=(SELECT REPLACE(@@sql_mode,'only_full_group_by',''));
Query OK, 0 rows affected (0.00 sec)

mysql> (SELECT REPLACE(@@sql_mode,'only_full_group_by',''));
+-----------------------------------------------------------------------------------------------------------------------+
| REPLACE(@@sql_mode,'only_full_group_by','')                                                                           |
+-----------------------------------------------------------------------------------------------------------------------+
| ONLY_FULL_GROUP_BY,STRICT_TRANS_TABLES,NO_ZERO_IN_DATE,NO_ZERO_DATE,ERROR_FOR_DIVISION_BY_ZERO,NO_ENGINE_SUBSTITUTION |
+-----------------------------------------------------------------------------------------------------------------------+
1 row in set (0.00 sec)

mysql> SELECT * FROM EMPLOYEE;
ERROR 4031 (HY000): The client was disconnected by the server because of inactivity. See wait_timeout and interactive_timeout for configuring this behavior.
No connection. Trying to reconnect...
Connection id:    11
Current database: psychmytrip

+--------+-----------+------+--------+--------------------+--------------+------------+------------+
| Emp_ID | Emp_Name  | Age  | Salary | Designation        | Date_of_Join | Manager_ID | Emp_Rating |
+--------+-----------+------+--------+--------------------+--------------+------------+------------+
|      1 | Akash     |   45 | 214286 | Manager            | 2005-05-10   |          1 |          5 |
|      2 | Ramesh    |   42 | 214286 | Manager            | 2005-05-10   |          2 |          5 |
|      3 | Suresh    |   40 | 214286 | Manager            | 2005-05-10   |          3 |          5 |
|      4 | Ganesh    |   35 |  21429 | Security           | 2009-09-12   |          1 |          5 |
|      5 | Govinda   |   30 |  51429 | Travel Agent       | 2010-08-22   |          2 |          4 |
|      6 | Sebastian |   27 |  47143 | Travel Agent       | 2015-06-30   |          3 |          3 |
|      7 | Anvitha   |   25 |  42857 | Receptionist       | 2017-06-30   |          1 |          4 |
|      8 | Suzie     |   29 | 150000 | Trip Planner       | 2018-04-06   |          2 |          4 |
|      9 | Arun      |   22 | 124286 | Trip Manager       | 2020-01-25   |          1 |          3 |
|     10 | Ansari    |   32 | 175714 | Customer Executive | 2013-02-19   |          3 |          5 |
|     11 | Angel     |   31 | 171429 | Customer Executive | 2014-04-19   |          1 |          5 |
|     12 | Bharath   |   28 | 167143 | Customer Executive | 2019-04-22   |          2 |          3 |
+--------+-----------+------+--------+--------------------+--------------+------------+------------+
12 rows in set (0.22 sec)

mysql> alter table Employee add foreign key (Part_No) references Partners(Part_No);
ERROR 1072 (42000): Key column 'Part_No' doesn't exist in table
mysql> alter table Employee add column Part_No int(10) after Manager_ID;
Query OK, 0 rows affected, 1 warning (0.11 sec)
Records: 0  Duplicates: 0  Warnings: 1

mysql> alter table Employee add foreign key (Part_No) references Partners(Part_No);
ERROR 1822 (HY000): Failed to add the foreign key constraint. Missing index for constraint 'employee_ibfk_1' in the referenced table 'Partners'
mysql> alter table Employee add foreign key (Part_No) references Partners(Part_No);
ERROR 1822 (HY000): Failed to add the foreign key constraint. Missing index for constraint 'employee_ibfk_1' in the referenced table 'Partners'
mysql> alter table Employee modify Part_No NOT NULL;
ERROR 1064 (42000): You have an error in your SQL syntax; check the manual that corresponds to your MySQL server version for the right syntax to use near 'NOT NULL' at line 1
mysql> alter table Employee modify Part_No.int NOT NULL;
ERROR 1064 (42000): You have an error in your SQL syntax; check the manual that corresponds to your MySQL server version for the right syntax to use near '.int NOT NULL' at line 1
mysql> alter table Employee modify Part_No int NOT NULL;
ERROR 1138 (22004): Invalid use of NULL value
mysql> alter table Employee modify Part_No int(10) NOT NULL;
ERROR 1138 (22004): Invalid use of NULL value
mysql> alter table Employee alter column Part_No int(10) NOT NULL;
ERROR 1064 (42000): You have an error in your SQL syntax; check the manual that corresponds to your MySQL server version for the right syntax to use near 'int(10) NOT NULL' at line 1
mysql> alter table Employee alter column Part_No int NOT NULL;
ERROR 1064 (42000): You have an error in your SQL syntax; check the manual that corresponds to your MySQL server version for the right syntax to use near 'int NOT NULL' at line 1
mysql> alter table Employee alter column Part_No int NOT NULL;
ERROR 1064 (42000): You have an error in your SQL syntax; check the manual that corresponds to your MySQL server version for the right syntax to use near 'int NOT NULL' at line 1
mysql> select * from Employee;
+--------+-----------+------+--------+--------------------+--------------+------------+---------+------------+
| Emp_ID | Emp_Name  | Age  | Salary | Designation        | Date_of_Join | Manager_ID | Part_No | Emp_Rating |
+--------+-----------+------+--------+--------------------+--------------+------------+---------+------------+
|      1 | Akash     |   45 | 214286 | Manager            | 2005-05-10   |          1 |    NULL |          5 |
|      2 | Ramesh    |   42 | 214286 | Manager            | 2005-05-10   |          2 |    NULL |          5 |
|      3 | Suresh    |   40 | 214286 | Manager            | 2005-05-10   |          3 |    NULL |          5 |
|      4 | Ganesh    |   35 |  21429 | Security           | 2009-09-12   |          1 |    NULL |          5 |
|      5 | Govinda   |   30 |  51429 | Travel Agent       | 2010-08-22   |          2 |    NULL |          4 |
|      6 | Sebastian |   27 |  47143 | Travel Agent       | 2015-06-30   |          3 |    NULL |          3 |
|      7 | Anvitha   |   25 |  42857 | Receptionist       | 2017-06-30   |          1 |    NULL |          4 |
|      8 | Suzie     |   29 | 150000 | Trip Planner       | 2018-04-06   |          2 |    NULL |          4 |
|      9 | Arun      |   22 | 124286 | Trip Manager       | 2020-01-25   |          1 |    NULL |          3 |
|     10 | Ansari    |   32 | 175714 | Customer Executive | 2013-02-19   |          3 |    NULL |          5 |
|     11 | Angel     |   31 | 171429 | Customer Executive | 2014-04-19   |          1 |    NULL |          5 |
|     12 | Bharath   |   28 | 167143 | Customer Executive | 2019-04-22   |          2 |    NULL |          3 |
+--------+-----------+------+--------+--------------------+--------------+------------+---------+------------+
12 rows in set (0.01 sec)

mysql> alter table Employee drop column Part_No;
Query OK, 0 rows affected (0.06 sec)
Records: 0  Duplicates: 0  Warnings: 0

mysql> alter table Employee add column Part_No int(10) after Manager_ID;
Query OK, 0 rows affected, 1 warning (0.04 sec)
Records: 0  Duplicates: 0  Warnings: 1

mysql> alter table Partners add primary key (Part_No);
Query OK, 0 rows affected (0.04 sec)
Records: 0  Duplicates: 0  Warnings: 0

mysql> desc Partnersl
    -> ;
ERROR 1146 (42S02): Table 'psychmytrip.partnersl' doesn't exist
mysql> desc Partners;
+------------+-------------+------+-----+---------+-------+
| Field      | Type        | Null | Key | Default | Extra |
+------------+-------------+------+-----+---------+-------+
| Part_No    | int         | NO   | PRI | NULL    |       |
| Part_Name  | varchar(20) | YES  |     | NULL    |       |
| Part_Stake | int         | YES  |     | NULL    |       |
+------------+-------------+------+-----+---------+-------+
3 rows in set (0.02 sec)

mysql> alter table Employee add foreign key (Part_No) references Partners(Part_No);
Query OK, 12 rows affected (0.05 sec)
Records: 12  Duplicates: 0  Warnings: 0

mysql> select * from Employee;
+--------+-----------+------+--------+--------------------+--------------+------------+---------+------------+
| Emp_ID | Emp_Name  | Age  | Salary | Designation        | Date_of_Join | Manager_ID | Part_No | Emp_Rating |
+--------+-----------+------+--------+--------------------+--------------+------------+---------+------------+
|      1 | Akash     |   45 | 214286 | Manager            | 2005-05-10   |          1 |    NULL |          5 |
|      2 | Ramesh    |   42 | 214286 | Manager            | 2005-05-10   |          2 |    NULL |          5 |
|      3 | Suresh    |   40 | 214286 | Manager            | 2005-05-10   |          3 |    NULL |          5 |
|      4 | Ganesh    |   35 |  21429 | Security           | 2009-09-12   |          1 |    NULL |          5 |
|      5 | Govinda   |   30 |  51429 | Travel Agent       | 2010-08-22   |          2 |    NULL |          4 |
|      6 | Sebastian |   27 |  47143 | Travel Agent       | 2015-06-30   |          3 |    NULL |          3 |
|      7 | Anvitha   |   25 |  42857 | Receptionist       | 2017-06-30   |          1 |    NULL |          4 |
|      8 | Suzie     |   29 | 150000 | Trip Planner       | 2018-04-06   |          2 |    NULL |          4 |
|      9 | Arun      |   22 | 124286 | Trip Manager       | 2020-01-25   |          1 |    NULL |          3 |
|     10 | Ansari    |   32 | 175714 | Customer Executive | 2013-02-19   |          3 |    NULL |          5 |
|     11 | Angel     |   31 | 171429 | Customer Executive | 2014-04-19   |          1 |    NULL |          5 |
|     12 | Bharath   |   28 | 167143 | Customer Executive | 2019-04-22   |          2 |    NULL |          3 |
+--------+-----------+------+--------+--------------------+--------------+------------+---------+------------+
12 rows in set (0.00 sec)

mysql> desc Employee;
+--------------+-------------+------+-----+---------+-------+
| Field        | Type        | Null | Key | Default | Extra |
+--------------+-------------+------+-----+---------+-------+
| Emp_ID       | int         | NO   | PRI | NULL    |       |
| Emp_Name     | varchar(20) | YES  |     | NULL    |       |
| Age          | int         | YES  |     | NULL    |       |
| Salary       | int         | YES  |     | NULL    |       |
| Designation  | varchar(20) | YES  |     | NULL    |       |
| Date_of_Join | date        | YES  |     | NULL    |       |
| Manager_ID   | int         | YES  |     | NULL    |       |
| Part_No      | int         | YES  | MUL | NULL    |       |
| Emp_Rating   | int         | YES  |     | NULL    |       |
+--------------+-------------+------+-----+---------+-------+
9 rows in set (0.00 sec)

mysql> insert into Employee(Part_No) values(1,1,1,1,1,1,2,2,2,2,2,2);
ERROR 1136 (21S01): Column count doesn't match value count at row 1
mysql> insert into Employee(Part_No) values 1,1,1,1,1,1,2,2,2,2,2,2;
ERROR 1064 (42000): You have an error in your SQL syntax; check the manual that corresponds to your MySQL server version for the right syntax to use near '1,1,1,1,1,1,2,2,2,2,2,2' at line 1
mysql> insert into Employee(Part_No) values (1),(1),(1),(1),(1),(1),(2),(2),(2),(2),(2),(2);
ERROR 1364 (HY000): Field 'Emp_ID' doesn't have a default value
mysql> insert into Employee(Part_No) values (1) where Emp_ID=1;
ERROR 1064 (42000): You have an error in your SQL syntax; check the manual that corresponds to your MySQL server version for the right syntax to use near 'where Emp_ID=1' at line 1
mysql> insert into Employee(Part_No) values(1);
ERROR 1364 (HY000): Field 'Emp_ID' doesn't have a default value
mysql> update Employee set Part_No=1 where Emp_ID=(1,6);
ERROR 1241 (21000): Operand should contain 1 column(s)
mysql> update Employee set Part_No=1 where Emp_ID in (1,2,3,4,5,6);
Query OK, 6 rows affected (0.03 sec)
Rows matched: 6  Changed: 6  Warnings: 0

mysql> update Employee set Part_No=1 where Emp_ID in (7,8,9,10,11,12);
Query OK, 6 rows affected (0.00 sec)
Rows matched: 6  Changed: 6  Warnings: 0

mysql> select * from Employee;
+--------+-----------+------+--------+--------------------+--------------+------------+---------+------------+
| Emp_ID | Emp_Name  | Age  | Salary | Designation        | Date_of_Join | Manager_ID | Part_No | Emp_Rating |
+--------+-----------+------+--------+--------------------+--------------+------------+---------+------------+
|      1 | Akash     |   45 | 214286 | Manager            | 2005-05-10   |          1 |       1 |          5 |
|      2 | Ramesh    |   42 | 214286 | Manager            | 2005-05-10   |          2 |       1 |          5 |
|      3 | Suresh    |   40 | 214286 | Manager            | 2005-05-10   |          3 |       1 |          5 |
|      4 | Ganesh    |   35 |  21429 | Security           | 2009-09-12   |          1 |       1 |          5 |
|      5 | Govinda   |   30 |  51429 | Travel Agent       | 2010-08-22   |          2 |       1 |          4 |
|      6 | Sebastian |   27 |  47143 | Travel Agent       | 2015-06-30   |          3 |       1 |          3 |
|      7 | Anvitha   |   25 |  42857 | Receptionist       | 2017-06-30   |          1 |       1 |          4 |
|      8 | Suzie     |   29 | 150000 | Trip Planner       | 2018-04-06   |          2 |       1 |          4 |
|      9 | Arun      |   22 | 124286 | Trip Manager       | 2020-01-25   |          1 |       1 |          3 |
|     10 | Ansari    |   32 | 175714 | Customer Executive | 2013-02-19   |          3 |       1 |          5 |
|     11 | Angel     |   31 | 171429 | Customer Executive | 2014-04-19   |          1 |       1 |          5 |
|     12 | Bharath   |   28 | 167143 | Customer Executive | 2019-04-22   |          2 |       1 |          3 |
+--------+-----------+------+--------+--------------------+--------------+------------+---------+------------+
12 rows in set (0.00 sec)

mysql> update Employee set Part_No=2 where Emp_ID in (7,8,9,10,11,12);
Query OK, 6 rows affected (0.00 sec)
Rows matched: 6  Changed: 6  Warnings: 0

mysql> update Employee set salary=44000 where Emp_ID=4;
Query OK, 1 row affected (0.00 sec)
Rows matched: 1  Changed: 1  Warnings: 0

mysql> update Employee set salary=71200 where Emp_ID=5;
Query OK, 1 row affected (0.00 sec)
Rows matched: 1  Changed: 1  Warnings: 0

mysql> update Employee set salary=70400 where Emp_ID=6;
Query OK, 1 row affected (0.00 sec)
Rows matched: 1  Changed: 1  Warnings: 0

mysql> update Employee set salary=90000 where Emp_ID=7;
Query OK, 1 row affected (0.01 sec)
Rows matched: 1  Changed: 1  Warnings: 0

mysql> select * from Employee;
+--------+-----------+------+--------+--------------------+--------------+------------+---------+------------+
| Emp_ID | Emp_Name  | Age  | Salary | Designation        | Date_of_Join | Manager_ID | Part_No | Emp_Rating |
+--------+-----------+------+--------+--------------------+--------------+------------+---------+------------+
|      1 | Akash     |   45 | 214286 | Manager            | 2005-05-10   |          1 |       1 |          5 |
|      2 | Ramesh    |   42 | 214286 | Manager            | 2005-05-10   |          2 |       1 |          5 |
|      3 | Suresh    |   40 | 214286 | Manager            | 2005-05-10   |          3 |       1 |          5 |
|      4 | Ganesh    |   35 |  44000 | Security           | 2009-09-12   |          1 |       1 |          5 |
|      5 | Govinda   |   30 |  71200 | Travel Agent       | 2010-08-22   |          2 |       1 |          4 |
|      6 | Sebastian |   27 |  70400 | Travel Agent       | 2015-06-30   |          3 |       1 |          3 |
|      7 | Anvitha   |   25 |  90000 | Receptionist       | 2017-06-30   |          1 |       2 |          4 |
|      8 | Suzie     |   29 | 150000 | Trip Planner       | 2018-04-06   |          2 |       2 |          4 |
|      9 | Arun      |   22 | 124286 | Trip Manager       | 2020-01-25   |          1 |       2 |          3 |
|     10 | Ansari    |   32 | 175714 | Customer Executive | 2013-02-19   |          3 |       2 |          5 |
|     11 | Angel     |   31 | 171429 | Customer Executive | 2014-04-19   |          1 |       2 |          5 |
|     12 | Bharath   |   28 | 167143 | Customer Executive | 2019-04-22   |          2 |       2 |          3 |
+--------+-----------+------+--------+--------------------+--------------+------------+---------+------------+
12 rows in set (0.00 sec)

mysql> show tables;
+-----------------------+
| Tables_in_psychmytrip |
+-----------------------+
| Customer              |
| Employee              |
| empsal                |
| Expenses              |
| officeexp             |
| Partners              |
| priceprofcount        |
| ProfCalculation       |
| profitvsexp           |
| TripPackages          |
+-----------------------+
10 rows in set (0.03 sec)

mysql> select * from ProfCalculation;
+--------------------+--------------+---------+--------+
| P_Name             | PackageCount | Price   | Profit |
+--------------------+--------------+---------+--------+
| 4P:Dandeli         |            1 |   60000 |  20000 |
| 6P:Dandeli         |            1 |   84000 |  30000 |
| Honeymoon:Paris    |            2 |  960000 | 360000 |
| Honeymoon:Andaman  |            3 |  900000 | 330000 |
| Honeymoon:Bali     |            1 |  400000 | 190000 |
| Honeymoon:Maldives |            2 |  680000 | 320000 |
| Honeymoon:Monaco   |            3 | 1500000 | 690000 |
| 2P:Manali          |            1 |   50000 |  10000 |
| 2P:Kedarnath       |            2 |   80000 |  18000 |
| 2P:Mumbai          |            1 |   70000 |  14000 |
| 2P:Delhi           |            2 |  130000 |  30000 |
| 10P:HimalayaTrek   |            2 | 1600000 | 600000 |
| 2P:HimalayaTrek    |            2 |  400000 | 100000 |
| 2P:Goa             |            2 |   36000 |   8000 |
| 4P:Shirdi          |            2 |   40000 |  10000 |
| 2P:Ooty            |            2 |   20000 |   6000 |
| 2P:Kodaikanal      |            1 |   16000 |   5000 |
| 2P:MysuruLocalTour |            2 |   16000 |   8000 |
+--------------------+--------------+---------+--------+
18 rows in set (0.00 sec)

mysql> create view ProfDisplay as (select P_Name,count(P_ID) as PackageCount,Price=Price*count(P_ID),Profit=Profit*count(P_ID) from TripPackages right join Customer using(P_ID) group by P_ID);
Query OK, 0 rows affected (0.04 sec)

mysql> select * from ProfDisplay;
+--------------------+--------------+-------------------------+---------------------------+
| P_Name             | PackageCount | Price=Price*count(P_ID) | Profit=Profit*count(P_ID) |
+--------------------+--------------+-------------------------+---------------------------+
| 4P:Dandeli         |            1 |                       1 |                         1 |
| 6P:Dandeli         |            1 |                       1 |                         1 |
| Honeymoon:Paris    |            2 |                       0 |                         0 |
| Honeymoon:Andaman  |            3 |                       0 |                         0 |
| Honeymoon:Bali     |            1 |                       1 |                         1 |
| Honeymoon:Maldives |            2 |                       0 |                         0 |
| Honeymoon:Monaco   |            3 |                       0 |                         0 |
| 2P:Manali          |            1 |                       1 |                         1 |
| 2P:Kedarnath       |            2 |                       0 |                         0 |
| 2P:Mumbai          |            1 |                       1 |                         1 |
| 2P:Delhi           |            2 |                       0 |                         0 |
| 10P:HimalayaTrek   |            2 |                       0 |                         0 |
| 2P:HimalayaTrek    |            2 |                       0 |                         0 |
| 2P:Goa             |            2 |                       0 |                         0 |
| 4P:Shirdi          |            2 |                       0 |                         0 |
| 2P:Ooty            |            2 |                       0 |                         0 |
| 2P:Kodaikanal      |            1 |                       1 |                         1 |
| 2P:MysuruLocalTour |            2 |                       0 |                         0 |
+--------------------+--------------+-------------------------+---------------------------+
18 rows in set (0.01 sec)

mysql> create view ProfDisplay as (select P_Name,count(P_ID) as PackageCount,Price,Profit from TripPackages right join Customer using(P_ID) group by P_ID);
ERROR 1050 (42S01): Table 'ProfDisplay' already exists
mysql> drop view ProfDisplay;
Query OK, 0 rows affected (0.02 sec)

mysql> create view ProfDisplay as (select P_Name,count(P_ID) as PackageCount,Price,Profit from TripPackages right join Customer using(P_ID) group by P_ID);
Query OK, 0 rows affected (0.01 sec)

mysql> select * from Profdisplay;
+--------------------+--------------+--------+--------+
| P_Name             | PackageCount | Price  | Profit |
+--------------------+--------------+--------+--------+
| 4P:Dandeli         |            1 |  60000 |  20000 |
| 6P:Dandeli         |            1 |  84000 |  30000 |
| Honeymoon:Paris    |            2 | 480000 | 180000 |
| Honeymoon:Andaman  |            3 | 300000 | 110000 |
| Honeymoon:Bali     |            1 | 400000 | 190000 |
| Honeymoon:Maldives |            2 | 340000 | 160000 |
| Honeymoon:Monaco   |            3 | 500000 | 230000 |
| 2P:Manali          |            1 |  50000 |  10000 |
| 2P:Kedarnath       |            2 |  40000 |   9000 |
| 2P:Mumbai          |            1 |  70000 |  14000 |
| 2P:Delhi           |            2 |  65000 |  15000 |
| 10P:HimalayaTrek   |            2 | 800000 | 300000 |
| 2P:HimalayaTrek    |            2 | 200000 |  50000 |
| 2P:Goa             |            2 |  18000 |   4000 |
| 4P:Shirdi          |            2 |  20000 |   5000 |
| 2P:Ooty            |            2 |  10000 |   3000 |
| 2P:Kodaikanal      |            1 |  16000 |   5000 |
| 2P:MysuruLocalTour |            2 |   8000 |   4000 |
+--------------------+--------------+--------+--------+
18 rows in set (0.01 sec)

mysql> update ProfDisplay set Price=Price*PackageCount;
ERROR 1288 (HY000): The target table ProfDisplay of the UPDATE is not updatable
mysql> create view FinalPackage Profit as (select Price=Price*PackageCount,Profit=Profit*PackageCount from Profdisplay);
ERROR 1064 (42000): You have an error in your SQL syntax; check the manual that corresponds to your MySQL server version for the right syntax to use near 'Profit as (select Price=Price*PackageCount,Profit=Profit*PackageCount from Profd' at line 1
mysql> create view FinalPackage Profit as (select Price=Price*PackageCount,Profit=Profit*PackageCount from Profdisplay);
ERROR 1064 (42000): You have an error in your SQL syntax; check the manual that corresponds to your MySQL server version for the right syntax to use near 'Profit as (select Price=Price*PackageCount,Profit=Profit*PackageCount from Profd' at line 1
mysql> select P_Name,count(P_ID) as PackageCount,Price=Price*PackageCount,Profit from TripPackages right join Customer using(P_ID) group by P_ID;
ERROR 1054 (42S22): Unknown column 'PackageCount' in 'field list'
mysql> select P_Name,count(P_ID) as PackageCount,Price=Price*count(P_ID),Profit from TripPackages right join Customer using(P_ID) group by P_ID;
+--------------------+--------------+-------------------------+--------+
| P_Name             | PackageCount | Price=Price*count(P_ID) | Profit |
+--------------------+--------------+-------------------------+--------+
| 4P:Dandeli         |            1 |                       1 |  20000 |
| 6P:Dandeli         |            1 |                       1 |  30000 |
| Honeymoon:Paris    |            2 |                       0 | 180000 |
| Honeymoon:Andaman  |            3 |                       0 | 110000 |
| Honeymoon:Bali     |            1 |                       1 | 190000 |
| Honeymoon:Maldives |            2 |                       0 | 160000 |
| Honeymoon:Monaco   |            3 |                       0 | 230000 |
| 2P:Manali          |            1 |                       1 |  10000 |
| 2P:Kedarnath       |            2 |                       0 |   9000 |
| 2P:Mumbai          |            1 |                       1 |  14000 |
| 2P:Delhi           |            2 |                       0 |  15000 |
| 10P:HimalayaTrek   |            2 |                       0 | 300000 |
| 2P:HimalayaTrek    |            2 |                       0 |  50000 |
| 2P:Goa             |            2 |                       0 |   4000 |
| 4P:Shirdi          |            2 |                       0 |   5000 |
| 2P:Ooty            |            2 |                       0 |   3000 |
| 2P:Kodaikanal      |            1 |                       1 |   5000 |
| 2P:MysuruLocalTour |            2 |                       0 |   4000 |
+--------------------+--------------+-------------------------+--------+
18 rows in set (0.01 sec)

mysql> select P_Name,count(P_ID) as PackageCount,Price=Price*(count(P_ID)),Profit from TripPackages right join Customer using(P_ID) group by P_ID;
+--------------------+--------------+---------------------------+--------+
| P_Name             | PackageCount | Price=Price*(count(P_ID)) | Profit |
+--------------------+--------------+---------------------------+--------+
| 4P:Dandeli         |            1 |                         1 |  20000 |
| 6P:Dandeli         |            1 |                         1 |  30000 |
| Honeymoon:Paris    |            2 |                         0 | 180000 |
| Honeymoon:Andaman  |            3 |                         0 | 110000 |
| Honeymoon:Bali     |            1 |                         1 | 190000 |
| Honeymoon:Maldives |            2 |                         0 | 160000 |
| Honeymoon:Monaco   |            3 |                         0 | 230000 |
| 2P:Manali          |            1 |                         1 |  10000 |
| 2P:Kedarnath       |            2 |                         0 |   9000 |
| 2P:Mumbai          |            1 |                         1 |  14000 |
| 2P:Delhi           |            2 |                         0 |  15000 |
| 10P:HimalayaTrek   |            2 |                         0 | 300000 |
| 2P:HimalayaTrek    |            2 |                         0 |  50000 |
| 2P:Goa             |            2 |                         0 |   4000 |
| 4P:Shirdi          |            2 |                         0 |   5000 |
| 2P:Ooty            |            2 |                         0 |   3000 |
| 2P:Kodaikanal      |            1 |                         1 |   5000 |
| 2P:MysuruLocalTour |            2 |                         0 |   4000 |
+--------------------+--------------+---------------------------+--------+
18 rows in set (0.00 sec)

mysql> select P_Name,count(P_ID) as PackageCount,Price=Price*5,Profit from TripPackages right join Customer using(P_ID) group by P_ID;
+--------------------+--------------+---------------+--------+
| P_Name             | PackageCount | Price=Price*5 | Profit |
+--------------------+--------------+---------------+--------+
| 4P:Dandeli         |            1 |             0 |  20000 |
| 6P:Dandeli         |            1 |             0 |  30000 |
| Honeymoon:Paris    |            2 |             0 | 180000 |
| Honeymoon:Andaman  |            3 |             0 | 110000 |
| Honeymoon:Bali     |            1 |             0 | 190000 |
| Honeymoon:Maldives |            2 |             0 | 160000 |
| Honeymoon:Monaco   |            3 |             0 | 230000 |
| 2P:Manali          |            1 |             0 |  10000 |
| 2P:Kedarnath       |            2 |             0 |   9000 |
| 2P:Mumbai          |            1 |             0 |  14000 |
| 2P:Delhi           |            2 |             0 |  15000 |
| 10P:HimalayaTrek   |            2 |             0 | 300000 |
| 2P:HimalayaTrek    |            2 |             0 |  50000 |
| 2P:Goa             |            2 |             0 |   4000 |
| 4P:Shirdi          |            2 |             0 |   5000 |
| 2P:Ooty            |            2 |             0 |   3000 |
| 2P:Kodaikanal      |            1 |             0 |   5000 |
| 2P:MysuruLocalTour |            2 |             0 |   4000 |
+--------------------+--------------+---------------+--------+
18 rows in set (0.01 sec)

mysql> select * from Profdisplay;
+--------------------+--------------+--------+--------+
| P_Name             | PackageCount | Price  | Profit |
+--------------------+--------------+--------+--------+
| 4P:Dandeli         |            1 |  60000 |  20000 |
| 6P:Dandeli         |            1 |  84000 |  30000 |
| Honeymoon:Paris    |            2 | 480000 | 180000 |
| Honeymoon:Andaman  |            3 | 300000 | 110000 |
| Honeymoon:Bali     |            1 | 400000 | 190000 |
| Honeymoon:Maldives |            2 | 340000 | 160000 |
| Honeymoon:Monaco   |            3 | 500000 | 230000 |
| 2P:Manali          |            1 |  50000 |  10000 |
| 2P:Kedarnath       |            2 |  40000 |   9000 |
| 2P:Mumbai          |            1 |  70000 |  14000 |
| 2P:Delhi           |            2 |  65000 |  15000 |
| 10P:HimalayaTrek   |            2 | 800000 | 300000 |
| 2P:HimalayaTrek    |            2 | 200000 |  50000 |
| 2P:Goa             |            2 |  18000 |   4000 |
| 4P:Shirdi          |            2 |  20000 |   5000 |
| 2P:Ooty            |            2 |  10000 |   3000 |
| 2P:Kodaikanal      |            1 |  16000 |   5000 |
| 2P:MysuruLocalTour |            2 |   8000 |   4000 |
+--------------------+--------------+--------+--------+
18 rows in set (0.01 sec)

mysql> show tables;
+-----------------------+
| Tables_in_psychmytrip |
+-----------------------+
| Customer              |
| Employee              |
| empsal                |
| Expenses              |
| officeexp             |
| Partners              |
| priceprofcount        |
| ProfCalculation       |
| profdisplay           |
| profitvsexp           |
| TripPackages          |
+-----------------------+
11 rows in set (0.02 sec)

mysql> drop table ProfCalculation;
Query OK, 0 rows affected (0.04 sec)

mysql> select * from priceprofcount;
+--------------------+-------------+--------+--------+
| P_Name             | count(P_ID) | Price  | Profit |
+--------------------+-------------+--------+--------+
| 4P:Dandeli         |           1 |  60000 |  20000 |
| 6P:Dandeli         |           1 |  84000 |  30000 |
| Honeymoon:Paris    |           2 | 480000 | 180000 |
| Honeymoon:Andaman  |           3 | 300000 | 110000 |
| Honeymoon:Bali     |           1 | 400000 | 190000 |
| Honeymoon:Maldives |           2 | 340000 | 160000 |
| Honeymoon:Monaco   |           3 | 500000 | 230000 |
| 2P:Manali          |           1 |  50000 |  10000 |
| 2P:Kedarnath       |           2 |  40000 |   9000 |
| 2P:Mumbai          |           1 |  70000 |  14000 |
| 2P:Delhi           |           2 |  65000 |  15000 |
| 10P:HimalayaTrek   |           2 | 800000 | 300000 |
| 2P:HimalayaTrek    |           2 | 200000 |  50000 |
| 2P:Goa             |           2 |  18000 |   4000 |
| 4P:Shirdi          |           2 |  20000 |   5000 |
| 2P:Ooty            |           2 |  10000 |   3000 |
| 2P:Kodaikanal      |           1 |  16000 |   5000 |
| 2P:MysuruLocalTour |           2 |   8000 |   4000 |
+--------------------+-------------+--------+--------+
18 rows in set (0.01 sec)

mysql> drop table priceprofcount;
ERROR 1051 (42S02): Unknown table 'psychmytrip.priceprofcount'
mysql> drop view priceprofcount;
Query OK, 0 rows affected (0.00 sec)

mysql> show tables;
+-----------------------+
| Tables_in_psychmytrip |
+-----------------------+
| Customer              |
| Employee              |
| empsal                |
| Expenses              |
| officeexp             |
| Partners              |
| profdisplay           |
| profitvsexp           |
| TripPackages          |
+-----------------------+
9 rows in set (0.02 sec)

mysql> select * from profitvsexp;
ERROR 1356 (HY000): View 'psychmytrip.profitvsexp' references invalid table(s) or column(s) or function(s) or definer/invoker of view lack rights to use them
mysql> select * from profitvsexp;
ERROR 1356 (HY000): View 'psychmytrip.profitvsexp' references invalid table(s) or column(s) or function(s) or definer/invoker of view lack rights to use them
mysql> drop view profitvsexp;
Query OK, 0 rows affected (0.01 sec)

mysql> show tables;
+-----------------------+
| Tables_in_psychmytrip |
+-----------------------+
| Customer              |
| Employee              |
| empsal                |
| Expenses              |
| officeexp             |
| Partners              |
| profdisplay           |
| TripPackages          |
+-----------------------+
8 rows in set (0.01 sec)

mysql> select * from empsal;
+----------------+
| Total_Sal_2020 |
+----------------+
|        1707030 |
+----------------+
1 row in set (0.01 sec)

mysql> select * from officeexp;
+----------------------+
| Total_OfficeExp_2020 |
+----------------------+
|               293799 |
+----------------------+
1 row in set (0.00 sec)

mysql> select * from Customer;
+---------+-------------+------+--------+
| Cust_No | Cust_Name   | P_ID | Emp_ID |
+---------+-------------+------+--------+
|       1 | Manjesh     |   16 |     12 |
|       2 | Yadava      |   18 |     11 |
|       3 | Kumar       |    7 |     10 |
|       4 | Joshi       |   14 |     12 |
|       5 | Nidhima     |    5 |     11 |
|       6 | Diya        |   12 |     10 |
|       7 | Eshaan      |   15 |     10 |
|       8 | Jitendra    |    2 |     11 |
|       9 | Madhushree  |   17 |     12 |
|      10 | Binod       |   11 |     10 |
|      11 | Vaishnavi   |   13 |     12 |
|      12 | Rakshith    |   13 |     11 |
|      13 | Hrishikesh  |    3 |     10 |
|      14 | Chandan     |    9 |     11 |
|      15 | Naveen      |    6 |     12 |
|      16 | Rajesh      |    1 |     10 |
|      17 | Sharath     |    6 |     11 |
|      18 | Pratima     |    7 |     12 |
|      19 | Raghavendra |   15 |     10 |
|      20 | Adeep       |   16 |     11 |
|      21 | Holla       |    4 |     12 |
|      22 | Amaan       |    7 |     10 |
|      23 | Arya        |    4 |     11 |
|      24 | Srushti     |   12 |     12 |
|      25 | Bhat        |   18 |     10 |
|      26 | Sindhu      |    8 |     11 |
|      27 | Bindu       |    9 |     12 |
|      28 | Mary        |   10 |     10 |
|      29 | Goku        |   11 |     11 |
|      30 | Vegeta      |   14 |     12 |
|      31 | Sujan       |    4 |     10 |
|      32 | Neha        |    3 |     11 |
+---------+-------------+------+--------+
32 rows in set (0.01 sec)

mysql> select * from trippackages;
+------+--------------------+------------------+----------------+--------+--------+
| P_ID | P_Name             | Destination      | Number_of_Days | Price  | Profit |
+------+--------------------+------------------+----------------+--------+--------+
|    1 | 4P:Dandeli         | Dandeli          |              5 |  60000 |  20000 |
|    2 | 6P:Dandeli         | Dandeli          |              5 |  84000 |  30000 |
|    3 | Honeymoon:Paris    | Paris            |              9 | 480000 | 180000 |
|    4 | Honeymoon:Andaman  | Andaman&Nicobar  |              9 | 300000 | 110000 |
|    5 | Honeymoon:Bali     | Bali             |              9 | 400000 | 190000 |
|    6 | Honeymoon:Maldives | Maldives         |              9 | 340000 | 160000 |
|    7 | Honeymoon:Monaco   | Monaco           |              9 | 500000 | 230000 |
|    8 | 2P:Manali          | Manali           |              6 |  50000 |  10000 |
|    9 | 2P:Kedarnath       | Kedarnath        |              5 |  40000 |   9000 |
|   10 | 2P:Mumbai          | Mumbai           |              5 |  70000 |  14000 |
|   11 | 2P:Delhi           | Delhi            |              5 |  65000 |  15000 |
|   12 | 10P:HimalayaTrek   | Himachal Pradesh |             10 | 800000 | 300000 |
|   13 | 2P:HimalayaTrek    | Himachal Pradesh |             10 | 200000 |  50000 |
|   14 | 2P:Goa             | Goa              |              6 |  18000 |   4000 |
|   15 | 4P:Shirdi          | Shirdi           |              4 |  20000 |   5000 |
|   16 | 2P:Ooty            | Ooty             |              3 |  10000 |   3000 |
|   17 | 2P:Kodaikanal      | Kodaikanal       |              4 |  16000 |   5000 |
|   18 | 2P:MysuruLocalTour | Mysuru           |              3 |   8000 |   4000 |
+------+--------------------+------------------+----------------+--------+--------+
18 rows in set (0.01 sec)

mysql> 
